[M9] LOCAL_DATA=data/full_local · MASTER_MANIFEST=data/full_local/full_local.json
  [run_probe_train] outputs/full/vjepa_2_1_vitg_1B/eval/full/probe_action/action_labels.json missing — auto-bootstrapping via m04e_action_labels.py (CPU, ~1 min)
[M1 Opt X] mode=full: subsampled 115,687/115,687 clips (100.00%)
  [motion-flow] magnitude quartiles: Q1=111.117  Q2=164.707  Q3=244.492
  [motion-flow] 14 classes: ['fast__downward', 'fast__upward', 'medium__downward', 'medium__leftward', 'medium__rightward', 'medium__upward', 'slow__downward', 'slow__leftward', 'slow__rightward', 'slow__upward', 'still__downward', 'still__leftward', 'still__rightward', 'still__upward']
  [motion-flow] kept 115626 clips, dropped 61 (dropped counts: {'fast__rightward': 44, 'fast__leftward': 17})
Loaded 115626 labeled clips from data/full_local/full_local.json (14 motion-flow classes)
[stratified_split] video-disjoint iter16+ mode: N_clips=115626, N_videos=1559, N_classes=14; train/val/test = 86770/5750/23106
  [class-edges] wrote outputs/full/vjepa_2_1_vitg_1B/eval/full/probe_action/class_edges.json (quartiles + 14 class_names) — reuse via --class-edges for cross-set eval
Wrote: outputs/full/vjepa_2_1_vitg_1B/eval/full/probe_action/action_labels.json  +  class_counts.json
═══ 09:04:11 · Generating train/val/test split JSONs ═══
Generated data/full_local/train_split.json: 86770 clips (split=train)
Generated data/full_local/val_split.json: 5750 clips (split=val)
Generated data/full_local/test_split.json: 23106 clips (split=test)
═══ 09:04:12 · Building leakage-safe train pool (universe=broad_manifest · ratio=1.0 [FULL]) ═══
  [clip_splits] universe=broad_manifest: 115687 − val(5750) − test(23106) = 86831 train clips (leakage-safe: val∪test excluded)
  [clip_splits] wrote 86831 train-pool keys → data/full_local/train_pool.json
  [multi-task] outputs/full/vjepa_2_1_vitg_1B/eval/full/probe_taxonomy/taxonomy_labels.json missing — auto-generating via m04f_taxonomy_labels.py
  derived labels for 115687/115687 clips (0 skipped — no tag record)
Wrote: outputs/full/vjepa_2_1_vitg_1B/eval/full/probe_taxonomy/taxonomy_labels.json  (15 dims, 115687 labeled clips)
  [multi-task] Using taxonomy labels: outputs/full/vjepa_2_1_vitg_1B/eval/full/probe_taxonomy/taxonomy_labels.json
═══ 09:04:20 · m09a continual SSL pretrain_encoder (FULL) ═══
  config:    configs/train/pretrain_encoder.yaml
  subset:    data/full_local/train_pool.json  (leakage-safe: universe − val − test)
  val:       data/full_local/val_split.json
  local:     data/full_local
  output:    outputs/full/vjepa_2_1_vitg_1B/train/m09a_pretrain_encoder
  lambda:    0.0 (read from yaml; bypasses auto-ablation gate)
[live-debug] installed — pid=365000. Force a stack dump anytime via:
[live-debug]   kill -USR1 365000   # signal-safe native dump
[live-debug]   kill -USR2 365000   # Python dump with banner
  [train-frame-cache] ON → data/full_local/m12_frame_cache (min_free=200G) — deterministic decode memoized; shared across epochs/stages/arms/evals
GPU: NVIDIA RTX PRO 6000 Blackwell Workstation Edition
CUDA version: 13.0
[m09a1] cgroup envelope:
[m09a1]   memory: 64.2 GB / 127.6 GB (50%)
[m09a1]   pids:   596 / 7680 (8%)
[m09a1]-oom-watchdog started (warn=80%, crit=90%, imminent=97%, interval=10s)
  [probe_labels Opt X] mode=full: subsampled 115,687/115,687 clips (100.00%)
  [probe_labels] generating /workspace/factorjepa/outputs/full/probe_action/action_labels.json  (eval_subset=full_local.json, min_clips_per_class=100, min_per_split=5)
  [motion-flow] magnitude quartiles: Q1=111.117  Q2=164.707  Q3=244.492
  [motion-flow] 14 classes: ['fast__downward', 'fast__upward', 'medium__downward', 'medium__leftward', 'medium__rightward', 'medium__upward', 'slow__downward', 'slow__leftward', 'slow__rightward', 'slow__upward', 'still__downward', 'still__leftward', 'still__rightward', 'still__upward']
  [motion-flow] kept 115626 clips, dropped 61 (dropped counts: {'fast__rightward': 44, 'fast__leftward': 17})
[stratified_split] video-disjoint iter16+ mode: N_clips=115626, N_videos=1559, N_classes=14; train/val/test = 86770/5750/23106
  [probe_labels] wrote /workspace/factorjepa/outputs/full/probe_action/action_labels.json: 115626 records · 14 classes
  [probe_labels] missing: /workspace/factorjepa/outputs/full/probe_taxonomy/taxonomy_labels.json — auto-generating via m04f_taxonomy_labels.py (CPU, ~30 s)
  derived labels for 115687/115687 clips (0 skipped — no tag record)
Wrote: /workspace/factorjepa/outputs/full/probe_taxonomy/taxonomy_labels.json  (15 dims, 115687 labeled clips)
  [cache-policy=2/recompute] WIPING output_dir (m09a_pretrain_encoder): outputs/full/vjepa_2_1_vitg_1B/train/m09a_pretrain_encoder (0 file(s))
  [cache-policy=2/recompute] output_dir (m09a_pretrain_encoder) recreated empty: outputs/full/vjepa_2_1_vitg_1B/train/m09a_pretrain_encoder

=== Building Model ===
/workspace/factorjepa/venv_walkindia/lib/python3.12/site-packages/timm/models/layers/__init__.py:49: FutureWarning: Importing from timm.models.layers is deprecated, please import via timm.layers
  warnings.warn(f"Importing from {__name__} is deprecated, please import via timm.layers", FutureWarning)
Loading pretrained weights from /workspace/factorjepa/checkpoints/vjepa2_1_vitg_384.pt
Student loaded: 1,012,185,216 params (492/492 keys = 100%)
  layer_freeze: blocks [0, 20) frozen + [20, 40) trainable + norms always trainable. Trainable params: 505,130,240/1,012,185,216 = 49.9%
Teacher created (deepcopy of student, hierarchical output enabled)
Predictor loaded from checkpoint (300/300 keys = 100%)
Predictor: 55,397,632 params
  [motion_aux] enabled: 14 classes, 23-D vec, 115,626 clips with targets, 370,725 head params, weight_motion=0.1, weight_ce=1.0, weight_mse=1.0
Mask generators: 2 (blocks: [8, 2])
[POC] Loaded subset: 86,831 clip keys from train_pool.json
[VAL] Loaded val subset: 5,750 clips from val_split.json
Train clips: 86,831 | Val clips: 5,750
Epochs: 1 | Steps/epoch: 2,713 | Total steps: 2,713
Checkpoint every 301 steps (9x/epoch, keep last 5)
Validation every 301 steps (9x/epoch, 5750 val clips)
  Optimizer: AdamW (fp32, vanilla — SPD off) — 630 param groups

Collecting 5750 val clips into memory...

[m09a1]-oom-watchdog ⚠️  warn: memory 103.1 GB / 127.6 GB (80.8%) — approaching cgroup cap

[m09a1]-oom-watchdog 🚨 CRITICAL: memory 115.9 GB / 127.6 GB (90.8%) — reduce decode_workers / producer_queue in pipeline.yaml NOW

[m09a1]-oom-watchdog 🔥 IMMINENT SIGKILL: memory 124.1 GB / 127.6 GB (97.2%) — kernel may SIGKILL any moment
./scripts/run_train.sh: line 277: 365000 Killed                  python -u src/m09a1_pretrain_encoder.py "${MODE_FLAG}" --model-config "$MODEL_CFG" --train-config "$TRAIN_CFG" --subset "$TRAIN_POOL" --local-data "$LOCAL_DATA" --val-subset "$VAL_SPLIT" --val-local-data "$LOCAL_DATA" --output-dir "$OUT_DIR" --cache-policy "$P_M09" --lambda-reg "$LAMBDA_REG" $EPOCHS_OVERRIDE_FLAG --probe-subset "$VAL_SPLIT" --probe-local-data "$LOCAL_DATA" --probe-tags "${LOCAL_DATA}/tags.json" --probe-action-labels "${LABEL_ACTION_ROOT}/action_labels.json" --motion-features-path "${LOCAL_DATA}/m04d_motion_features/motion_features.npy" "${TAXONOMY_ARGS[@]}" --no-wandb 2>&1
     365001 Done                    | tee "logs/m09a_${SUBCMD}_${mode_dir}.log"

❌ FATAL: run_train.sh aborted at line 336 (exit=137)
