  [--skip-arms] dropped ['cassle_encoder', 'ewc_encoder', 'surgery_3stage_DI_head', 'surgery_3stage_DI_replay25_encoder', 'surgery_3stage_DI_tccaux_encoder', 'surgery_noDI_encoder', 'surgery_noDI_head', 'surgical_3stage_DI_wiseft_encoder'] (train+eval+8b/8c-metrics) — §3 finale will cover the remaining encoders only
  [disk-preflight] free=460G · required≈30G
  [cpu-preflight] 128 cores ≥ ~24 (gpus×6) — OK
  [cpuset] GPU slots pinned: GPU0→0..79(32t) · GPU1→16..95(32t) · GPU2→32..111(32t) · GPU3→48..127(32t)
═══ iter18 N-GPU scheduler · mode=SANITY · backbone=vjepa_2_1_vitg · gpus=4 · cache=2 · 167 jobs (13 train + 154 eval) ═══
[11:18:17] GPU0 ◀ T:vjepa_2_1_vitg:pretrain_encoder  → logs/iter18_ngpu_sanity_train_pretrain_encoder_20260623_111817.log
[11:18:17] GPU1 ◀ E:vjepa_2_1_vitg_frozen  → logs/iter18_ngpu_sanity_eval_vjepa_2_1_vitg_frozen_20260623_111817.log
[11:18:17] GPU2 ◀ P:vjepa_2_1_vitg_frozen:rollout  → logs/iter18_ngpu_sanity_pt_vjepa_2_1_vitg_frozen_rollout_20260623_111817.log
[11:18:17] GPU3 ◀ P:vjepa_2_1_vitg_frozen:causal  → logs/iter18_ngpu_sanity_pt_vjepa_2_1_vitg_frozen_causal_20260623_111817.log
[11:18:27] GPU2 ✓ P:vjepa_2_1_vitg_frozen:rollout  (1/167 done)
[11:18:27] GPU3 ✓ P:vjepa_2_1_vitg_frozen:causal  (2/167 done)
[11:18:37] GPU2 ◀ P:vjepa_2_1_vitg_frozen:tdist  → logs/iter18_ngpu_sanity_pt_vjepa_2_1_vitg_frozen_tdist_20260623_111837.log
[11:18:37] GPU3 ◀ P:vjepa_2_1_vitg_frozen:teacher_free  → logs/iter18_ngpu_sanity_pt_vjepa_2_1_vitg_frozen_teacher_free_20260623_111837.log
[11:18:47] GPU2 ✓ P:vjepa_2_1_vitg_frozen:tdist  (3/167 done)
[11:18:47] GPU3 ✓ P:vjepa_2_1_vitg_frozen:teacher_free  (4/167 done)
[11:18:57] GPU2 ◀ P:vjepa_2_1_vitg_frozen:maskratio  → logs/iter18_ngpu_sanity_pt_vjepa_2_1_vitg_frozen_maskratio_20260623_111857.log
[11:18:57] GPU3 ◀ P:vjepa_2_1_vitg_frozen:order  → logs/iter18_ngpu_sanity_pt_vjepa_2_1_vitg_frozen_order_20260623_111857.log
[11:19:07] GPU2 ✓ P:vjepa_2_1_vitg_frozen:maskratio  (5/167 done)
[11:19:07] GPU3 ✓ P:vjepa_2_1_vitg_frozen:order  (6/167 done)
[11:19:17] GPU2 ◀ F:vjepa_2_1_vitg_frozen:aot  → logs/iter18_ngpu_sanity_et_vjepa_2_1_vitg_frozen_aot_20260623_111917.log
[11:19:17] GPU3 ◀ F:vjepa_2_1_vitg_frozen:tov  → logs/iter18_ngpu_sanity_et_vjepa_2_1_vitg_frozen_tov_20260623_111917.log
[11:19:57] GPU2 ✓ F:vjepa_2_1_vitg_frozen:aot  (7/167 done)
[11:20:07] GPU2 ◀ F:vjepa_2_1_vitg_frozen:pace  → logs/iter18_ngpu_sanity_et_vjepa_2_1_vitg_frozen_pace_20260623_112007.log
[11:20:17] GPU3 ✓ F:vjepa_2_1_vitg_frozen:tov  (8/167 done)
[11:20:27] GPU3 ◀ F:vjepa_2_1_vitg_frozen:tcc  → logs/iter18_ngpu_sanity_et_vjepa_2_1_vitg_frozen_tcc_20260623_112027.log
[11:20:57] GPU3 ✓ F:vjepa_2_1_vitg_frozen:tcc  (9/167 done)
[11:21:07] GPU1 ✓ E:vjepa_2_1_vitg_frozen  (10/167 done)
[11:21:47] GPU0 ✓ T:vjepa_2_1_vitg:pretrain_encoder  (11/167 done)
[11:21:57] GPU3 ◀ T:vjepa_2_1_vitg:surgery_3stage_DI_encoder  → logs/iter18_ngpu_sanity_train_surgery_3stage_DI_encoder_20260623_112157.log
[11:21:57] GPU1 ◀ T:vjepa_2_1_vitg:surgical_autorgn_encoder  → logs/iter18_ngpu_sanity_train_surgical_autorgn_encoder_20260623_112157.log
[11:21:57] GPU0 ◀ T:vjepa_2_1_vitg:surgery_raw_encoder  → logs/iter18_ngpu_sanity_train_surgery_raw_encoder_20260623_112157.log
[11:22:37] GPU2 ✓ F:vjepa_2_1_vitg_frozen:pace  (12/167 done)
[11:22:47] GPU2 ◀ T:vjepa_2_1_vitg:full_ft_encoder  → logs/iter18_ngpu_sanity_train_full_ft_encoder_20260623_112247.log
[11:25:17] GPU1 ✓ T:vjepa_2_1_vitg:surgical_autorgn_encoder  (13/167 done)
[11:25:17] GPU2 ✓ T:vjepa_2_1_vitg:full_ft_encoder  (14/167 done)
[11:25:27] GPU1 ◀ T:vjepa_2_1_vitg:lpft_encoder  → logs/iter18_ngpu_sanity_train_lpft_encoder_20260623_112527.log
[11:25:27] GPU2 ◀ T:vjepa_2_1_vitg:peft_lora_encoder  → logs/iter18_ngpu_sanity_train_peft_lora_encoder_20260623_112527.log
[11:25:57] GPU0 ✓ T:vjepa_2_1_vitg:surgery_raw_encoder  (15/167 done)
[11:26:07] GPU0 ◀ T:vjepa_2_1_vitg:peft_dora_encoder  → logs/iter18_ngpu_sanity_train_peft_dora_encoder_20260623_112607.log
[11:28:07] GPU2 ✓ T:vjepa_2_1_vitg:peft_lora_encoder  (16/167 done)
[11:28:17] GPU2 ◀ T:vjepa_2_1_vitg:surgery_3stage_DI_diheavy_encoder  → logs/iter18_ngpu_sanity_train_surgery_3stage_DI_diheavy_encoder_20260623_112817.log
[11:28:47] GPU1 ✓ T:vjepa_2_1_vitg:lpft_encoder  (17/167 done)
[11:28:57] GPU1 ◀ T:vjepa_2_1_vitg:surgery_3stage_DI_intervene_encoder  → logs/iter18_ngpu_sanity_train_surgery_3stage_DI_intervene_encoder_20260623_112857.log
[11:29:07] GPU3 ✓ T:vjepa_2_1_vitg:surgery_3stage_DI_encoder  (18/167 done)
[11:29:17] GPU3 ◀ E:vjepa_2_1_vitg_pretrain_encoder  → logs/iter18_ngpu_sanity_eval_vjepa_2_1_vitg_pretrain_encoder_20260623_112917.log
[11:29:17] GPU0 ✓ T:vjepa_2_1_vitg:peft_dora_encoder  (19/167 done)
[11:29:27] GPU0 ◀ P:vjepa_2_1_vitg_pretrain_encoder:rollout  → logs/iter18_ngpu_sanity_pt_vjepa_2_1_vitg_pretrain_encoder_rollout_20260623_112927.log
[11:29:57] GPU0 ✓ P:vjepa_2_1_vitg_pretrain_encoder:rollout  (20/167 done)
[11:30:07] GPU0 ◀ P:vjepa_2_1_vitg_pretrain_encoder:causal  → logs/iter18_ngpu_sanity_pt_vjepa_2_1_vitg_pretrain_encoder_causal_20260623_113007.log
[11:30:37] GPU0 ✓ P:vjepa_2_1_vitg_pretrain_encoder:causal  (21/167 done)
[11:30:47] GPU0 ◀ P:vjepa_2_1_vitg_pretrain_encoder:tdist  → logs/iter18_ngpu_sanity_pt_vjepa_2_1_vitg_pretrain_encoder_tdist_20260623_113047.log
[11:31:17] GPU0 ✓ P:vjepa_2_1_vitg_pretrain_encoder:tdist  (22/167 done)
[11:31:27] GPU0 ◀ P:vjepa_2_1_vitg_pretrain_encoder:teacher_free  → logs/iter18_ngpu_sanity_pt_vjepa_2_1_vitg_pretrain_encoder_teacher_free_20260623_113127.log
[11:32:07] GPU0 ✓ P:vjepa_2_1_vitg_pretrain_encoder:teacher_free  (23/167 done)
[11:32:17] GPU0 ◀ P:vjepa_2_1_vitg_pretrain_encoder:maskratio  → logs/iter18_ngpu_sanity_pt_vjepa_2_1_vitg_pretrain_encoder_maskratio_20260623_113217.log
[11:32:27] GPU3 ✓ E:vjepa_2_1_vitg_pretrain_encoder  (24/167 done)
[11:32:37] GPU3 ◀ P:vjepa_2_1_vitg_pretrain_encoder:order  → logs/iter18_ngpu_sanity_pt_vjepa_2_1_vitg_pretrain_encoder_order_20260623_113237.log
[11:32:47] GPU0 ✓ P:vjepa_2_1_vitg_pretrain_encoder:maskratio  (25/167 done)
[11:32:57] GPU0 ◀ F:vjepa_2_1_vitg_pretrain_encoder:aot  → logs/iter18_ngpu_sanity_et_vjepa_2_1_vitg_pretrain_encoder_aot_20260623_113257.log
[11:33:07] GPU3 ✓ P:vjepa_2_1_vitg_pretrain_encoder:order  (26/167 done)
[11:33:17] GPU3 ◀ F:vjepa_2_1_vitg_pretrain_encoder:tov  → logs/iter18_ngpu_sanity_et_vjepa_2_1_vitg_pretrain_encoder_tov_20260623_113317.log
[11:33:37] GPU0 ✓ F:vjepa_2_1_vitg_pretrain_encoder:aot  (27/167 done)
[11:33:47] GPU0 ◀ F:vjepa_2_1_vitg_pretrain_encoder:pace  → logs/iter18_ngpu_sanity_et_vjepa_2_1_vitg_pretrain_encoder_pace_20260623_113347.log
[11:34:17] GPU3 ✓ F:vjepa_2_1_vitg_pretrain_encoder:tov  (28/167 done)
[11:34:27] GPU3 ◀ F:vjepa_2_1_vitg_pretrain_encoder:tcc  → logs/iter18_ngpu_sanity_et_vjepa_2_1_vitg_pretrain_encoder_tcc_20260623_113427.log
[11:34:27] GPU1 ✓ T:vjepa_2_1_vitg:surgery_3stage_DI_intervene_encoder  (29/167 done)
[11:34:37] GPU1 ◀ T:vjepa_2_1_vitg:surgical_intervene_wiseft_f30_encoder  → logs/iter18_ngpu_sanity_merge_surgical_intervene_wiseft_f30_encoder_20260623_113437.log
[11:34:47] GPU0 ✓ F:vjepa_2_1_vitg_pretrain_encoder:pace  (30/167 done)
[11:34:57] GPU0 ◀ T:vjepa_2_1_vitg:surgical_intervene_wiseft_f50_encoder  → logs/iter18_ngpu_sanity_merge_surgical_intervene_wiseft_f50_encoder_20260623_113457.log
[11:34:57] GPU2 ✓ T:vjepa_2_1_vitg:surgery_3stage_DI_diheavy_encoder  (31/167 done)
[11:34:57] GPU3 ✓ F:vjepa_2_1_vitg_pretrain_encoder:tcc  (32/167 done)
[11:34:57] GPU1 ✗ T:vjepa_2_1_vitg:surgical_intervene_wiseft_f30_encoder rc=1 — see its log
  ⛔ FAIL-FAST: T:vjepa_2_1_vitg:surgical_intervene_wiseft_f30_encoder failed (rc=1) — SIGTERM 1 still-running job(s) + aborting the run
═══ ⛔ FAIL-FAST ABORT after 0.3h · T:vjepa_2_1_vitg:surgical_intervene_wiseft_f30_encoder failed (rc=1) · 32 job(s) done before the abort · §3 finale NOT run ═══
  ✗ first failure: T:vjepa_2_1_vitg:surgical_intervene_wiseft_f30_encoder — read its per-job log (named on its GPU ◀ line above).
  Fix the cause, then re-run with --cache 1 to keep the 32 completed job(s).
