  [encoders] source = --encoders CLI flag
  ✓ eval frame cache:     data/eval_10k_local/m12_frame_cache (min free 80 GB)

═══ 10:57:41 · PRE-FLIGHT ═══
-rw-rw-r-- 1 root root 29G Jun 23 10:34 checkpoints/vjepa2_1_vitG_384.pt
✓ ckpt present
  ✓ mode:                 SANITY
  ✓ eval_subset:          data/eval_10k_local/eval_10k.json
  ✓ local_data:           data/eval_10k_local
  ✓ encoder_ckpt:         checkpoints/vjepa2_1_vitG_384.pt  (29G)
  ✓ motion_features:      data/eval_10k_local/m04d_motion_features/motion_features.npy  (836K)
  ✓ min_clips_per_class:  3
  ✓ min_per_split:        1
  ✓ encoders:             vjepa_2_1_vitg_frozen
  ✓ skip_stages:          2,3,11,5,6,8,8c,1,4,12,13,7,9,9b,9c,10
  ✓ cache_policy:         2
  ✓ eval_prefix:          outputs/sanity/vjepa_2_1_vitg_1B/eval/eval_10k  (corpus=eval_10k · backbone=vjepa_2_1_vitg)
  ✓ train_root:           outputs/sanity/vjepa_2_1_vitg_1B/train

──────────────────────────────────────────────
run_probe cache-policy gather (UPFRONT — one prompt per module)
──────────────────────────────────────────────
  probe_action: cache at outputs/sanity/vjepa_2_1_vitg_1B/eval/eval_10k/probe_action/action_labels.json → policy=2 (CACHE_POLICY_ALL)
  → ACTION=2  COS=1  MSE=1

──────────────────────────────────────────────
P2/P3 trainer-output pre-flight
──────────────────────────────────────────────
  ✓ vjepa_2_1_vitg_frozen: external/HF frozen (no trainer needed)
  → final ENCODERS: vjepa_2_1_vitg_frozen

──────────────────────────────────────────────
Stage 8 predictor-ckpt pre-flight
──────────────────────────────────────────────
  ✓ vjepa_2_1_vitg_frozen: checkpoints/vjepa2_1_vitg_384.pt
  → Stage 8 ENCODERS: vjepa_2_1_vitg_frozen

──────────────────────────────────────────────
motion_aux_head pre-flight (head-vs-encoder paired-Δ readiness)
──────────────────────────────────────────────
  ✓ vjepa_2_1_vitg_frozen: external frozen (no head — encoder-only path)
  → head-augmented eval ENCODERS: <none>
  → final ENCODERS after head preflight: vjepa_2_1_vitg_frozen

──────────────────────────────────────────────
Pre-eval pretrain_encoder-cleanup (drop _latest.pt resume anchors)
──────────────────────────────────────────────

═══ 10:57:41 · PER-ENCODER pipeline (Stages 2/3/3.5/5/6/8/8b/8c) — xxxxxxxxxxxxxxxxxxxxx encoders sequentially ═══

════════════════════════════════════════════════════════════════
ENCODER: vjepa_2_1_vitg_frozen  (Stages 2/3/5/6/8)
════════════════════════════════════════════════════════════════
  [cleanup_lazy] dir not found, nothing to clean: outputs/sanity/vjepa_2_1_vitg_1B/eval/eval_10k/probe_action/vjepa_2_1_vitg_frozen

═══ 10:57:44 ·   STAGE 8b · predictor_temporal (metric=causal) for vjepa_2_1_vitg_frozen ═══
GPU: NVIDIA RTX PRO 6000 Blackwell Workstation Edition
CUDA version: 13.0
[m12e_predictor_temporal] cgroup envelope:
[m12e_predictor_temporal]   memory: 468.6 GB / 1026.1 GB (46%)
[m12e_predictor_temporal]   pids:   878 / 15616 (6%)
[m12e_predictor_temporal]-oom-watchdog started (warn=80%, crit=90%, imminent=97%, interval=10s)
Forward ['causal'] on 20 test clips, variant=vjepa_2_1_vitg_frozen
  h-memoization (PT_H_MEMO): OFF — recomputed each call (legacy)
/workspace/factorjepa/venv_walkindia/lib/python3.12/site-packages/timm/models/layers/__init__.py:49: FutureWarning: Importing from timm.models.layers is deprecated, please import via timm.layers
  warnings.warn(f"Importing from {__name__} is deprecated, please import via timm.layers", FutureWarning)
