  [--skip-arms] dropped ['cassle_encoder', 'ewc_encoder', 'surgery_3stage_DI_head', 'surgery_3stage_DI_replay25_encoder', 'surgery_3stage_DI_tccaux_encoder', 'surgery_noDI_encoder', 'surgery_noDI_head', 'surgical_3stage_DI_wiseft_encoder'] (train+eval+8b/8c-metrics) — §3 finale will cover the remaining encoders only
  [disk-preflight] free=377G · required≈30G
  [cpu-preflight] 128 cores ≥ ~24 (gpus×6) — OK
  [resume --cache 1] skipping 10 already-trained arms: ['full_ft_encoder', 'lpft_encoder', 'peft_dora_encoder', 'peft_lora_encoder', 'pretrain_encoder', 'surgery_3stage_DI_diheavy_encoder', 'surgery_3stage_DI_encoder', 'surgery_3stage_DI_intervene_encoder', 'surgery_raw_encoder', 'surgical_autorgn_encoder']
  [resume --cache 1] skipping 12 already-done Stage-8b metric jobs
  [resume --cache 1] skipping 8 already-done Stage-8c metric jobs
  [cpuset] GPU slots pinned: GPU0→0..79(32t) · GPU1→16..95(32t) · GPU2→32..111(32t) · GPU3→48..127(32t)
═══ iter18 N-GPU scheduler · mode=SANITY · backbone=vjepa_2_1_vitg · gpus=4 · cache=1 · 167 jobs (13 train + 154 eval) ═══
[11:43:22] GPU0 ◀ T:vjepa_2_1_vitg:surgical_intervene_wiseft_f30_encoder  → logs/iter18_ngpu_sanity_merge_surgical_intervene_wiseft_f30_encoder_20260623_114322.log
[11:43:22] GPU1 ◀ T:vjepa_2_1_vitg:surgical_intervene_wiseft_f50_encoder  → logs/iter18_ngpu_sanity_merge_surgical_intervene_wiseft_f50_encoder_20260623_114322.log
[11:43:22] GPU2 ◀ T:vjepa_2_1_vitg:surgical_intervene_wiseft_f70_encoder  → logs/iter18_ngpu_sanity_merge_surgical_intervene_wiseft_f70_encoder_20260623_114322.log
[11:43:22] GPU3 ◀ E:vjepa_2_1_vitg_frozen  → logs/iter18_ngpu_sanity_eval_vjepa_2_1_vitg_frozen_20260623_114322.log
[11:43:42] GPU0 ✓ T:vjepa_2_1_vitg:surgical_intervene_wiseft_f30_encoder  (31/167 done)
[11:43:42] GPU1 ✓ T:vjepa_2_1_vitg:surgical_intervene_wiseft_f50_encoder  (32/167 done)
[11:43:52] GPU0 ◀ E:vjepa_2_1_vitg_pretrain_encoder  → logs/iter18_ngpu_sanity_eval_vjepa_2_1_vitg_pretrain_encoder_20260623_114352.log
[11:43:52] GPU1 ◀ E:vjepa_2_1_vitg_surgical_3stage_DI_encoder  → logs/iter18_ngpu_sanity_eval_vjepa_2_1_vitg_surgical_3stage_DI_encoder_20260623_114352.log
[11:43:52] GPU2 ✓ T:vjepa_2_1_vitg:surgical_intervene_wiseft_f70_encoder  (33/167 done)
[11:44:02] GPU2 ◀ P:vjepa_2_1_vitg_surgical_3stage_DI_encoder:rollout  → logs/iter18_ngpu_sanity_pt_vjepa_2_1_vitg_surgical_3stage_DI_encoder_rollout_20260623_114402.log
[11:44:12] GPU3 ✓ E:vjepa_2_1_vitg_frozen  (34/167 done)
[11:44:22] GPU3 ◀ P:vjepa_2_1_vitg_surgical_3stage_DI_encoder:causal  → logs/iter18_ngpu_sanity_pt_vjepa_2_1_vitg_surgical_3stage_DI_encoder_causal_20260623_114422.log
[11:44:32] GPU0 ✓ E:vjepa_2_1_vitg_pretrain_encoder  (35/167 done)
[11:44:32] GPU2 ✓ P:vjepa_2_1_vitg_surgical_3stage_DI_encoder:rollout  (36/167 done)
[11:44:42] GPU0 ◀ P:vjepa_2_1_vitg_surgical_3stage_DI_encoder:tdist  → logs/iter18_ngpu_sanity_pt_vjepa_2_1_vitg_surgical_3stage_DI_encoder_tdist_20260623_114442.log
[11:44:42] GPU2 ◀ P:vjepa_2_1_vitg_surgical_3stage_DI_encoder:teacher_free  → logs/iter18_ngpu_sanity_pt_vjepa_2_1_vitg_surgical_3stage_DI_encoder_teacher_free_20260623_114442.log
[11:44:52] GPU3 ✓ P:vjepa_2_1_vitg_surgical_3stage_DI_encoder:causal  (37/167 done)
[11:45:02] GPU3 ◀ P:vjepa_2_1_vitg_surgical_3stage_DI_encoder:maskratio  → logs/iter18_ngpu_sanity_pt_vjepa_2_1_vitg_surgical_3stage_DI_encoder_maskratio_20260623_114502.log
[11:45:22] GPU0 ✓ P:vjepa_2_1_vitg_surgical_3stage_DI_encoder:tdist  (38/167 done)
[11:45:22] GPU2 ✓ P:vjepa_2_1_vitg_surgical_3stage_DI_encoder:teacher_free  (39/167 done)
[11:45:32] GPU0 ◀ P:vjepa_2_1_vitg_surgical_3stage_DI_encoder:order  → logs/iter18_ngpu_sanity_pt_vjepa_2_1_vitg_surgical_3stage_DI_encoder_order_20260623_114532.log
[11:45:32] GPU2 ◀ F:vjepa_2_1_vitg_surgical_3stage_DI_encoder:aot  → logs/iter18_ngpu_sanity_et_vjepa_2_1_vitg_surgical_3stage_DI_encoder_aot_20260623_114532.log
[11:45:42] GPU3 ✓ P:vjepa_2_1_vitg_surgical_3stage_DI_encoder:maskratio  (40/167 done)
[11:45:52] GPU3 ◀ F:vjepa_2_1_vitg_surgical_3stage_DI_encoder:tov  → logs/iter18_ngpu_sanity_et_vjepa_2_1_vitg_surgical_3stage_DI_encoder_tov_20260623_114552.log
[11:46:13] GPU0 ✓ P:vjepa_2_1_vitg_surgical_3stage_DI_encoder:order  (41/167 done)
[11:46:23] GPU0 ◀ F:vjepa_2_1_vitg_surgical_3stage_DI_encoder:pace  → logs/iter18_ngpu_sanity_et_vjepa_2_1_vitg_surgical_3stage_DI_encoder_pace_20260623_114623.log
[11:46:23] GPU2 ✓ F:vjepa_2_1_vitg_surgical_3stage_DI_encoder:aot  (42/167 done)
[11:46:33] GPU2 ◀ F:vjepa_2_1_vitg_surgical_3stage_DI_encoder:tcc  → logs/iter18_ngpu_sanity_et_vjepa_2_1_vitg_surgical_3stage_DI_encoder_tcc_20260623_114633.log
[11:46:33] GPU1 ✓ E:vjepa_2_1_vitg_surgical_3stage_DI_encoder  (43/167 done)
[11:46:43] GPU1 ◀ E:vjepa_2_1_vitg_surgical_autorgn_encoder  → logs/iter18_ngpu_sanity_eval_vjepa_2_1_vitg_surgical_autorgn_encoder_20260623_114643.log
[11:46:53] GPU3 ✓ F:vjepa_2_1_vitg_surgical_3stage_DI_encoder:tov  (44/167 done)
[11:47:03] GPU3 ◀ P:vjepa_2_1_vitg_surgical_autorgn_encoder:rollout  → logs/iter18_ngpu_sanity_pt_vjepa_2_1_vitg_surgical_autorgn_encoder_rollout_20260623_114703.log
[11:47:03] GPU2 ✓ F:vjepa_2_1_vitg_surgical_3stage_DI_encoder:tcc  (45/167 done)
[11:47:13] GPU2 ◀ P:vjepa_2_1_vitg_surgical_autorgn_encoder:causal  → logs/iter18_ngpu_sanity_pt_vjepa_2_1_vitg_surgical_autorgn_encoder_causal_20260623_114713.log
[11:47:33] GPU0 ✓ F:vjepa_2_1_vitg_surgical_3stage_DI_encoder:pace  (46/167 done)
[11:47:33] GPU3 ✓ P:vjepa_2_1_vitg_surgical_autorgn_encoder:rollout  (47/167 done)
[11:47:43] GPU0 ◀ P:vjepa_2_1_vitg_surgical_autorgn_encoder:tdist  → logs/iter18_ngpu_sanity_pt_vjepa_2_1_vitg_surgical_autorgn_encoder_tdist_20260623_114743.log
[11:47:43] GPU3 ◀ P:vjepa_2_1_vitg_surgical_autorgn_encoder:teacher_free  → logs/iter18_ngpu_sanity_pt_vjepa_2_1_vitg_surgical_autorgn_encoder_teacher_free_20260623_114743.log
[11:47:43] GPU2 ✓ P:vjepa_2_1_vitg_surgical_autorgn_encoder:causal  (48/167 done)
[11:47:53] GPU2 ◀ P:vjepa_2_1_vitg_surgical_autorgn_encoder:maskratio  → logs/iter18_ngpu_sanity_pt_vjepa_2_1_vitg_surgical_autorgn_encoder_maskratio_20260623_114753.log
[11:48:13] GPU0 ✓ P:vjepa_2_1_vitg_surgical_autorgn_encoder:tdist  (49/167 done)
[11:48:23] GPU0 ◀ P:vjepa_2_1_vitg_surgical_autorgn_encoder:order  → logs/iter18_ngpu_sanity_pt_vjepa_2_1_vitg_surgical_autorgn_encoder_order_20260623_114823.log
[11:48:23] GPU3 ✓ P:vjepa_2_1_vitg_surgical_autorgn_encoder:teacher_free  (50/167 done)
[11:48:33] GPU3 ◀ F:vjepa_2_1_vitg_surgical_autorgn_encoder:aot  → logs/iter18_ngpu_sanity_et_vjepa_2_1_vitg_surgical_autorgn_encoder_aot_20260623_114833.log
[11:48:33] GPU2 ✓ P:vjepa_2_1_vitg_surgical_autorgn_encoder:maskratio  (51/167 done)
[11:48:43] GPU2 ◀ F:vjepa_2_1_vitg_surgical_autorgn_encoder:tov  → logs/iter18_ngpu_sanity_et_vjepa_2_1_vitg_surgical_autorgn_encoder_tov_20260623_114843.log
[11:48:53] GPU0 ✓ P:vjepa_2_1_vitg_surgical_autorgn_encoder:order  (52/167 done)
[11:49:03] GPU0 ◀ F:vjepa_2_1_vitg_surgical_autorgn_encoder:pace  → logs/iter18_ngpu_sanity_et_vjepa_2_1_vitg_surgical_autorgn_encoder_pace_20260623_114903.log
[11:49:13] GPU1 ✓ E:vjepa_2_1_vitg_surgical_autorgn_encoder  (53/167 done)
[11:49:13] GPU3 ✓ F:vjepa_2_1_vitg_surgical_autorgn_encoder:aot  (54/167 done)
[11:49:23] GPU1 ◀ F:vjepa_2_1_vitg_surgical_autorgn_encoder:tcc  → logs/iter18_ngpu_sanity_et_vjepa_2_1_vitg_surgical_autorgn_encoder_tcc_20260623_114923.log
[11:49:23] GPU3 ◀ E:vjepa_2_1_vitg_surgery_raw_encoder  → logs/iter18_ngpu_sanity_eval_vjepa_2_1_vitg_surgery_raw_encoder_20260623_114923.log
[11:49:43] GPU2 ✓ F:vjepa_2_1_vitg_surgical_autorgn_encoder:tov  (55/167 done)
[11:49:53] GPU2 ◀ P:vjepa_2_1_vitg_surgery_raw_encoder:rollout  → logs/iter18_ngpu_sanity_pt_vjepa_2_1_vitg_surgery_raw_encoder_rollout_20260623_114953.log
[11:49:53] GPU1 ✓ F:vjepa_2_1_vitg_surgical_autorgn_encoder:tcc  (56/167 done)
[11:50:03] GPU1 ◀ P:vjepa_2_1_vitg_surgery_raw_encoder:causal  → logs/iter18_ngpu_sanity_pt_vjepa_2_1_vitg_surgery_raw_encoder_causal_20260623_115003.log
[11:50:03] GPU0 ✓ F:vjepa_2_1_vitg_surgical_autorgn_encoder:pace  (57/167 done)
[11:50:13] GPU0 ◀ P:vjepa_2_1_vitg_surgery_raw_encoder:tdist  → logs/iter18_ngpu_sanity_pt_vjepa_2_1_vitg_surgery_raw_encoder_tdist_20260623_115013.log
[11:50:23] GPU2 ✓ P:vjepa_2_1_vitg_surgery_raw_encoder:rollout  (58/167 done)
[11:50:33] GPU2 ◀ P:vjepa_2_1_vitg_surgery_raw_encoder:teacher_free  → logs/iter18_ngpu_sanity_pt_vjepa_2_1_vitg_surgery_raw_encoder_teacher_free_20260623_115033.log
[11:50:33] GPU1 ✓ P:vjepa_2_1_vitg_surgery_raw_encoder:causal  (59/167 done)
[11:50:43] GPU1 ◀ P:vjepa_2_1_vitg_surgery_raw_encoder:maskratio  → logs/iter18_ngpu_sanity_pt_vjepa_2_1_vitg_surgery_raw_encoder_maskratio_20260623_115043.log
[11:50:43] GPU0 ✓ P:vjepa_2_1_vitg_surgery_raw_encoder:tdist  (60/167 done)
[11:50:53] GPU0 ◀ P:vjepa_2_1_vitg_surgery_raw_encoder:order  → logs/iter18_ngpu_sanity_pt_vjepa_2_1_vitg_surgery_raw_encoder_order_20260623_115053.log
[11:51:13] GPU2 ✓ P:vjepa_2_1_vitg_surgery_raw_encoder:teacher_free  (61/167 done)
[11:51:23] GPU2 ◀ F:vjepa_2_1_vitg_surgery_raw_encoder:aot  → logs/iter18_ngpu_sanity_et_vjepa_2_1_vitg_surgery_raw_encoder_aot_20260623_115123.log
[11:51:23] GPU1 ✓ P:vjepa_2_1_vitg_surgery_raw_encoder:maskratio  (62/167 done)
[11:51:23] GPU0 ✓ P:vjepa_2_1_vitg_surgery_raw_encoder:order  (63/167 done)
[11:51:33] GPU1 ◀ F:vjepa_2_1_vitg_surgery_raw_encoder:tov  → logs/iter18_ngpu_sanity_et_vjepa_2_1_vitg_surgery_raw_encoder_tov_20260623_115133.log
[11:51:33] GPU0 ◀ F:vjepa_2_1_vitg_surgery_raw_encoder:pace  → logs/iter18_ngpu_sanity_et_vjepa_2_1_vitg_surgery_raw_encoder_pace_20260623_115133.log
[11:52:03] GPU3 ✓ E:vjepa_2_1_vitg_surgery_raw_encoder  (64/167 done)
[11:52:13] GPU3 ◀ F:vjepa_2_1_vitg_surgery_raw_encoder:tcc  → logs/iter18_ngpu_sanity_et_vjepa_2_1_vitg_surgery_raw_encoder_tcc_20260623_115213.log
[11:52:13] GPU2 ✓ F:vjepa_2_1_vitg_surgery_raw_encoder:aot  (65/167 done)
[11:52:23] GPU2 ◀ E:vjepa_2_1_vitg_full_ft_encoder  → logs/iter18_ngpu_sanity_eval_vjepa_2_1_vitg_full_ft_encoder_20260623_115223.log
[11:52:33] GPU1 ✓ F:vjepa_2_1_vitg_surgery_raw_encoder:tov  (66/167 done)
[11:52:43] GPU1 ◀ P:vjepa_2_1_vitg_full_ft_encoder:rollout  → logs/iter18_ngpu_sanity_pt_vjepa_2_1_vitg_full_ft_encoder_rollout_20260623_115243.log
[11:52:43] GPU0 ✓ F:vjepa_2_1_vitg_surgery_raw_encoder:pace  (67/167 done)
[11:52:43] GPU3 ✓ F:vjepa_2_1_vitg_surgery_raw_encoder:tcc  (68/167 done)
[11:52:53] GPU0 ◀ P:vjepa_2_1_vitg_full_ft_encoder:causal  → logs/iter18_ngpu_sanity_pt_vjepa_2_1_vitg_full_ft_encoder_causal_20260623_115253.log
[11:52:53] GPU3 ◀ P:vjepa_2_1_vitg_full_ft_encoder:tdist  → logs/iter18_ngpu_sanity_pt_vjepa_2_1_vitg_full_ft_encoder_tdist_20260623_115253.log
[11:53:13] GPU1 ✓ P:vjepa_2_1_vitg_full_ft_encoder:rollout  (69/167 done)
[11:53:23] GPU1 ◀ P:vjepa_2_1_vitg_full_ft_encoder:teacher_free  → logs/iter18_ngpu_sanity_pt_vjepa_2_1_vitg_full_ft_encoder_teacher_free_20260623_115323.log
[11:53:23] GPU0 ✓ P:vjepa_2_1_vitg_full_ft_encoder:causal  (70/167 done)
[11:53:23] GPU3 ✓ P:vjepa_2_1_vitg_full_ft_encoder:tdist  (71/167 done)
[11:53:33] GPU0 ◀ P:vjepa_2_1_vitg_full_ft_encoder:maskratio  → logs/iter18_ngpu_sanity_pt_vjepa_2_1_vitg_full_ft_encoder_maskratio_20260623_115333.log
[11:53:33] GPU3 ◀ P:vjepa_2_1_vitg_full_ft_encoder:order  → logs/iter18_ngpu_sanity_pt_vjepa_2_1_vitg_full_ft_encoder_order_20260623_115333.log
[11:54:03] GPU1 ✓ P:vjepa_2_1_vitg_full_ft_encoder:teacher_free  (72/167 done)
[11:54:03] GPU3 ✓ P:vjepa_2_1_vitg_full_ft_encoder:order  (73/167 done)
[11:54:13] GPU1 ◀ F:vjepa_2_1_vitg_full_ft_encoder:aot  → logs/iter18_ngpu_sanity_et_vjepa_2_1_vitg_full_ft_encoder_aot_20260623_115413.log
[11:54:13] GPU3 ◀ F:vjepa_2_1_vitg_full_ft_encoder:tov  → logs/iter18_ngpu_sanity_et_vjepa_2_1_vitg_full_ft_encoder_tov_20260623_115413.log
[11:54:13] GPU0 ✓ P:vjepa_2_1_vitg_full_ft_encoder:maskratio  (74/167 done)
[11:54:23] GPU0 ◀ F:vjepa_2_1_vitg_full_ft_encoder:pace  → logs/iter18_ngpu_sanity_et_vjepa_2_1_vitg_full_ft_encoder_pace_20260623_115423.log
[11:54:53] GPU1 ✓ F:vjepa_2_1_vitg_full_ft_encoder:aot  (75/167 done)
[11:55:03] GPU1 ◀ F:vjepa_2_1_vitg_full_ft_encoder:tcc  → logs/iter18_ngpu_sanity_et_vjepa_2_1_vitg_full_ft_encoder_tcc_20260623_115503.log
[11:55:03] GPU2 ✓ E:vjepa_2_1_vitg_full_ft_encoder  (76/167 done)
[11:55:13] GPU2 ◀ E:vjepa_2_1_vitg_lpft_encoder  → logs/iter18_ngpu_sanity_eval_vjepa_2_1_vitg_lpft_encoder_20260623_115513.log
[11:55:13] GPU3 ✓ F:vjepa_2_1_vitg_full_ft_encoder:tov  (77/167 done)
[11:55:23] GPU3 ◀ P:vjepa_2_1_vitg_lpft_encoder:rollout  → logs/iter18_ngpu_sanity_pt_vjepa_2_1_vitg_lpft_encoder_rollout_20260623_115523.log
[11:55:33] GPU0 ✓ F:vjepa_2_1_vitg_full_ft_encoder:pace  (78/167 done)
[11:55:33] GPU1 ✓ F:vjepa_2_1_vitg_full_ft_encoder:tcc  (79/167 done)
[11:55:43] GPU0 ◀ P:vjepa_2_1_vitg_lpft_encoder:causal  → logs/iter18_ngpu_sanity_pt_vjepa_2_1_vitg_lpft_encoder_causal_20260623_115543.log
[11:55:43] GPU1 ◀ P:vjepa_2_1_vitg_lpft_encoder:tdist  → logs/iter18_ngpu_sanity_pt_vjepa_2_1_vitg_lpft_encoder_tdist_20260623_115543.log
[11:55:53] GPU3 ✓ P:vjepa_2_1_vitg_lpft_encoder:rollout  (80/167 done)
[11:56:03] GPU3 ◀ P:vjepa_2_1_vitg_lpft_encoder:teacher_free  → logs/iter18_ngpu_sanity_pt_vjepa_2_1_vitg_lpft_encoder_teacher_free_20260623_115603.log
[11:56:13] GPU0 ✓ P:vjepa_2_1_vitg_lpft_encoder:causal  (81/167 done)
[11:56:13] GPU1 ✓ P:vjepa_2_1_vitg_lpft_encoder:tdist  (82/167 done)
[11:56:23] GPU0 ◀ P:vjepa_2_1_vitg_lpft_encoder:maskratio  → logs/iter18_ngpu_sanity_pt_vjepa_2_1_vitg_lpft_encoder_maskratio_20260623_115623.log
[11:56:23] GPU1 ◀ P:vjepa_2_1_vitg_lpft_encoder:order  → logs/iter18_ngpu_sanity_pt_vjepa_2_1_vitg_lpft_encoder_order_20260623_115623.log
[11:56:43] GPU3 ✓ P:vjepa_2_1_vitg_lpft_encoder:teacher_free  (83/167 done)
[11:56:53] GPU3 ◀ F:vjepa_2_1_vitg_lpft_encoder:aot  → logs/iter18_ngpu_sanity_et_vjepa_2_1_vitg_lpft_encoder_aot_20260623_115653.log
[11:56:53] GPU1 ✓ P:vjepa_2_1_vitg_lpft_encoder:order  (84/167 done)
[11:57:03] GPU1 ◀ F:vjepa_2_1_vitg_lpft_encoder:tov  → logs/iter18_ngpu_sanity_et_vjepa_2_1_vitg_lpft_encoder_tov_20260623_115703.log
[11:57:03] GPU0 ✓ P:vjepa_2_1_vitg_lpft_encoder:maskratio  (85/167 done)
[11:57:13] GPU0 ◀ F:vjepa_2_1_vitg_lpft_encoder:pace  → logs/iter18_ngpu_sanity_et_vjepa_2_1_vitg_lpft_encoder_pace_20260623_115713.log
[11:57:33] GPU3 ✓ F:vjepa_2_1_vitg_lpft_encoder:aot  (86/167 done)
[11:57:43] GPU3 ◀ F:vjepa_2_1_vitg_lpft_encoder:tcc  → logs/iter18_ngpu_sanity_et_vjepa_2_1_vitg_lpft_encoder_tcc_20260623_115743.log
[11:57:53] GPU2 ✓ E:vjepa_2_1_vitg_lpft_encoder  (87/167 done)
[11:58:03] GPU2 ◀ E:vjepa_2_1_vitg_peft_lora_encoder  → logs/iter18_ngpu_sanity_eval_vjepa_2_1_vitg_peft_lora_encoder_20260623_115803.log
[11:58:03] GPU1 ✓ F:vjepa_2_1_vitg_lpft_encoder:tov  (88/167 done)
[11:58:13] GPU1 ◀ P:vjepa_2_1_vitg_peft_lora_encoder:rollout  → logs/iter18_ngpu_sanity_pt_vjepa_2_1_vitg_peft_lora_encoder_rollout_20260623_115813.log
[11:58:13] GPU3 ✓ F:vjepa_2_1_vitg_lpft_encoder:tcc  (89/167 done)
[11:58:23] GPU3 ◀ P:vjepa_2_1_vitg_peft_lora_encoder:causal  → logs/iter18_ngpu_sanity_pt_vjepa_2_1_vitg_peft_lora_encoder_causal_20260623_115823.log
[11:58:23] GPU0 ✓ F:vjepa_2_1_vitg_lpft_encoder:pace  (90/167 done)
[11:58:33] GPU0 ◀ P:vjepa_2_1_vitg_peft_lora_encoder:tdist  → logs/iter18_ngpu_sanity_pt_vjepa_2_1_vitg_peft_lora_encoder_tdist_20260623_115833.log
[11:58:43] GPU1 ✓ P:vjepa_2_1_vitg_peft_lora_encoder:rollout  (91/167 done)
[11:58:53] GPU1 ◀ P:vjepa_2_1_vitg_peft_lora_encoder:teacher_free  → logs/iter18_ngpu_sanity_pt_vjepa_2_1_vitg_peft_lora_encoder_teacher_free_20260623_115853.log
[11:58:53] GPU3 ✓ P:vjepa_2_1_vitg_peft_lora_encoder:causal  (92/167 done)
[11:59:03] GPU3 ◀ P:vjepa_2_1_vitg_peft_lora_encoder:maskratio  → logs/iter18_ngpu_sanity_pt_vjepa_2_1_vitg_peft_lora_encoder_maskratio_20260623_115903.log
[11:59:03] GPU0 ✓ P:vjepa_2_1_vitg_peft_lora_encoder:tdist  (93/167 done)
[11:59:13] GPU0 ◀ P:vjepa_2_1_vitg_peft_lora_encoder:order  → logs/iter18_ngpu_sanity_pt_vjepa_2_1_vitg_peft_lora_encoder_order_20260623_115913.log
[11:59:33] GPU1 ✓ P:vjepa_2_1_vitg_peft_lora_encoder:teacher_free  (94/167 done)
[11:59:43] GPU1 ◀ F:vjepa_2_1_vitg_peft_lora_encoder:aot  → logs/iter18_ngpu_sanity_et_vjepa_2_1_vitg_peft_lora_encoder_aot_20260623_115943.log
[11:59:43] GPU3 ✓ P:vjepa_2_1_vitg_peft_lora_encoder:maskratio  (95/167 done)
[11:59:43] GPU0 ✓ P:vjepa_2_1_vitg_peft_lora_encoder:order  (96/167 done)
[11:59:53] GPU3 ◀ F:vjepa_2_1_vitg_peft_lora_encoder:tov  → logs/iter18_ngpu_sanity_et_vjepa_2_1_vitg_peft_lora_encoder_tov_20260623_115953.log
[11:59:53] GPU0 ◀ F:vjepa_2_1_vitg_peft_lora_encoder:pace  → logs/iter18_ngpu_sanity_et_vjepa_2_1_vitg_peft_lora_encoder_pace_20260623_115953.log
[12:00:23] GPU1 ✓ F:vjepa_2_1_vitg_peft_lora_encoder:aot  (97/167 done)
[12:00:33] GPU1 ◀ F:vjepa_2_1_vitg_peft_lora_encoder:tcc  → logs/iter18_ngpu_sanity_et_vjepa_2_1_vitg_peft_lora_encoder_tcc_20260623_120033.log
[12:00:43] GPU2 ✓ E:vjepa_2_1_vitg_peft_lora_encoder  (98/167 done)
[12:00:53] GPU2 ◀ E:vjepa_2_1_vitg_peft_dora_encoder  → logs/iter18_ngpu_sanity_eval_vjepa_2_1_vitg_peft_dora_encoder_20260623_120053.log
[12:00:53] GPU3 ✓ F:vjepa_2_1_vitg_peft_lora_encoder:tov  (99/167 done)
[12:01:03] GPU3 ◀ P:vjepa_2_1_vitg_peft_dora_encoder:rollout  → logs/iter18_ngpu_sanity_pt_vjepa_2_1_vitg_peft_dora_encoder_rollout_20260623_120103.log
[12:01:03] GPU0 ✓ F:vjepa_2_1_vitg_peft_lora_encoder:pace  (100/167 done)
[12:01:03] GPU1 ✓ F:vjepa_2_1_vitg_peft_lora_encoder:tcc  (101/167 done)
[12:01:13] GPU0 ◀ P:vjepa_2_1_vitg_peft_dora_encoder:causal  → logs/iter18_ngpu_sanity_pt_vjepa_2_1_vitg_peft_dora_encoder_causal_20260623_120113.log
[12:01:13] GPU1 ◀ P:vjepa_2_1_vitg_peft_dora_encoder:tdist  → logs/iter18_ngpu_sanity_pt_vjepa_2_1_vitg_peft_dora_encoder_tdist_20260623_120113.log
[12:01:33] GPU3 ✓ P:vjepa_2_1_vitg_peft_dora_encoder:rollout  (102/167 done)
[12:01:43] GPU3 ◀ P:vjepa_2_1_vitg_peft_dora_encoder:teacher_free  → logs/iter18_ngpu_sanity_pt_vjepa_2_1_vitg_peft_dora_encoder_teacher_free_20260623_120143.log
[12:01:43] GPU0 ✓ P:vjepa_2_1_vitg_peft_dora_encoder:causal  (103/167 done)
[12:01:43] GPU1 ✓ P:vjepa_2_1_vitg_peft_dora_encoder:tdist  (104/167 done)
[12:01:53] GPU0 ◀ P:vjepa_2_1_vitg_peft_dora_encoder:maskratio  → logs/iter18_ngpu_sanity_pt_vjepa_2_1_vitg_peft_dora_encoder_maskratio_20260623_120153.log
[12:01:53] GPU1 ◀ P:vjepa_2_1_vitg_peft_dora_encoder:order  → logs/iter18_ngpu_sanity_pt_vjepa_2_1_vitg_peft_dora_encoder_order_20260623_120153.log
[12:02:23] GPU3 ✓ P:vjepa_2_1_vitg_peft_dora_encoder:teacher_free  (105/167 done)
[12:02:23] GPU1 ✓ P:vjepa_2_1_vitg_peft_dora_encoder:order  (106/167 done)
[12:02:33] GPU3 ◀ F:vjepa_2_1_vitg_peft_dora_encoder:aot  → logs/iter18_ngpu_sanity_et_vjepa_2_1_vitg_peft_dora_encoder_aot_20260623_120233.log
[12:02:33] GPU1 ◀ F:vjepa_2_1_vitg_peft_dora_encoder:tov  → logs/iter18_ngpu_sanity_et_vjepa_2_1_vitg_peft_dora_encoder_tov_20260623_120233.log
[12:02:33] GPU0 ✓ P:vjepa_2_1_vitg_peft_dora_encoder:maskratio  (107/167 done)
[12:02:43] GPU0 ◀ F:vjepa_2_1_vitg_peft_dora_encoder:pace  → logs/iter18_ngpu_sanity_et_vjepa_2_1_vitg_peft_dora_encoder_pace_20260623_120243.log
[12:03:13] GPU3 ✓ F:vjepa_2_1_vitg_peft_dora_encoder:aot  (108/167 done)
[12:03:23] GPU3 ◀ F:vjepa_2_1_vitg_peft_dora_encoder:tcc  → logs/iter18_ngpu_sanity_et_vjepa_2_1_vitg_peft_dora_encoder_tcc_20260623_120323.log
[12:03:33] GPU2 ✓ E:vjepa_2_1_vitg_peft_dora_encoder  (109/167 done)
[12:03:33] GPU1 ✓ F:vjepa_2_1_vitg_peft_dora_encoder:tov  (110/167 done)
[12:03:43] GPU2 ◀ E:vjepa_2_1_vitg_surgical_3stage_DI_diheavy_encoder  → logs/iter18_ngpu_sanity_eval_vjepa_2_1_vitg_surgical_3stage_DI_diheavy_encoder_20260623_120343.log
[12:03:43] GPU1 ◀ P:vjepa_2_1_vitg_surgical_3stage_DI_diheavy_encoder:rollout  → logs/iter18_ngpu_sanity_pt_vjepa_2_1_vitg_surgical_3stage_DI_diheavy_encoder_rollout_20260623_120343.log
[12:03:53] GPU0 ✓ F:vjepa_2_1_vitg_peft_dora_encoder:pace  (111/167 done)
[12:03:53] GPU3 ✓ F:vjepa_2_1_vitg_peft_dora_encoder:tcc  (112/167 done)
[12:03:53] GPU2 ✗ E:vjepa_2_1_vitg_surgical_3stage_DI_diheavy_encoder rc=3 — see its log
[12:03:53] GPU1 ✗ P:vjepa_2_1_vitg_surgical_3stage_DI_diheavy_encoder:rollout rc=3 — see its log
═══ ⛔ FAIL-FAST ABORT after 0.3h · E:vjepa_2_1_vitg_surgical_3stage_DI_diheavy_encoder failed (rc=3) · 112 job(s) done before the abort · §3 finale NOT run ═══
  ✗ first failure: E:vjepa_2_1_vitg_surgical_3stage_DI_diheavy_encoder — read its per-job log (named on its GPU ◀ line above).
  Fix the cause, then re-run with --cache 1 to keep the 112 completed job(s).
