  [--skip-arms] dropped ['cassle_encoder', 'ewc_encoder', 'surgery_3stage_DI_head', 'surgery_3stage_DI_replay25_encoder', 'surgery_3stage_DI_tccaux_encoder', 'surgery_noDI_encoder', 'surgery_noDI_head', 'surgical_3stage_DI_wiseft_encoder'] (train+eval+8b/8c-metrics) — §3 finale will cover the remaining encoders only
  [disk-preflight] free=473G · required≈80G
  [cpu-preflight] 128 cores ≥ ~24 (gpus×6) — OK
  [resume --cache 1] skipping 1 already-trained arms: ['pretrain_encoder']
  [resume --cache 1] skipping 6 already-done Stage-8b metric jobs
  [cpuset] GPU slots pinned: GPU0→0..79(32t) · GPU1→16..95(32t) · GPU2→32..111(32t) · GPU3→48..127(32t)
═══ iter18 N-GPU scheduler · mode=POC · backbone=vjepa_2_1_vitg · gpus=4 · cache=1 · 168 jobs (13 train + 155 eval) ═══
[12:57:06] GPU0 ◀ T:vjepa_2_1_vitg:surgery_3stage_DI_encoder  → logs/iter18_ngpu_poc_train_surgery_3stage_DI_encoder_20260623_125706.log
[12:57:06] GPU1 ◀ T:vjepa_2_1_vitg:surgical_autorgn_encoder  → logs/iter18_ngpu_poc_train_surgical_autorgn_encoder_20260623_125706.log
[12:57:06] GPU2 ◀ T:vjepa_2_1_vitg:surgery_raw_encoder  → logs/iter18_ngpu_poc_train_surgery_raw_encoder_20260623_125706.log
[12:57:06] GPU3 ◀ T:vjepa_2_1_vitg:full_ft_encoder  → logs/iter18_ngpu_poc_train_full_ft_encoder_20260623_125706.log
[15:11:37] GPU1 ✓ T:vjepa_2_1_vitg:surgical_autorgn_encoder  (8/168 done)
[15:11:47] GPU1 ◀ T:vjepa_2_1_vitg:lpft_encoder  → logs/iter18_ngpu_poc_train_lpft_encoder_20260623_151147.log
[15:49:17] GPU3 ✓ T:vjepa_2_1_vitg:full_ft_encoder  (9/168 done)
[15:49:27] GPU3 ◀ T:vjepa_2_1_vitg:peft_lora_encoder  → logs/iter18_ngpu_poc_train_peft_lora_encoder_20260623_154927.log
[16:03:07] GPU0 ✓ T:vjepa_2_1_vitg:surgery_3stage_DI_encoder  (10/168 done)
[16:03:17] GPU0 ◀ T:vjepa_2_1_vitg:peft_dora_encoder  → logs/iter18_ngpu_poc_train_peft_dora_encoder_20260623_160317.log
[16:04:27] GPU2 ✓ T:vjepa_2_1_vitg:surgery_raw_encoder  (11/168 done)
[16:04:37] GPU2 ◀ T:vjepa_2_1_vitg:surgery_3stage_DI_diheavy_encoder  → logs/iter18_ngpu_poc_train_surgery_3stage_DI_diheavy_encoder_20260623_160437.log
[18:30:17] GPU1 ✓ T:vjepa_2_1_vitg:lpft_encoder  (12/168 done)
[18:30:27] GPU1 ◀ T:vjepa_2_1_vitg:surgery_3stage_DI_intervene_encoder  → logs/iter18_ngpu_poc_train_surgery_3stage_DI_intervene_encoder_20260623_183027.log
[19:04:07] GPU3 ✓ T:vjepa_2_1_vitg:peft_lora_encoder  (13/168 done)
[19:04:17] GPU3 ◀ L:labels  → logs/iter18_ngpu_poc_labels_20260623_190417.log
[19:04:27] GPU3 ✓ L:labels  (14/168 done)
[19:04:37] GPU3 ◀ E:vjepa_2_1_vitg_frozen  → logs/iter18_ngpu_poc_eval_vjepa_2_1_vitg_frozen_20260623_190437.log
[19:05:17] GPU3 ✓ E:vjepa_2_1_vitg_frozen  (15/168 done)
[19:05:27] GPU3 ◀ F:vjepa_2_1_vitg_frozen:aot  → logs/iter18_ngpu_poc_et_vjepa_2_1_vitg_frozen_aot_20260623_190527.log
[19:21:27] GPU2 ✓ T:vjepa_2_1_vitg:surgery_3stage_DI_diheavy_encoder  (16/168 done)
[19:21:37] GPU2 ◀ F:vjepa_2_1_vitg_frozen:tov  → logs/iter18_ngpu_poc_et_vjepa_2_1_vitg_frozen_tov_20260623_192137.log
[19:26:57] GPU3 ✓ F:vjepa_2_1_vitg_frozen:aot  (17/168 done)
[19:27:07] GPU3 ◀ F:vjepa_2_1_vitg_frozen:pace  → logs/iter18_ngpu_poc_et_vjepa_2_1_vitg_frozen_pace_20260623_192707.log
[19:53:07] GPU2 ✓ F:vjepa_2_1_vitg_frozen:tov  (18/168 done)
[19:53:17] GPU2 ◀ F:vjepa_2_1_vitg_frozen:tcc  → logs/iter18_ngpu_poc_et_vjepa_2_1_vitg_frozen_tcc_20260623_195317.log
[19:57:57] GPU2 ✓ F:vjepa_2_1_vitg_frozen:tcc  (19/168 done)
[19:58:07] GPU2 ◀ E:vjepa_2_1_vitg_pretrain_encoder  → logs/iter18_ngpu_poc_eval_vjepa_2_1_vitg_pretrain_encoder_20260623_195807.log
[20:40:27] GPU2 ✓ E:vjepa_2_1_vitg_pretrain_encoder  (20/168 done)
[20:40:37] GPU2 ◀ P:vjepa_2_1_vitg_pretrain_encoder:rollout  → logs/iter18_ngpu_poc_pt_vjepa_2_1_vitg_pretrain_encoder_rollout_20260623_204037.log
[20:47:17] GPU2 ✓ P:vjepa_2_1_vitg_pretrain_encoder:rollout  (21/168 done)
[20:47:27] GPU2 ◀ P:vjepa_2_1_vitg_pretrain_encoder:causal  → logs/iter18_ngpu_poc_pt_vjepa_2_1_vitg_pretrain_encoder_causal_20260623_204727.log
[20:53:07] GPU2 ✓ P:vjepa_2_1_vitg_pretrain_encoder:causal  (22/168 done)
[20:53:17] GPU2 ◀ P:vjepa_2_1_vitg_pretrain_encoder:tdist  → logs/iter18_ngpu_poc_pt_vjepa_2_1_vitg_pretrain_encoder_tdist_20260623_205317.log
[20:59:57] GPU3 ✓ F:vjepa_2_1_vitg_frozen:pace  (23/168 done)
[21:00:07] GPU3 ◀ P:vjepa_2_1_vitg_pretrain_encoder:teacher_free  → logs/iter18_ngpu_poc_pt_vjepa_2_1_vitg_pretrain_encoder_teacher_free_20260623_210007.log
[21:03:57] GPU2 ✓ P:vjepa_2_1_vitg_pretrain_encoder:tdist  (24/168 done)
[21:04:07] GPU2 ◀ P:vjepa_2_1_vitg_pretrain_encoder:maskratio  → logs/iter18_ngpu_poc_pt_vjepa_2_1_vitg_pretrain_encoder_maskratio_20260623_210407.log
[21:06:57] GPU0 ✓ T:vjepa_2_1_vitg:peft_dora_encoder  (25/168 done)
[21:07:07] GPU0 ◀ P:vjepa_2_1_vitg_pretrain_encoder:order  → logs/iter18_ngpu_poc_pt_vjepa_2_1_vitg_pretrain_encoder_order_20260623_210707.log
[21:17:37] GPU3 ✓ P:vjepa_2_1_vitg_pretrain_encoder:teacher_free  (26/168 done)
[21:17:37] GPU0 ✓ P:vjepa_2_1_vitg_pretrain_encoder:order  (27/168 done)
[21:17:47] GPU3 ◀ F:vjepa_2_1_vitg_pretrain_encoder:aot  → logs/iter18_ngpu_poc_et_vjepa_2_1_vitg_pretrain_encoder_aot_20260623_211747.log
[21:17:47] GPU0 ◀ F:vjepa_2_1_vitg_pretrain_encoder:tov  → logs/iter18_ngpu_poc_et_vjepa_2_1_vitg_pretrain_encoder_tov_20260623_211747.log
[21:19:47] GPU2 ✓ P:vjepa_2_1_vitg_pretrain_encoder:maskratio  (28/168 done)
[21:19:57] GPU2 ◀ F:vjepa_2_1_vitg_pretrain_encoder:pace  → logs/iter18_ngpu_poc_et_vjepa_2_1_vitg_pretrain_encoder_pace_20260623_211957.log
[21:32:17] GPU3 ✓ F:vjepa_2_1_vitg_pretrain_encoder:aot  (29/168 done)
[21:32:27] GPU3 ◀ F:vjepa_2_1_vitg_pretrain_encoder:tcc  → logs/iter18_ngpu_poc_et_vjepa_2_1_vitg_pretrain_encoder_tcc_20260623_213227.log
[21:36:37] GPU3 ✓ F:vjepa_2_1_vitg_pretrain_encoder:tcc  (30/168 done)
[21:36:47] GPU3 ◀ E:vjepa_2_1_vitg_surgical_3stage_DI_encoder  → logs/iter18_ngpu_poc_eval_vjepa_2_1_vitg_surgical_3stage_DI_encoder_20260623_213647.log
[21:48:37] GPU0 ✓ F:vjepa_2_1_vitg_pretrain_encoder:tov  (31/168 done)
[21:48:47] GPU0 ◀ P:vjepa_2_1_vitg_surgical_3stage_DI_encoder:rollout  → logs/iter18_ngpu_poc_pt_vjepa_2_1_vitg_surgical_3stage_DI_encoder_rollout_20260623_214847.log
[21:55:07] GPU0 ✓ P:vjepa_2_1_vitg_surgical_3stage_DI_encoder:rollout  (32/168 done)
[21:55:17] GPU0 ◀ P:vjepa_2_1_vitg_surgical_3stage_DI_encoder:causal  → logs/iter18_ngpu_poc_pt_vjepa_2_1_vitg_surgical_3stage_DI_encoder_causal_20260623_215517.log
[22:00:37] GPU0 ✓ P:vjepa_2_1_vitg_surgical_3stage_DI_encoder:causal  (33/168 done)
[22:00:47] GPU0 ◀ P:vjepa_2_1_vitg_surgical_3stage_DI_encoder:tdist  → logs/iter18_ngpu_poc_pt_vjepa_2_1_vitg_surgical_3stage_DI_encoder_tdist_20260623_220047.log
[22:11:07] GPU0 ✓ P:vjepa_2_1_vitg_surgical_3stage_DI_encoder:tdist  (34/168 done)
[22:11:17] GPU0 ◀ P:vjepa_2_1_vitg_surgical_3stage_DI_encoder:teacher_free  → logs/iter18_ngpu_poc_pt_vjepa_2_1_vitg_surgical_3stage_DI_encoder_teacher_free_20260623_221117.log
[22:28:27] GPU0 ✓ P:vjepa_2_1_vitg_surgical_3stage_DI_encoder:teacher_free  (35/168 done)
[22:28:37] GPU0 ◀ P:vjepa_2_1_vitg_surgical_3stage_DI_encoder:maskratio  → logs/iter18_ngpu_poc_pt_vjepa_2_1_vitg_surgical_3stage_DI_encoder_maskratio_20260623_222837.log
[22:36:47] GPU1 ✓ T:vjepa_2_1_vitg:surgery_3stage_DI_intervene_encoder  (36/168 done)
[22:36:57] GPU1 ◀ T:vjepa_2_1_vitg:surgical_intervene_wiseft_f30_encoder  → logs/iter18_ngpu_poc_merge_surgical_intervene_wiseft_f30_encoder_20260623_223657.log
[22:37:17] GPU1 ✓ T:vjepa_2_1_vitg:surgical_intervene_wiseft_f30_encoder  (37/168 done)
[22:37:27] GPU1 ◀ T:vjepa_2_1_vitg:surgical_intervene_wiseft_f50_encoder  → logs/iter18_ngpu_poc_merge_surgical_intervene_wiseft_f50_encoder_20260623_223727.log
[22:37:47] GPU3 ✓ E:vjepa_2_1_vitg_surgical_3stage_DI_encoder  (38/168 done)
[22:37:47] GPU1 ✓ T:vjepa_2_1_vitg:surgical_intervene_wiseft_f50_encoder  (39/168 done)
[22:37:57] GPU3 ◀ T:vjepa_2_1_vitg:surgical_intervene_wiseft_f70_encoder  → logs/iter18_ngpu_poc_merge_surgical_intervene_wiseft_f70_encoder_20260623_223757.log
[22:37:57] GPU1 ◀ P:vjepa_2_1_vitg_surgical_3stage_DI_encoder:order  → logs/iter18_ngpu_poc_pt_vjepa_2_1_vitg_surgical_3stage_DI_encoder_order_20260623_223757.log
[22:38:17] GPU3 ✓ T:vjepa_2_1_vitg:surgical_intervene_wiseft_f70_encoder  (40/168 done)
[22:38:27] GPU3 ◀ F:vjepa_2_1_vitg_surgical_3stage_DI_encoder:aot  → logs/iter18_ngpu_poc_et_vjepa_2_1_vitg_surgical_3stage_DI_encoder_aot_20260623_223827.log
[22:43:57] GPU0 ✓ P:vjepa_2_1_vitg_surgical_3stage_DI_encoder:maskratio  (41/168 done)
[22:44:07] GPU0 ◀ F:vjepa_2_1_vitg_surgical_3stage_DI_encoder:tov  → logs/iter18_ngpu_poc_et_vjepa_2_1_vitg_surgical_3stage_DI_encoder_tov_20260623_224407.log
[22:48:37] GPU1 ✓ P:vjepa_2_1_vitg_surgical_3stage_DI_encoder:order  (42/168 done)
[22:48:47] GPU1 ◀ F:vjepa_2_1_vitg_surgical_3stage_DI_encoder:pace  → logs/iter18_ngpu_poc_et_vjepa_2_1_vitg_surgical_3stage_DI_encoder_pace_20260623_224847.log
[22:52:37] GPU3 ✓ F:vjepa_2_1_vitg_surgical_3stage_DI_encoder:aot  (43/168 done)
[22:52:47] GPU3 ◀ F:vjepa_2_1_vitg_surgical_3stage_DI_encoder:tcc  → logs/iter18_ngpu_poc_et_vjepa_2_1_vitg_surgical_3stage_DI_encoder_tcc_20260623_225247.log
[22:56:57] GPU3 ✓ F:vjepa_2_1_vitg_surgical_3stage_DI_encoder:tcc  (44/168 done)
[22:57:07] GPU3 ◀ E:vjepa_2_1_vitg_surgical_autorgn_encoder  → logs/iter18_ngpu_poc_eval_vjepa_2_1_vitg_surgical_autorgn_encoder_20260623_225707.log
[23:15:07] GPU0 ✓ F:vjepa_2_1_vitg_surgical_3stage_DI_encoder:tov  (45/168 done)
[23:15:17] GPU0 ◀ P:vjepa_2_1_vitg_surgical_autorgn_encoder:rollout  → logs/iter18_ngpu_poc_pt_vjepa_2_1_vitg_surgical_autorgn_encoder_rollout_20260623_231517.log
[23:17:47] GPU2 ✓ F:vjepa_2_1_vitg_pretrain_encoder:pace  (46/168 done)
[23:17:57] GPU2 ◀ P:vjepa_2_1_vitg_surgical_autorgn_encoder:causal  → logs/iter18_ngpu_poc_pt_vjepa_2_1_vitg_surgical_autorgn_encoder_causal_20260623_231757.log
[23:21:27] GPU0 ✓ P:vjepa_2_1_vitg_surgical_autorgn_encoder:rollout  (47/168 done)
[23:21:37] GPU0 ◀ P:vjepa_2_1_vitg_surgical_autorgn_encoder:tdist  → logs/iter18_ngpu_poc_pt_vjepa_2_1_vitg_surgical_autorgn_encoder_tdist_20260623_232137.log
[23:22:57] GPU2 ✓ P:vjepa_2_1_vitg_surgical_autorgn_encoder:causal  (48/168 done)
[23:23:07] GPU2 ◀ P:vjepa_2_1_vitg_surgical_autorgn_encoder:teacher_free  → logs/iter18_ngpu_poc_pt_vjepa_2_1_vitg_surgical_autorgn_encoder_teacher_free_20260623_232307.log
[23:25:27] GPU1 ✓ F:vjepa_2_1_vitg_surgical_3stage_DI_encoder:pace  (49/168 done)
[23:25:37] GPU1 ◀ P:vjepa_2_1_vitg_surgical_autorgn_encoder:maskratio  → logs/iter18_ngpu_poc_pt_vjepa_2_1_vitg_surgical_autorgn_encoder_maskratio_20260623_232537.log
[23:31:37] GPU0 ✓ P:vjepa_2_1_vitg_surgical_autorgn_encoder:tdist  (50/168 done)
[23:31:47] GPU0 ◀ P:vjepa_2_1_vitg_surgical_autorgn_encoder:order  → logs/iter18_ngpu_poc_pt_vjepa_2_1_vitg_surgical_autorgn_encoder_order_20260623_233147.log
[23:39:47] GPU2 ✓ P:vjepa_2_1_vitg_surgical_autorgn_encoder:teacher_free  (51/168 done)
[23:39:57] GPU2 ◀ F:vjepa_2_1_vitg_surgical_autorgn_encoder:aot  → logs/iter18_ngpu_poc_et_vjepa_2_1_vitg_surgical_autorgn_encoder_aot_20260623_233957.log
[23:40:47] GPU1 ✓ P:vjepa_2_1_vitg_surgical_autorgn_encoder:maskratio  (52/168 done)
[23:40:57] GPU1 ◀ F:vjepa_2_1_vitg_surgical_autorgn_encoder:tov  → logs/iter18_ngpu_poc_et_vjepa_2_1_vitg_surgical_autorgn_encoder_tov_20260623_234057.log
[23:42:07] GPU0 ✓ P:vjepa_2_1_vitg_surgical_autorgn_encoder:order  (53/168 done)
[23:42:17] GPU0 ◀ F:vjepa_2_1_vitg_surgical_autorgn_encoder:pace  → logs/iter18_ngpu_poc_et_vjepa_2_1_vitg_surgical_autorgn_encoder_pace_20260623_234217.log
[23:54:17] GPU2 ✓ F:vjepa_2_1_vitg_surgical_autorgn_encoder:aot  (54/168 done)
[23:54:27] GPU2 ◀ F:vjepa_2_1_vitg_surgical_autorgn_encoder:tcc  → logs/iter18_ngpu_poc_et_vjepa_2_1_vitg_surgical_autorgn_encoder_tcc_20260623_235427.log
[23:57:07] GPU3 ✓ E:vjepa_2_1_vitg_surgical_autorgn_encoder  (55/168 done)
[23:57:17] GPU3 ◀ E:vjepa_2_1_vitg_surgery_raw_encoder  → logs/iter18_ngpu_poc_eval_vjepa_2_1_vitg_surgery_raw_encoder_20260623_235717.log
[23:58:27] GPU2 ✓ F:vjepa_2_1_vitg_surgical_autorgn_encoder:tcc  (56/168 done)
[23:58:37] GPU2 ◀ P:vjepa_2_1_vitg_surgery_raw_encoder:rollout  → logs/iter18_ngpu_poc_pt_vjepa_2_1_vitg_surgery_raw_encoder_rollout_20260623_235837.log
[00:04:37] GPU2 ✓ P:vjepa_2_1_vitg_surgery_raw_encoder:rollout  (57/168 done)
[00:04:47] GPU2 ◀ P:vjepa_2_1_vitg_surgery_raw_encoder:causal  → logs/iter18_ngpu_poc_pt_vjepa_2_1_vitg_surgery_raw_encoder_causal_20260624_000447.log
[00:09:57] GPU2 ✓ P:vjepa_2_1_vitg_surgery_raw_encoder:causal  (58/168 done)
[00:10:07] GPU2 ◀ P:vjepa_2_1_vitg_surgery_raw_encoder:tdist  → logs/iter18_ngpu_poc_pt_vjepa_2_1_vitg_surgery_raw_encoder_tdist_20260624_001007.log
[00:11:17] GPU1 ✓ F:vjepa_2_1_vitg_surgical_autorgn_encoder:tov  (59/168 done)
[00:11:27] GPU1 ◀ P:vjepa_2_1_vitg_surgery_raw_encoder:teacher_free  → logs/iter18_ngpu_poc_pt_vjepa_2_1_vitg_surgery_raw_encoder_teacher_free_20260624_001127.log
[00:15:27] GPU0 ✓ F:vjepa_2_1_vitg_surgical_autorgn_encoder:pace  (60/168 done)
[00:15:37] GPU0 ◀ P:vjepa_2_1_vitg_surgery_raw_encoder:maskratio  → logs/iter18_ngpu_poc_pt_vjepa_2_1_vitg_surgery_raw_encoder_maskratio_20260624_001537.log
[00:20:07] GPU2 ✓ P:vjepa_2_1_vitg_surgery_raw_encoder:tdist  (61/168 done)
[00:20:17] GPU2 ◀ P:vjepa_2_1_vitg_surgery_raw_encoder:order  → logs/iter18_ngpu_poc_pt_vjepa_2_1_vitg_surgery_raw_encoder_order_20260624_002017.log
[00:28:37] GPU1 ✓ P:vjepa_2_1_vitg_surgery_raw_encoder:teacher_free  (62/168 done)
[00:28:47] GPU1 ◀ F:vjepa_2_1_vitg_surgery_raw_encoder:aot  → logs/iter18_ngpu_poc_et_vjepa_2_1_vitg_surgery_raw_encoder_aot_20260624_002847.log
[00:30:37] GPU0 ✓ P:vjepa_2_1_vitg_surgery_raw_encoder:maskratio  (63/168 done)
[00:30:37] GPU2 ✓ P:vjepa_2_1_vitg_surgery_raw_encoder:order  (64/168 done)
[00:30:47] GPU0 ◀ F:vjepa_2_1_vitg_surgery_raw_encoder:tov  → logs/iter18_ngpu_poc_et_vjepa_2_1_vitg_surgery_raw_encoder_tov_20260624_003047.log
[00:30:47] GPU2 ◀ F:vjepa_2_1_vitg_surgery_raw_encoder:pace  → logs/iter18_ngpu_poc_et_vjepa_2_1_vitg_surgery_raw_encoder_pace_20260624_003047.log
[00:42:47] GPU1 ✓ F:vjepa_2_1_vitg_surgery_raw_encoder:aot  (65/168 done)
[00:42:57] GPU1 ◀ F:vjepa_2_1_vitg_surgery_raw_encoder:tcc  → logs/iter18_ngpu_poc_et_vjepa_2_1_vitg_surgery_raw_encoder_tcc_20260624_004257.log
[00:47:17] GPU1 ✓ F:vjepa_2_1_vitg_surgery_raw_encoder:tcc  (66/168 done)
[00:47:27] GPU1 ◀ E:vjepa_2_1_vitg_full_ft_encoder  → logs/iter18_ngpu_poc_eval_vjepa_2_1_vitg_full_ft_encoder_20260624_004727.log
[00:55:07] GPU3 ✓ E:vjepa_2_1_vitg_surgery_raw_encoder  (67/168 done)
[00:55:17] GPU3 ◀ P:vjepa_2_1_vitg_full_ft_encoder:rollout  → logs/iter18_ngpu_poc_pt_vjepa_2_1_vitg_full_ft_encoder_rollout_20260624_005517.log
[01:01:07] GPU0 ✓ F:vjepa_2_1_vitg_surgery_raw_encoder:tov  (68/168 done)
[01:01:17] GPU0 ◀ P:vjepa_2_1_vitg_full_ft_encoder:causal  → logs/iter18_ngpu_poc_pt_vjepa_2_1_vitg_full_ft_encoder_causal_20260624_010117.log
[01:01:17] GPU3 ✓ P:vjepa_2_1_vitg_full_ft_encoder:rollout  (69/168 done)
[01:01:27] GPU3 ◀ P:vjepa_2_1_vitg_full_ft_encoder:tdist  → logs/iter18_ngpu_poc_pt_vjepa_2_1_vitg_full_ft_encoder_tdist_20260624_010127.log
[01:06:37] GPU0 ✓ P:vjepa_2_1_vitg_full_ft_encoder:causal  (70/168 done)
[01:06:47] GPU0 ◀ P:vjepa_2_1_vitg_full_ft_encoder:teacher_free  → logs/iter18_ngpu_poc_pt_vjepa_2_1_vitg_full_ft_encoder_teacher_free_20260624_010647.log
[01:11:27] GPU3 ✓ P:vjepa_2_1_vitg_full_ft_encoder:tdist  (71/168 done)
[01:11:37] GPU3 ◀ P:vjepa_2_1_vitg_full_ft_encoder:maskratio  → logs/iter18_ngpu_poc_pt_vjepa_2_1_vitg_full_ft_encoder_maskratio_20260624_011137.log
[01:23:57] GPU0 ✓ P:vjepa_2_1_vitg_full_ft_encoder:teacher_free  (72/168 done)
[01:24:07] GPU0 ◀ P:vjepa_2_1_vitg_full_ft_encoder:order  → logs/iter18_ngpu_poc_pt_vjepa_2_1_vitg_full_ft_encoder_order_20260624_012407.log
[01:26:37] GPU3 ✓ P:vjepa_2_1_vitg_full_ft_encoder:maskratio  (73/168 done)
[01:26:47] GPU3 ◀ F:vjepa_2_1_vitg_full_ft_encoder:aot  → logs/iter18_ngpu_poc_et_vjepa_2_1_vitg_full_ft_encoder_aot_20260624_012647.log
[01:34:37] GPU0 ✓ P:vjepa_2_1_vitg_full_ft_encoder:order  (74/168 done)
[01:34:47] GPU0 ◀ F:vjepa_2_1_vitg_full_ft_encoder:tov  → logs/iter18_ngpu_poc_et_vjepa_2_1_vitg_full_ft_encoder_tov_20260624_013447.log
[01:40:37] GPU3 ✓ F:vjepa_2_1_vitg_full_ft_encoder:aot  (75/168 done)
[01:40:47] GPU3 ◀ F:vjepa_2_1_vitg_full_ft_encoder:pace  → logs/iter18_ngpu_poc_et_vjepa_2_1_vitg_full_ft_encoder_pace_20260624_014047.log
[01:45:37] GPU1 ✓ E:vjepa_2_1_vitg_full_ft_encoder  (76/168 done)
[01:45:47] GPU1 ◀ F:vjepa_2_1_vitg_full_ft_encoder:tcc  → logs/iter18_ngpu_poc_et_vjepa_2_1_vitg_full_ft_encoder_tcc_20260624_014547.log
[01:47:17] GPU2 ✓ F:vjepa_2_1_vitg_surgery_raw_encoder:pace  (77/168 done)
[01:47:27] GPU2 ◀ E:vjepa_2_1_vitg_lpft_encoder  → logs/iter18_ngpu_poc_eval_vjepa_2_1_vitg_lpft_encoder_20260624_014727.log
[01:50:27] GPU1 ✓ F:vjepa_2_1_vitg_full_ft_encoder:tcc  (78/168 done)
[01:50:37] GPU1 ◀ P:vjepa_2_1_vitg_lpft_encoder:rollout  → logs/iter18_ngpu_poc_pt_vjepa_2_1_vitg_lpft_encoder_rollout_20260624_015037.log
[01:56:47] GPU1 ✓ P:vjepa_2_1_vitg_lpft_encoder:rollout  (79/168 done)
[01:56:57] GPU1 ◀ P:vjepa_2_1_vitg_lpft_encoder:causal  → logs/iter18_ngpu_poc_pt_vjepa_2_1_vitg_lpft_encoder_causal_20260624_015657.log
[02:02:07] GPU1 ✓ P:vjepa_2_1_vitg_lpft_encoder:causal  (80/168 done)
[02:02:17] GPU1 ◀ P:vjepa_2_1_vitg_lpft_encoder:tdist  → logs/iter18_ngpu_poc_pt_vjepa_2_1_vitg_lpft_encoder_tdist_20260624_020217.log
[02:05:27] GPU0 ✓ F:vjepa_2_1_vitg_full_ft_encoder:tov  (81/168 done)
[02:05:37] GPU0 ◀ P:vjepa_2_1_vitg_lpft_encoder:teacher_free  → logs/iter18_ngpu_poc_pt_vjepa_2_1_vitg_lpft_encoder_teacher_free_20260624_020537.log
[02:12:27] GPU1 ✓ P:vjepa_2_1_vitg_lpft_encoder:tdist  (82/168 done)
[02:12:37] GPU1 ◀ P:vjepa_2_1_vitg_lpft_encoder:maskratio  → logs/iter18_ngpu_poc_pt_vjepa_2_1_vitg_lpft_encoder_maskratio_20260624_021237.log
[02:22:47] GPU0 ✓ P:vjepa_2_1_vitg_lpft_encoder:teacher_free  (83/168 done)
[02:22:57] GPU0 ◀ P:vjepa_2_1_vitg_lpft_encoder:order  → logs/iter18_ngpu_poc_pt_vjepa_2_1_vitg_lpft_encoder_order_20260624_022257.log
[02:28:07] GPU1 ✓ P:vjepa_2_1_vitg_lpft_encoder:maskratio  (84/168 done)
[02:28:17] GPU1 ◀ F:vjepa_2_1_vitg_lpft_encoder:aot  → logs/iter18_ngpu_poc_et_vjepa_2_1_vitg_lpft_encoder_aot_20260624_022817.log
[02:33:27] GPU0 ✓ P:vjepa_2_1_vitg_lpft_encoder:order  (85/168 done)
[02:33:37] GPU0 ◀ F:vjepa_2_1_vitg_lpft_encoder:tov  → logs/iter18_ngpu_poc_et_vjepa_2_1_vitg_lpft_encoder_tov_20260624_023337.log
[02:42:27] GPU1 ✓ F:vjepa_2_1_vitg_lpft_encoder:aot  (86/168 done)
[02:42:37] GPU1 ◀ F:vjepa_2_1_vitg_lpft_encoder:pace  → logs/iter18_ngpu_poc_et_vjepa_2_1_vitg_lpft_encoder_pace_20260624_024237.log
[02:47:37] GPU2 ✓ E:vjepa_2_1_vitg_lpft_encoder  (87/168 done)
[02:47:47] GPU2 ◀ F:vjepa_2_1_vitg_lpft_encoder:tcc  → logs/iter18_ngpu_poc_et_vjepa_2_1_vitg_lpft_encoder_tcc_20260624_024747.log
[02:52:07] GPU2 ✓ F:vjepa_2_1_vitg_lpft_encoder:tcc  (88/168 done)
[02:52:17] GPU2 ◀ E:vjepa_2_1_vitg_peft_lora_encoder  → logs/iter18_ngpu_poc_eval_vjepa_2_1_vitg_peft_lora_encoder_20260624_025217.log
[03:04:37] GPU0 ✓ F:vjepa_2_1_vitg_lpft_encoder:tov  (89/168 done)
[03:04:47] GPU0 ◀ P:vjepa_2_1_vitg_peft_lora_encoder:rollout  → logs/iter18_ngpu_poc_pt_vjepa_2_1_vitg_peft_lora_encoder_rollout_20260624_030447.log
[03:11:07] GPU0 ✓ P:vjepa_2_1_vitg_peft_lora_encoder:rollout  (90/168 done)
[03:11:17] GPU0 ◀ P:vjepa_2_1_vitg_peft_lora_encoder:causal  → logs/iter18_ngpu_poc_pt_vjepa_2_1_vitg_peft_lora_encoder_causal_20260624_031117.log
[03:16:37] GPU0 ✓ P:vjepa_2_1_vitg_peft_lora_encoder:causal  (91/168 done)
[03:16:47] GPU0 ◀ P:vjepa_2_1_vitg_peft_lora_encoder:tdist  → logs/iter18_ngpu_poc_pt_vjepa_2_1_vitg_peft_lora_encoder_tdist_20260624_031647.log
[03:19:28] GPU1 ✓ F:vjepa_2_1_vitg_lpft_encoder:pace  (92/168 done)
[03:19:38] GPU1 ◀ P:vjepa_2_1_vitg_peft_lora_encoder:teacher_free  → logs/iter18_ngpu_poc_pt_vjepa_2_1_vitg_peft_lora_encoder_teacher_free_20260624_031938.log
[03:21:38] GPU3 ✓ F:vjepa_2_1_vitg_full_ft_encoder:pace  (93/168 done)
[03:21:48] GPU3 ◀ P:vjepa_2_1_vitg_peft_lora_encoder:maskratio  → logs/iter18_ngpu_poc_pt_vjepa_2_1_vitg_peft_lora_encoder_maskratio_20260624_032148.log
[03:26:58] GPU0 ✓ P:vjepa_2_1_vitg_peft_lora_encoder:tdist  (94/168 done)
[03:27:08] GPU0 ◀ P:vjepa_2_1_vitg_peft_lora_encoder:order  → logs/iter18_ngpu_poc_pt_vjepa_2_1_vitg_peft_lora_encoder_order_20260624_032708.log
[03:36:28] GPU3 ✓ P:vjepa_2_1_vitg_peft_lora_encoder:maskratio  (95/168 done)
[03:36:38] GPU3 ◀ F:vjepa_2_1_vitg_peft_lora_encoder:aot  → logs/iter18_ngpu_poc_et_vjepa_2_1_vitg_peft_lora_encoder_aot_20260624_033638.log
[03:36:48] GPU1 ✓ P:vjepa_2_1_vitg_peft_lora_encoder:teacher_free  (96/168 done)
[03:36:58] GPU1 ◀ F:vjepa_2_1_vitg_peft_lora_encoder:tov  → logs/iter18_ngpu_poc_et_vjepa_2_1_vitg_peft_lora_encoder_tov_20260624_033658.log
[03:37:28] GPU0 ✓ P:vjepa_2_1_vitg_peft_lora_encoder:order  (97/168 done)
[03:37:38] GPU0 ◀ F:vjepa_2_1_vitg_peft_lora_encoder:pace  → logs/iter18_ngpu_poc_et_vjepa_2_1_vitg_peft_lora_encoder_pace_20260624_033738.log
[03:50:48] GPU3 ✓ F:vjepa_2_1_vitg_peft_lora_encoder:aot  (98/168 done)
[03:50:58] GPU3 ◀ F:vjepa_2_1_vitg_peft_lora_encoder:tcc  → logs/iter18_ngpu_poc_et_vjepa_2_1_vitg_peft_lora_encoder_tcc_20260624_035058.log
[03:53:38] GPU2 ✓ E:vjepa_2_1_vitg_peft_lora_encoder  (99/168 done)
[03:53:48] GPU2 ◀ E:vjepa_2_1_vitg_peft_dora_encoder  → logs/iter18_ngpu_poc_eval_vjepa_2_1_vitg_peft_dora_encoder_20260624_035348.log
[03:55:18] GPU3 ✓ F:vjepa_2_1_vitg_peft_lora_encoder:tcc  (100/168 done)
[03:55:28] GPU3 ◀ P:vjepa_2_1_vitg_peft_dora_encoder:rollout  → logs/iter18_ngpu_poc_pt_vjepa_2_1_vitg_peft_dora_encoder_rollout_20260624_035528.log
[04:01:48] GPU3 ✓ P:vjepa_2_1_vitg_peft_dora_encoder:rollout  (101/168 done)
[04:01:58] GPU3 ◀ P:vjepa_2_1_vitg_peft_dora_encoder:causal  → logs/iter18_ngpu_poc_pt_vjepa_2_1_vitg_peft_dora_encoder_causal_20260624_040158.log
[04:07:18] GPU3 ✓ P:vjepa_2_1_vitg_peft_dora_encoder:causal  (102/168 done)
[04:07:28] GPU3 ◀ P:vjepa_2_1_vitg_peft_dora_encoder:tdist  → logs/iter18_ngpu_poc_pt_vjepa_2_1_vitg_peft_dora_encoder_tdist_20260624_040728.log
[04:07:28] GPU1 ✓ F:vjepa_2_1_vitg_peft_lora_encoder:tov  (103/168 done)
[04:07:38] GPU1 ◀ P:vjepa_2_1_vitg_peft_dora_encoder:teacher_free  → logs/iter18_ngpu_poc_pt_vjepa_2_1_vitg_peft_dora_encoder_teacher_free_20260624_040738.log
[04:11:28] GPU0 ✓ F:vjepa_2_1_vitg_peft_lora_encoder:pace  (104/168 done)
[04:11:38] GPU0 ◀ P:vjepa_2_1_vitg_peft_dora_encoder:maskratio  → logs/iter18_ngpu_poc_pt_vjepa_2_1_vitg_peft_dora_encoder_maskratio_20260624_041138.log
[04:17:38] GPU3 ✓ P:vjepa_2_1_vitg_peft_dora_encoder:tdist  (105/168 done)
[04:17:48] GPU3 ◀ P:vjepa_2_1_vitg_peft_dora_encoder:order  → logs/iter18_ngpu_poc_pt_vjepa_2_1_vitg_peft_dora_encoder_order_20260624_041748.log
[04:24:58] GPU1 ✓ P:vjepa_2_1_vitg_peft_dora_encoder:teacher_free  (106/168 done)
[04:25:08] GPU1 ◀ F:vjepa_2_1_vitg_peft_dora_encoder:aot  → logs/iter18_ngpu_poc_et_vjepa_2_1_vitg_peft_dora_encoder_aot_20260624_042508.log
[04:26:58] GPU0 ✓ P:vjepa_2_1_vitg_peft_dora_encoder:maskratio  (107/168 done)
[04:27:08] GPU0 ◀ F:vjepa_2_1_vitg_peft_dora_encoder:tov  → logs/iter18_ngpu_poc_et_vjepa_2_1_vitg_peft_dora_encoder_tov_20260624_042708.log
[04:28:08] GPU3 ✓ P:vjepa_2_1_vitg_peft_dora_encoder:order  (108/168 done)
[04:28:18] GPU3 ◀ F:vjepa_2_1_vitg_peft_dora_encoder:pace  → logs/iter18_ngpu_poc_et_vjepa_2_1_vitg_peft_dora_encoder_pace_20260624_042818.log
[04:41:18] GPU1 ✓ F:vjepa_2_1_vitg_peft_dora_encoder:aot  (109/168 done)
[04:41:28] GPU1 ◀ F:vjepa_2_1_vitg_peft_dora_encoder:tcc  → logs/iter18_ngpu_poc_et_vjepa_2_1_vitg_peft_dora_encoder_tcc_20260624_044128.log
[04:45:58] GPU1 ✓ F:vjepa_2_1_vitg_peft_dora_encoder:tcc  (110/168 done)
[04:46:08] GPU1 ◀ E:vjepa_2_1_vitg_surgical_3stage_DI_diheavy_encoder  → logs/iter18_ngpu_poc_eval_vjepa_2_1_vitg_surgical_3stage_DI_diheavy_encoder_20260624_044608.log
[04:53:48] GPU2 ✓ E:vjepa_2_1_vitg_peft_dora_encoder  (111/168 done)
[04:53:58] GPU2 ◀ P:vjepa_2_1_vitg_surgical_3stage_DI_diheavy_encoder:rollout  → logs/iter18_ngpu_poc_pt_vjepa_2_1_vitg_surgical_3stage_DI_diheavy_encoder_rollout_20260624_045358.log
[04:58:28] GPU0 ✓ F:vjepa_2_1_vitg_peft_dora_encoder:tov  (112/168 done)
[04:58:38] GPU0 ◀ P:vjepa_2_1_vitg_surgical_3stage_DI_diheavy_encoder:causal  → logs/iter18_ngpu_poc_pt_vjepa_2_1_vitg_surgical_3stage_DI_diheavy_encoder_causal_20260624_045838.log
[05:00:28] GPU2 ✓ P:vjepa_2_1_vitg_surgical_3stage_DI_diheavy_encoder:rollout  (113/168 done)
[05:00:38] GPU2 ◀ P:vjepa_2_1_vitg_surgical_3stage_DI_diheavy_encoder:tdist  → logs/iter18_ngpu_poc_pt_vjepa_2_1_vitg_surgical_3stage_DI_diheavy_encoder_tdist_20260624_050038.log
[05:03:58] GPU0 ✓ P:vjepa_2_1_vitg_surgical_3stage_DI_diheavy_encoder:causal  (114/168 done)
[05:04:08] GPU0 ◀ P:vjepa_2_1_vitg_surgical_3stage_DI_diheavy_encoder:teacher_free  → logs/iter18_ngpu_poc_pt_vjepa_2_1_vitg_surgical_3stage_DI_diheavy_encoder_teacher_free_20260624_050408.log
[05:11:28] GPU2 ✓ P:vjepa_2_1_vitg_surgical_3stage_DI_diheavy_encoder:tdist  (115/168 done)
[05:11:38] GPU2 ◀ P:vjepa_2_1_vitg_surgical_3stage_DI_diheavy_encoder:maskratio  → logs/iter18_ngpu_poc_pt_vjepa_2_1_vitg_surgical_3stage_DI_diheavy_encoder_maskratio_20260624_051138.log
[05:21:58] GPU0 ✓ P:vjepa_2_1_vitg_surgical_3stage_DI_diheavy_encoder:teacher_free  (116/168 done)
[05:22:08] GPU0 ◀ P:vjepa_2_1_vitg_surgical_3stage_DI_diheavy_encoder:order  → logs/iter18_ngpu_poc_pt_vjepa_2_1_vitg_surgical_3stage_DI_diheavy_encoder_order_20260624_052208.log
[05:27:08] GPU1 ✓ E:vjepa_2_1_vitg_surgical_3stage_DI_diheavy_encoder  (117/168 done)
[05:27:18] GPU1 ◀ F:vjepa_2_1_vitg_surgical_3stage_DI_diheavy_encoder:aot  → logs/iter18_ngpu_poc_et_vjepa_2_1_vitg_surgical_3stage_DI_diheavy_encoder_aot_20260624_052718.log
[05:27:28] GPU2 ✓ P:vjepa_2_1_vitg_surgical_3stage_DI_diheavy_encoder:maskratio  (118/168 done)
[05:27:38] GPU2 ◀ F:vjepa_2_1_vitg_surgical_3stage_DI_diheavy_encoder:tov  → logs/iter18_ngpu_poc_et_vjepa_2_1_vitg_surgical_3stage_DI_diheavy_encoder_tov_20260624_052738.log
[05:32:58] GPU0 ✓ P:vjepa_2_1_vitg_surgical_3stage_DI_diheavy_encoder:order  (119/168 done)
[05:33:08] GPU0 ◀ F:vjepa_2_1_vitg_surgical_3stage_DI_diheavy_encoder:pace  → logs/iter18_ngpu_poc_et_vjepa_2_1_vitg_surgical_3stage_DI_diheavy_encoder_pace_20260624_053308.log
[05:41:58] GPU1 ✓ F:vjepa_2_1_vitg_surgical_3stage_DI_diheavy_encoder:aot  (120/168 done)
[05:42:08] GPU1 ◀ F:vjepa_2_1_vitg_surgical_3stage_DI_diheavy_encoder:tcc  → logs/iter18_ngpu_poc_et_vjepa_2_1_vitg_surgical_3stage_DI_diheavy_encoder_tcc_20260624_054208.log
[05:46:28] GPU1 ✓ F:vjepa_2_1_vitg_surgical_3stage_DI_diheavy_encoder:tcc  (121/168 done)
[05:46:38] GPU1 ◀ E:vjepa_2_1_vitg_surgical_3stage_DI_intervene_encoder  → logs/iter18_ngpu_poc_eval_vjepa_2_1_vitg_surgical_3stage_DI_intervene_encoder_20260624_054638.log
[05:58:58] GPU2 ✓ F:vjepa_2_1_vitg_surgical_3stage_DI_diheavy_encoder:tov  (122/168 done)
[05:59:08] GPU2 ◀ P:vjepa_2_1_vitg_surgical_3stage_DI_intervene_encoder:rollout  → logs/iter18_ngpu_poc_pt_vjepa_2_1_vitg_surgical_3stage_DI_intervene_encoder_rollout_20260624_055908.log
[06:05:38] GPU2 ✓ P:vjepa_2_1_vitg_surgical_3stage_DI_intervene_encoder:rollout  (123/168 done)
[06:05:48] GPU2 ◀ P:vjepa_2_1_vitg_surgical_3stage_DI_intervene_encoder:causal  → logs/iter18_ngpu_poc_pt_vjepa_2_1_vitg_surgical_3stage_DI_intervene_encoder_causal_20260624_060548.log
[06:08:58] GPU0 ✓ F:vjepa_2_1_vitg_surgical_3stage_DI_diheavy_encoder:pace  (124/168 done)
[06:09:08] GPU0 ◀ P:vjepa_2_1_vitg_surgical_3stage_DI_intervene_encoder:tdist  → logs/iter18_ngpu_poc_pt_vjepa_2_1_vitg_surgical_3stage_DI_intervene_encoder_tdist_20260624_060908.log
[06:11:28] GPU2 ✓ P:vjepa_2_1_vitg_surgical_3stage_DI_intervene_encoder:causal  (125/168 done)
[06:11:38] GPU2 ◀ P:vjepa_2_1_vitg_surgical_3stage_DI_intervene_encoder:teacher_free  → logs/iter18_ngpu_poc_pt_vjepa_2_1_vitg_surgical_3stage_DI_intervene_encoder_teacher_free_20260624_061138.log
[06:29:48] GPU3 ✗ F:vjepa_2_1_vitg_peft_dora_encoder:pace rc=1 — see its log
  ⛔ FAIL-FAST: F:vjepa_2_1_vitg_peft_dora_encoder:pace failed (rc=1) — SIGTERM 3 still-running job(s) + aborting the run
═══ ⛔ FAIL-FAST ABORT after 17.5h · F:vjepa_2_1_vitg_peft_dora_encoder:pace failed (rc=1) · 125 job(s) done before the abort · §3 finale NOT run ═══
  ✗ first failure: F:vjepa_2_1_vitg_peft_dora_encoder:pace — read its per-job log (named on its GPU ◀ line above).
  Fix the cause, then re-run with --cache 1 to keep the 125 completed job(s).
