  [encoders] source = --encoders CLI flag
  ✓ eval frame cache:     data/eval_10k_local/m12_frame_cache (min free 80 GB)

═══ 12:03:45 · PRE-FLIGHT ═══
-rw-rw-r-- 1 root root 29G Jun 23 10:34 checkpoints/vjepa2_1_vitG_384.pt
✓ ckpt present
  ✓ mode:                 SANITY
  ✓ eval_subset:          data/eval_10k_local/eval_10k.json
  ✓ local_data:           data/eval_10k_local
  ✓ encoder_ckpt:         checkpoints/vjepa2_1_vitG_384.pt  (29G)
  ✓ motion_features:      data/eval_10k_local/m04d_motion_features/motion_features.npy  (836K)
  ✓ min_clips_per_class:  3
  ✓ min_per_split:        1
  ✓ encoders:             vjepa_2_1_vitg_surgical_3stage_DI_diheavy_encoder
  ✓ skip_stages:          2,3,11,5,6,8,8c,1,4,12,13,7,9,9b,9c,10
  ✓ cache_policy:         1
  ✓ eval_prefix:          outputs/sanity/vjepa_2_1_vitg_1B/eval/eval_10k  (corpus=eval_10k · backbone=vjepa_2_1_vitg)
  ✓ train_root:           outputs/sanity/vjepa_2_1_vitg_1B/train

──────────────────────────────────────────────
run_probe cache-policy gather (UPFRONT — one prompt per module)
──────────────────────────────────────────────
  probe_action: cache at outputs/sanity/vjepa_2_1_vitg_1B/eval/eval_10k/probe_action/action_labels.json → policy=1 (CACHE_POLICY_ALL)
  probe_cos: cache at outputs/sanity/vjepa_2_1_vitg_1B/eval/eval_10k/probe_motion_cos/vjepa_2_1_vitg_frozen → policy=1 (CACHE_POLICY_ALL)
  probe_mse: cache at outputs/sanity/vjepa_2_1_vitg_1B/eval/eval_10k/probe_future_mse/vjepa_2_1_vitg_frozen → policy=1 (CACHE_POLICY_ALL)
  → ACTION=1  COS=1  MSE=1

──────────────────────────────────────────────
P2/P3 trainer-output pre-flight
──────────────────────────────────────────────
  ✓ vjepa_2_1_vitg_surgical_3stage_DI_diheavy_encoder: outputs/sanity/vjepa_2_1_vitg_1B/train/m09c_surgery_3stage_DI_diheavy_encoder/student_encoder.pt
  → final ENCODERS: vjepa_2_1_vitg_surgical_3stage_DI_diheavy_encoder

──────────────────────────────────────────────
Stage 8 predictor-ckpt pre-flight
──────────────────────────────────────────────
FATAL: key 'encoders.vjepa_2_1_vitg_surgical_3stage_DI_diheavy_encoder.kind' missing from configs/eval/probe_encoders.yaml (failed at 'vjepa_2_1_vitg_surgical_3stage_DI_diheavy_encoder')
  → no V-JEPA variants have predictor ckpt; Stage 8/9 will be auto-skipped

──────────────────────────────────────────────
motion_aux_head pre-flight (head-vs-encoder paired-Δ readiness)
──────────────────────────────────────────────
  ✓ vjepa_2_1_vitg_surgical_3stage_DI_diheavy_encoder: outputs/sanity/vjepa_2_1_vitg_1B/train/m09c_surgery_3stage_DI_diheavy_encoder/motion_aux_head.pt
  → head-augmented eval ENCODERS: vjepa_2_1_vitg_surgical_3stage_DI_diheavy_encoder
  → final ENCODERS after head preflight: vjepa_2_1_vitg_surgical_3stage_DI_diheavy_encoder

──────────────────────────────────────────────
Pre-eval pretrain_encoder-cleanup (drop _latest.pt resume anchors)
──────────────────────────────────────────────

═══ 12:03:45 · PER-ENCODER pipeline (Stages 2/3/3.5/5/6/8/8b/8c) — xxxxxxxxxxxxxxxxxxxxxxxxxxxxxxxxxxxxxxxxxxxxxxxxx encoders sequentially ═══

════════════════════════════════════════════════════════════════
ENCODER: vjepa_2_1_vitg_surgical_3stage_DI_diheavy_encoder  (Stages 2/3/5/6/8)
════════════════════════════════════════════════════════════════
FATAL: key 'encoders.vjepa_2_1_vitg_surgical_3stage_DI_diheavy_encoder.kind' missing from configs/eval/probe_encoders.yaml (failed at 'vjepa_2_1_vitg_surgical_3stage_DI_diheavy_encoder')

❌ FATAL: run_eval.sh aborted at line 823 (exit=3) — sequential dependency failed; downstream stages skipped
