[M9] LOCAL_DATA=data/eval_10k_local · MASTER_MANIFEST=data/eval_10k_local/eval_10k.json
═══ 11:26:11 · Generating train/val/test split JSONs ═══
Generated data/eval_10k_local/train_split.json: 57 clips (split=train)
Generated data/eval_10k_local/val_split.json: 20 clips (split=val)
Generated data/eval_10k_local/test_split.json: 20 clips (split=test)
═══ 11:26:11 · Building leakage-safe train pool (universe=broad_manifest · ratio=0.01 [SANITY]) ═══
  [clip_splits] clip_pool_ratio=0.01: universe subsampled 10000 → 100 (seed=42, deterministic)
  [clip_splits] universe=broad_manifest: 100 − val(0) − test(0) = 100 train clips (leakage-safe: val∪test excluded)
  [clip_splits] wrote 100 train-pool keys → data/eval_10k_local/train_pool.json
  [multi-task] Using taxonomy labels: outputs/sanity/vjepa_2_1_vitg_1B/eval/eval_10k/probe_taxonomy/taxonomy_labels.json
═══ 11:26:12 · m09b_peft_dora train [variant=encoder] (SANITY) ═══
  config:    configs/train/peft_dora_encoder.yaml
  subset:    data/eval_10k_local/train_pool.json  (leakage-safe: universe − val − test)
  factor:    data/eval_10k_local/m11_factor_datasets
  output:    outputs/sanity/vjepa_2_1_vitg_1B/train/m09b_peft_dora_encoder
  init:      outputs/sanity/vjepa_2_1_vitg_1B/train/m09a_pretrain_encoder/m09a_ckpt_best.pt (iter15 — accepts hf:// URI or local path; the trainer dispatches by prefix)
  recipe (MANDATORY, resolved from configs/train/peft_dora_encoder.yaml + optional env overrides): --teacher-mode FROZEN --lp-ft-stage0 off --warmup-mode single --subset-mode recipe_v3 --saliency off --spd off --replay on
[live-debug] installed — pid=156390. Force a stack dump anytime via:
[live-debug]   kill -USR1 156390   # signal-safe native dump
[live-debug]   kill -USR2 156390   # Python dump with banner
  [train-frame-cache] ON → data/eval_10k_local/m12_frame_cache (min_free=200G) — deterministic decode memoized; shared across epochs/stages/arms/evals
  [recipe-v3 receipts] saliency_weighting=False · spd.enabled=False · raw_pretrain_pct=1.0 · factor_streaming.enabled=True
GPU: NVIDIA RTX PRO 6000 Blackwell Workstation Edition
CUDA version: 13.0
  [probe_labels] cached: /workspace/factorjepa/outputs/sanity/probe_action/action_labels.json
  [probe_labels] cached: /workspace/factorjepa/outputs/sanity/probe_taxonomy/taxonomy_labels.json
  [cache-policy=2/recompute] WIPING output_dir (m09b_peft_dora_encoder): outputs/sanity/vjepa_2_1_vitg_1B/train/m09b_peft_dora_encoder (0 file(s))
  [cache-policy=2/recompute] output_dir (m09b_peft_dora_encoder) recreated empty: outputs/sanity/vjepa_2_1_vitg_1B/train/m09b_peft_dora_encoder
/workspace/factorjepa/venv_walkindia/lib/python3.12/site-packages/timm/models/layers/__init__.py:49: FutureWarning: Importing from timm.models.layers is deprecated, please import via timm.layers
  warnings.warn(f"Importing from {__name__} is deprecated, please import via timm.layers", FutureWarning)
  [iter15] Local init from: /workspace/factorjepa/outputs/sanity/vjepa_2_1_vitg_1B/train/m09a_pretrain_encoder/m09a_ckpt_best.pt
  [iter14] Loading init from prior-run ckpt: /workspace/factorjepa/outputs/sanity/vjepa_2_1_vitg_1B/train/m09a_pretrain_encoder/m09a_ckpt_best.pt
  [iter14] Schema: student (492 keys) + predictor (300 keys)
Student loaded: 1,012,185,216 params (492/492 keys = 100%)
Teacher created (deepcopy of student) — mode=FROZEN (SALT) → EMA updates will be SKIPPED; teacher == init checkpoint forever
Predictor loaded from checkpoint (300/300 keys = 100%)
Predictor: 55,397,632 params
  Gradient checkpointing enabled on 40 blocks (~2-4× activation memory reduction, ~25% throughput cost)
  PEFT: DoRA r=16 alpha=32 targets=['qkv', 'proj', 'fc1', 'fc2'] → 15,649,152 trainable adapter params (base FROZEN)
  [motion_aux] enabled: 11 classes, 23-D vec, 97 clips with targets, 369,954 head params, weight_motion=0.1, weight_ce=1.0, weight_mse=1.0
[POC] Loaded subset: 100 clip keys from train_pool.json
  train/val split: 93 train / 20 val (--subset pool ∩ factor_manifest (leakage-safe, test excluded upstream))
  Factor index: 0 clips (D_L=0, D_A=0, D_I=0)
  build_streaming_indices: 9297 clips ready (9297 mp4, 9297 masks, 10 TARs scanned)
[loss] Pure JEPA L1 (α=1, β=γ=0) — default scaffold path, no multi-task active
  [pre-flight] mode_mixture vs manifest availability OK: {'D_L': 9238, 'D_A': 7702, 'D_I': 6860}

============================================================
SURGERY TRAINING — 1 stages on 93 factor clips
Model: vit_giant_xformers_2_1 (40 blocks, 1408-dim)
Epochs: 1 | Steps: 2 | BS: 32
Dense loss: predict_all=True | Deep supervision: 4 levels
============================================================
AdaptiveBatchSizer (surgery, grad-accum): start=30, max=32 (= effective BS), target VRAM=85%

============================================================
[probe] N=20 held-out val clips, cadence=saves_per_epoch, saves_per_epoch=2 (probe_every=1 steps, ~2 total probes), val_loss=True
============================================================
  [probe] frame-cache ON → data/eval_10k_local/m12_frame_cache (shared across arms + evals)
  Parallel TAR reader: 8 threads, 10 TARs, queue=256
  [tar reader] subset-00007.tar: emitted=0, dropped=0 (missing_part=0, empty_mp4=0), filtered=1000 (subset=1000, resume=0)
  [tar reader] subset-00006.tar: emitted=0, dropped=0 (missing_part=0, empty_mp4=0), filtered=1000 (subset=1000, resume=0)
  [tar reader] subset-00005.tar: emitted=0, dropped=0 (missing_part=0, empty_mp4=0), filtered=1000 (subset=1000, resume=0)
  [tar reader] subset-00002.tar: emitted=0, dropped=0 (missing_part=0, empty_mp4=0), filtered=1000 (subset=1000, resume=0)
  [tar reader] subset-00000.tar: emitted=20, dropped=0 (missing_part=0, empty_mp4=0), filtered=980 (subset=980, resume=0)
  [tar reader] subset-00001.tar: emitted=0, dropped=0 (missing_part=0, empty_mp4=0), filtered=1000 (subset=1000, resume=0)
  [tar reader] subset-00004.tar: emitted=0, dropped=0 (missing_part=0, empty_mp4=0), filtered=1000 (subset=1000, resume=0)
  [tar reader] subset-00003.tar: emitted=0, dropped=0 (missing_part=0, empty_mp4=0), filtered=1000 (subset=1000, resume=0)
  [tar reader] subset-00009.tar: emitted=0, dropped=0 (missing_part=0, empty_mp4=0), filtered=297 (subset=297, resume=0)
  [tar reader] subset-00008.tar: emitted=0, dropped=0 (missing_part=0, empty_mp4=0), filtered=1000 (subset=1000, resume=0)
  [probe] decoding 20 clips with 8 CPU workers (was serial → ~8x speedup expected)
probe_decode:   0%|          | 0/20 [00:00<?, ?clip/s]probe_decode:   5%|▌         | 1/20 [00:25<07:58, 25.21s/clip]probe_decode: 100%|██████████| 20/20 [00:25<00:00,  1.27s/clip, recent=0.0s/clip ETA0.0h]
  [probe] decoded 20 clips (0 skipped — no tag match)
  WARNING: probe has only 20 clips — bootstrap CI will be wide (N<100)

============================================================
STAGE 1/1: peft_single
  Layers 0-40 trainable | 2 steps | warmup 1
  Mixture: {'L': 1.0, 'A': 0.0, 'I': 0.0}
============================================================
  PEFT: set_trainable_prefix SKIPPED (stage depth-fraction n=40); adapters stay trainable, base frozen
  Optimizer: AdamW (fp32, vanilla — SPD off) — 783 param groups
  StreamingFactorDataset: REQUESTED={'L': 1.0} → ACTUAL={D_L=100%} (indexed=93 clips)
surgery:peft_single:   0%|          | 0/2 [00:00<?, ?step/s]  StreamingFactorDataset: raw-replay ENABLED (worker 0/1) raw_pct=100% · raw_clips_local=93
/usr/lib/python3.12/contextlib.py:105: FutureWarning: `torch.backends.cuda.sdp_kernel()` is deprecated. In the future, this context manager will be removed. Please see `torch.nn.attention.sdpa_kernel()` for the new context manager, with updated signature.
  self.gen = func(*args, **kwds)
  AdaptiveBatch: VRAM 12% < 65% → sub-batch 30 → 31
surgery:peft_single:  50%|█████     | 1/2 [00:49<00:49, 49.40s/step]  [probe-trio] encoding 20 clips...
  [probe-trio] step=1 top1=0.2000  motion_cos=-0.1909  future_l1=0.6225  causal_l1=0.6364  maskratio=0.0580  (N=20)
  [probe] step=1 stage=peft_single N=20 top-1=0.2000 motion_cos=-0.1909 future_l1=0.6225 val_jepa=0.4247
  Merging LoRA/DoRA weights into base model for export (non-destructive deepcopy)...
Exported student encoder: outputs/sanity/vjepa_2_1_vitg_1B/train/m09b_peft_dora_encoder/student_best.pt
  [best] new best future_l1=0.6225 (step 1) → saved student_best.pt
/workspace/factorjepa/src/utils/plots.py:1047: UserWarning: This figure includes Axes that are not compatible with tight_layout, so results might be incorrect.
  fig.tight_layout(rect=[0, 0.02, 1, 0.97])
  Saved: outputs/sanity/vjepa_2_1_vitg_1B/train/m09b_peft_dora_encoder/m09c_probe_trajectory_trio.png + .pdf
  Saved: outputs/sanity/vjepa_2_1_vitg_1B/train/m09b_peft_dora_encoder/m09c_val_loss_jepa.png + .pdf
  Saved: outputs/sanity/vjepa_2_1_vitg_1B/train/m09b_peft_dora_encoder/m09c_train_loss.png + .pdf
  SKIP plot_combined_losses: only 1 train rows in outputs/sanity/vjepa_2_1_vitg_1B/train/m09b_peft_dora_encoder/loss_log.jsonl
  AdaptiveBatch: VRAM 12% < 65% → sub-batch 31 → 32
surgery:peft_single:  50%|█████     | 1/2 [02:08<02:08, 128.02s/step, S1 loss=0.4523 lr=5.00e-05 grad=3.11 0.02 step/s]surgery:peft_single: 100%|██████████| 2/2 [02:08<00:00, 64.01s/step, S1 loss=0.4523 lr=5.00e-05 grad=3.11 0.02 step/s] surgery:peft_single: 100%|██████████| 2/2 [02:08<00:00, 64.01s/step, S1 loss=0.4523 lr=5.00e-05 grad=3.11 0.02 step/s]
  Stage peft_single complete: 2 steps, loss=0.4470
  [probe-trio] encoding 20 clips...
  [probe-trio] step=2 top1=0.2000  motion_cos=-0.1908  future_l1=0.6261  causal_l1=0.6370  maskratio=0.0572  (N=20)
  [probe] step=2 stage=peft_single N=20 top-1=0.2000 motion_cos=-0.1908 future_l1=0.6261 val_jepa=0.4330
  Saved: outputs/sanity/vjepa_2_1_vitg_1B/train/m09b_peft_dora_encoder/m09c_probe_trajectory_trio.png + .pdf
  Saved: outputs/sanity/vjepa_2_1_vitg_1B/train/m09b_peft_dora_encoder/m09c_val_loss_jepa.png + .pdf
  Saved: outputs/sanity/vjepa_2_1_vitg_1B/train/m09b_peft_dora_encoder/m09c_train_loss.png + .pdf
  Saved: outputs/sanity/vjepa_2_1_vitg_1B/train/m09b_peft_dora_encoder/m09c_loss_decomposition.png + .pdf
  [best] Promoted student_best.pt (future_l1=0.6225 at step 1, stage peft_single) → student_encoder.pt
  [SANITY] skip encoder-diverged assert (1-step warmup → lr=0 expected)
Exported motion_aux head: outputs/sanity/vjepa_2_1_vitg_1B/train/m09b_peft_dora_encoder/motion_aux_head.pt
Exported predictor-bearing best ckpt: outputs/sanity/vjepa_2_1_vitg_1B/train/m09b_peft_dora_encoder/m09c_ckpt_best.pt
  [anchor-cleanup] removed m09c_ckpt_latest.pt (3.8 G)
  [anchor-cleanup] removed m09c_ckpt_stage0.pt (3.8 G)
  [anchor-cleanup] m09b_peft_dora_encoder: freed 7.7 G of resume anchors (kept student_encoder.pt + *ckpt_best*)

============================================================
[probe] Trajectory across 2 stages:
  top1: [0.2, 0.2]
  Δtop1 (BWT-proxy): +0.0000
  ✓  monotonic improvement across stages
============================================================
  Saved: outputs/sanity/vjepa_2_1_vitg_1B/train/m09b_peft_dora_encoder/m09c_probe_trajectory_trio.png + .pdf
  Saved: outputs/sanity/vjepa_2_1_vitg_1B/train/m09b_peft_dora_encoder/m09c_val_loss_jepa.png + .pdf
  Saved: outputs/sanity/vjepa_2_1_vitg_1B/train/m09b_peft_dora_encoder/m09c_train_loss.png + .pdf

SURGERY COMPLETE: 2 steps across 1 stages
  Exported: outputs/sanity/vjepa_2_1_vitg_1B/train/m09b_peft_dora_encoder/student_encoder.pt

═══ 11:29:16 · DONE ═══
Expected outputs (consumed by scripts/run_eval.sh):
-rw-rw-r-- 1 root root 3.8G Jun 23 11:27 outputs/sanity/vjepa_2_1_vitg_1B/train/m09b_peft_dora_encoder/student_encoder.pt
-rw-rw-r-- 1 root root 4.0G Jun 23 11:29 outputs/sanity/vjepa_2_1_vitg_1B/train/m09b_peft_dora_encoder/m09c_ckpt_best.pt
  → Stage 8 future_mse will use this (carries 'predictor' key).
