[live-debug] installed — pid=157284. Force a stack dump anytime via:
[live-debug]   kill -USR1 157284   # signal-safe native dump
[live-debug]   kill -USR2 157284   # Python dump with banner
  [train-frame-cache] ON → data/eval_10k_local/m12_frame_cache (min_free=200G) — deterministic decode memoized; shared across epochs/stages/arms/evals
  [recipe-v3 receipts] saliency_weighting=True · spd.enabled=True · raw_pretrain_pct=0.5 · factor_streaming.enabled=True
GPU: NVIDIA RTX PRO 6000 Blackwell Workstation Edition
CUDA version: 13.0
  [probe_labels] cached: /workspace/factorjepa/outputs/sanity/probe_action/action_labels.json
  [probe_labels] cached: /workspace/factorjepa/outputs/sanity/probe_taxonomy/taxonomy_labels.json
  [cache-policy=2/recompute] WIPING output_dir (m09c_surgery_3stage_DI_diheavy_encoder): outputs/sanity/vjepa_2_1_vitg_1B/train/m09c_surgery_3stage_DI_diheavy_encoder (0 file(s))
  [cache-policy=2/recompute] output_dir (m09c_surgery_3stage_DI_diheavy_encoder) recreated empty: outputs/sanity/vjepa_2_1_vitg_1B/train/m09c_surgery_3stage_DI_diheavy_encoder
/workspace/factorjepa/venv_walkindia/lib/python3.12/site-packages/timm/models/layers/__init__.py:49: FutureWarning: Importing from timm.models.layers is deprecated, please import via timm.layers
  warnings.warn(f"Importing from {__name__} is deprecated, please import via timm.layers", FutureWarning)
  [iter15] Local init from: /workspace/factorjepa/outputs/sanity/vjepa_2_1_vitg_1B/train/m09a_pretrain_encoder/m09a_ckpt_best.pt
  [iter14] Loading init from prior-run ckpt: /workspace/factorjepa/outputs/sanity/vjepa_2_1_vitg_1B/train/m09a_pretrain_encoder/m09a_ckpt_best.pt
  [iter14] Schema: student (492 keys) + predictor (300 keys)
Student loaded: 1,012,185,216 params (492/492 keys = 100%)
Teacher created (deepcopy of student) — mode=FROZEN (SALT) → EMA updates will be SKIPPED; teacher == init checkpoint forever
Predictor loaded from checkpoint (300/300 keys = 100%)
Predictor: 55,397,632 params
  Gradient checkpointing enabled on 40 blocks (~2-4× activation memory reduction, ~25% throughput cost)
  [motion_aux] enabled: 11 classes, 23-D vec, 97 clips with targets, 369,954 head params, weight_motion=0.1, weight_ce=1.0, weight_mse=1.0
[POC] Loaded subset: 100 clip keys from train_pool.json
  train/val split: 93 train / 20 val (--subset pool ∩ factor_manifest (leakage-safe, test excluded upstream))
  Factor index: 0 clips (D_L=0, D_A=0, D_I=0)
  build_streaming_indices: 9297 clips ready (9297 mp4, 9297 masks, 10 TARs scanned)
  [LP-FT Stage 0 ENABLED] prepended head-only warmup stage: 10% of total_steps, mixture={'L': 0.5, 'A': 0.5, 'I': 0.0}, encoder FROZEN (predictor + motion_aux head trainable only)
[loss] Pure JEPA L1 (α=1, β=γ=0) — default scaffold path, no multi-task active
  [pre-flight] mode_mixture vs manifest availability OK: {'D_L': 9238, 'D_A': 7702, 'D_I': 6860}

============================================================
SURGERY TRAINING — 4 stages on 93 factor clips
Model: vit_giant_xformers_2_1 (40 blocks, 1408-dim)
Epochs: 1 | Steps: 2 | BS: 32
Dense loss: predict_all=True | Deep supervision: 4 levels
============================================================
AdaptiveBatchSizer (surgery, grad-accum): start=30, max=32 (= effective BS), target VRAM=85%

============================================================
[probe] N=20 held-out val clips, cadence=saves_per_epoch, saves_per_epoch=2 (probe_every=1 steps, ~2 total probes), val_loss=True
============================================================
  [probe] frame-cache ON → data/eval_10k_local/m12_frame_cache (shared across arms + evals)
  Parallel TAR reader: 8 threads, 10 TARs, queue=256
  [tar reader] subset-00001.tar: emitted=0, dropped=0 (missing_part=0, empty_mp4=0), filtered=1000 (subset=1000, resume=0)
  [tar reader] subset-00006.tar: emitted=0, dropped=0 (missing_part=0, empty_mp4=0), filtered=1000 (subset=1000, resume=0)
  [tar reader] subset-00007.tar: emitted=0, dropped=0 (missing_part=0, empty_mp4=0), filtered=1000 (subset=1000, resume=0)
  [tar reader] subset-00003.tar: emitted=0, dropped=0 (missing_part=0, empty_mp4=0), filtered=1000 (subset=1000, resume=0)
  [tar reader] subset-00005.tar: emitted=0, dropped=0 (missing_part=0, empty_mp4=0), filtered=1000 (subset=1000, resume=0)
  [tar reader] subset-00004.tar: emitted=0, dropped=0 (missing_part=0, empty_mp4=0), filtered=1000 (subset=1000, resume=0)
  [tar reader] subset-00002.tar: emitted=0, dropped=0 (missing_part=0, empty_mp4=0), filtered=1000 (subset=1000, resume=0)
  [tar reader] subset-00000.tar: emitted=20, dropped=0 (missing_part=0, empty_mp4=0), filtered=980 (subset=980, resume=0)
  [tar reader] subset-00009.tar: emitted=0, dropped=0 (missing_part=0, empty_mp4=0), filtered=297 (subset=297, resume=0)
  [tar reader] subset-00008.tar: emitted=0, dropped=0 (missing_part=0, empty_mp4=0), filtered=1000 (subset=1000, resume=0)
  [probe] decoding 20 clips with 8 CPU workers (was serial → ~8x speedup expected)
probe_decode:   0%|          | 0/20 [00:00<?, ?clip/s]probe_decode:   5%|▌         | 1/20 [00:22<07:08, 22.57s/clip]probe_decode: 100%|██████████| 20/20 [00:22<00:00,  1.14s/clip, recent=0.0s/clip ETA0.0h]
  [probe] decoded 20 clips (0 skipped — no tag match)
  WARNING: probe has only 20 clips — bootstrap CI will be wide (N<100)

============================================================
STAGE 1/4: stage0_head_only
  Layers 0-0 trainable | 1 steps | warmup 1
  Mixture: {'L': 0.5, 'A': 0.5, 'I': 0.0}
============================================================
  Trainable prefix: 0/40 blocks (236,544/1,012,185,216 = 0.0%)
  Optimizer: SPDAdamW (alpha_spd=0.05, n_anchored=492) — 468 param groups
  StreamingFactorDataset: REQUESTED={'L': 0.5, 'A': 0.5} → ACTUAL={D_L=50%, D_A=50%} (indexed=93 clips)
surgery:stage0_head_only:   0%|          | 0/1 [00:00<?, ?step/s]  StreamingFactorDataset: raw-replay ENABLED (worker 0/1) raw_pct=50% · raw_clips_local=93
/usr/lib/python3.12/contextlib.py:105: FutureWarning: `torch.backends.cuda.sdp_kernel()` is deprecated. In the future, this context manager will be removed. Please see `torch.nn.attention.sdpa_kernel()` for the new context manager, with updated signature.
  self.gen = func(*args, **kwds)
  AdaptiveBatch: VRAM 24% < 65% → sub-batch 30 → 31
surgery:stage0_head_only:   0%|          | 0/1 [01:26<?, ?step/s, S1 loss=0.4470 lr=5.00e-05 grad=3.72 0.02 step/s]surgery:stage0_head_only: 100%|██████████| 1/1 [01:26<00:00, 86.92s/step, S1 loss=0.4470 lr=5.00e-05 grad=3.72 0.02 step/s]surgery:stage0_head_only: 100%|██████████| 1/1 [01:26<00:00, 86.92s/step, S1 loss=0.4470 lr=5.00e-05 grad=3.72 0.02 step/s]
  Stage stage0_head_only complete: 1 steps, loss=0.4470
  [probe-trio] encoding 20 clips...
  [probe-trio] step=1 top1=0.2000  motion_cos=-0.1910  future_l1=0.6239  causal_l1=0.6363  maskratio=0.0578  (N=20)
  [probe] step=1 stage=stage0_head_only N=20 top-1=0.2000 motion_cos=-0.1910 future_l1=0.6239 val_jepa=0.4256
/workspace/factorjepa/src/utils/plots.py:840: UserWarning: Attempting to set identical low and high xlims makes transformation singular; automatically expanding.
  im = ax_h.imshow(np.log10(drift_safe.T), aspect="auto", origin="lower",
  Saved: outputs/sanity/vjepa_2_1_vitg_1B/train/m09c_surgery_3stage_DI_diheavy_encoder/m09c_block_drift.png + .pdf
Exported student encoder: outputs/sanity/vjepa_2_1_vitg_1B/train/m09c_surgery_3stage_DI_diheavy_encoder/student_best.pt
  [best] new best future_l1=0.6239 (step 1) → saved student_best.pt
/workspace/factorjepa/src/utils/plots.py:1047: UserWarning: This figure includes Axes that are not compatible with tight_layout, so results might be incorrect.
  fig.tight_layout(rect=[0, 0.02, 1, 0.97])
  Saved: outputs/sanity/vjepa_2_1_vitg_1B/train/m09c_surgery_3stage_DI_diheavy_encoder/m09c_probe_trajectory_trio.png + .pdf
  Saved: outputs/sanity/vjepa_2_1_vitg_1B/train/m09c_surgery_3stage_DI_diheavy_encoder/m09c_val_loss_jepa.png + .pdf
  Saved: outputs/sanity/vjepa_2_1_vitg_1B/train/m09c_surgery_3stage_DI_diheavy_encoder/m09c_train_loss.png + .pdf
  SKIP plot_combined_losses: only 1 train rows in outputs/sanity/vjepa_2_1_vitg_1B/train/m09c_surgery_3stage_DI_diheavy_encoder/loss_log.jsonl

============================================================
STAGE 2/4: stage1_layout
  Layers 0-3 trainable | 1 steps | warmup 0
  Mixture: {'L': 1.0, 'A': 0.0, 'I': 0.0}
============================================================
  Inter-stage cleanup: 10.1 GB used / 102.0 GB total after releasing Stage 1 state
  Trainable prefix: 3/40 blocks (75,970,176/1,012,185,216 = 7.5%)
  Optimizer: SPDAdamW (alpha_spd=0.05, n_anchored=492) — 492 param groups
  StreamingFactorDataset: REQUESTED={'L': 1.0} → ACTUAL={D_L=100%} (indexed=93 clips)
surgery:stage1_layout:   0%|          | 0/1 [00:00<?, ?step/s]  StreamingFactorDataset: raw-replay ENABLED (worker 0/1) raw_pct=50% · raw_clips_local=93
  AdaptiveBatch: VRAM 24% < 65% → sub-batch 31 → 32
surgery:stage1_layout:   0%|          | 0/1 [03:30<?, ?step/s, S2 loss=0.4427 lr=5.00e-05 grad=1.50 0.01 step/s]surgery:stage1_layout: 100%|██████████| 1/1 [03:30<00:00, 210.68s/step, S2 loss=0.4427 lr=5.00e-05 grad=1.50 0.01 step/s]surgery:stage1_layout: 100%|██████████| 1/1 [03:30<00:00, 210.68s/step, S2 loss=0.4427 lr=5.00e-05 grad=1.50 0.01 step/s]
  [cache-policy=2/recompute] deleted m09c stage checkpoint: outputs/sanity/vjepa_2_1_vitg_1B/train/m09c_surgery_3stage_DI_diheavy_encoder/m09c_ckpt_stage0.pt
  Stage stage1_layout complete: 1 steps, loss=0.4427
  [probe-trio] encoding 20 clips...
  [probe-trio] step=2 top1=0.2000  motion_cos=-0.1910  future_l1=0.6218  causal_l1=0.6374  maskratio=0.0595  (N=20)
  [probe] step=2 stage=stage1_layout N=20 top-1=0.2000 motion_cos=-0.1910 future_l1=0.6218 val_jepa=0.4359
  Saved: outputs/sanity/vjepa_2_1_vitg_1B/train/m09c_surgery_3stage_DI_diheavy_encoder/m09c_block_drift.png + .pdf
Exported student encoder: outputs/sanity/vjepa_2_1_vitg_1B/train/m09c_surgery_3stage_DI_diheavy_encoder/student_best.pt
  [best] new best future_l1=0.6218 (step 2) → saved student_best.pt
  Saved: outputs/sanity/vjepa_2_1_vitg_1B/train/m09c_surgery_3stage_DI_diheavy_encoder/m09c_probe_trajectory_trio.png + .pdf
  Saved: outputs/sanity/vjepa_2_1_vitg_1B/train/m09c_surgery_3stage_DI_diheavy_encoder/m09c_val_loss_jepa.png + .pdf
  Saved: outputs/sanity/vjepa_2_1_vitg_1B/train/m09c_surgery_3stage_DI_diheavy_encoder/m09c_train_loss.png + .pdf
  Saved: outputs/sanity/vjepa_2_1_vitg_1B/train/m09c_surgery_3stage_DI_diheavy_encoder/m09c_loss_decomposition.png + .pdf

============================================================
STAGE 3/4: stage2_agent
  Layers 0-6 trainable | 1 steps | warmup 0
  Mixture: {'L': 0.3, 'A': 0.7, 'I': 0.0}
============================================================
  Inter-stage cleanup: 10.1 GB used / 102.0 GB total after releasing Stage 2 state
  Trainable prefix: 6/40 blocks (151,703,808/1,012,185,216 = 15.0%)
  Optimizer: SPDAdamW (alpha_spd=0.05, n_anchored=492) — 516 param groups
  StreamingFactorDataset: REQUESTED={'L': 0.3, 'A': 0.7} → ACTUAL={D_L=30%, D_A=70%} (indexed=93 clips)
surgery:stage2_agent:   0%|          | 0/1 [00:00<?, ?step/s]  StreamingFactorDataset: raw-replay ENABLED (worker 0/1) raw_pct=50% · raw_clips_local=93
surgery:stage2_agent:   0%|          | 0/1 [04:56<?, ?step/s, S3 loss=0.4694 lr=5.00e-05 grad=242.94 0.02 step/s]surgery:stage2_agent: 100%|██████████| 1/1 [04:56<00:00, 296.14s/step, S3 loss=0.4694 lr=5.00e-05 grad=242.94 0.02 step/s]surgery:stage2_agent: 100%|██████████| 1/1 [04:56<00:00, 296.14s/step, S3 loss=0.4694 lr=5.00e-05 grad=242.94 0.02 step/s]
  [cache-policy=2/recompute] deleted m09c stage checkpoint: outputs/sanity/vjepa_2_1_vitg_1B/train/m09c_surgery_3stage_DI_diheavy_encoder/m09c_ckpt_stage1.pt
  Stage stage2_agent complete: 1 steps, loss=0.4694
  [probe-trio] encoding 20 clips...
  [probe-trio] step=3 top1=0.2000  motion_cos=-0.1909  future_l1=0.6264  causal_l1=0.6357  maskratio=0.0558  (N=20)
  [probe] step=3 stage=stage2_agent N=20 top-1=0.2000 motion_cos=-0.1909 future_l1=0.6264 val_jepa=0.4381
  Saved: outputs/sanity/vjepa_2_1_vitg_1B/train/m09c_surgery_3stage_DI_diheavy_encoder/m09c_block_drift.png + .pdf
  Saved: outputs/sanity/vjepa_2_1_vitg_1B/train/m09c_surgery_3stage_DI_diheavy_encoder/m09c_probe_trajectory_trio.png + .pdf
  Saved: outputs/sanity/vjepa_2_1_vitg_1B/train/m09c_surgery_3stage_DI_diheavy_encoder/m09c_val_loss_jepa.png + .pdf
  Saved: outputs/sanity/vjepa_2_1_vitg_1B/train/m09c_surgery_3stage_DI_diheavy_encoder/m09c_train_loss.png + .pdf
  Saved: outputs/sanity/vjepa_2_1_vitg_1B/train/m09c_surgery_3stage_DI_diheavy_encoder/m09c_loss_decomposition.png + .pdf

============================================================
STAGE 4/4: stage3_interaction
  Layers 0-6 trainable | 1 steps | warmup 0
  Mixture: {'L': 0.15, 'A': 0.15, 'I': 0.7}
============================================================
  Inter-stage cleanup: 10.1 GB used / 102.0 GB total after releasing Stage 3 state
  Trainable prefix: 6/40 blocks (151,703,808/1,012,185,216 = 15.0%)
  Optimizer: SPDAdamW (alpha_spd=0.05, n_anchored=492) — 516 param groups
  StreamingFactorDataset: REQUESTED={'L': 0.15, 'A': 0.15, 'I': 0.7} → ACTUAL={D_L=15%, D_A=15%, D_I=70%} (indexed=93 clips)
surgery:stage3_interaction:   0%|          | 0/1 [00:00<?, ?step/s]  StreamingFactorDataset: raw-replay ENABLED (worker 0/1) raw_pct=50% · raw_clips_local=93
surgery:stage3_interaction: 100%|██████████| 1/1 [05:53<00:00, 353.73s/step]surgery:stage3_interaction: 100%|██████████| 1/1 [05:53<00:00, 353.73s/step]
  [cache-policy=2/recompute] deleted m09c stage checkpoint: outputs/sanity/vjepa_2_1_vitg_1B/train/m09c_surgery_3stage_DI_diheavy_encoder/m09c_ckpt_stage2.pt
  Stage stage3_interaction complete: 1 steps, loss=0.4341
  [probe-trio] encoding 20 clips...
  [probe-trio] step=4 top1=0.2000  motion_cos=-0.1909  future_l1=0.6196  causal_l1=0.6360  maskratio=0.0575  (N=20)
  [probe] step=4 stage=stage3_interaction N=20 top-1=0.2000 motion_cos=-0.1909 future_l1=0.6196 val_jepa=0.4256
  Saved: outputs/sanity/vjepa_2_1_vitg_1B/train/m09c_surgery_3stage_DI_diheavy_encoder/m09c_block_drift.png + .pdf
Exported student encoder: outputs/sanity/vjepa_2_1_vitg_1B/train/m09c_surgery_3stage_DI_diheavy_encoder/student_best.pt
  [best] new best future_l1=0.6196 (step 4) → saved student_best.pt
  Saved: outputs/sanity/vjepa_2_1_vitg_1B/train/m09c_surgery_3stage_DI_diheavy_encoder/m09c_probe_trajectory_trio.png + .pdf
  Saved: outputs/sanity/vjepa_2_1_vitg_1B/train/m09c_surgery_3stage_DI_diheavy_encoder/m09c_val_loss_jepa.png + .pdf
  Saved: outputs/sanity/vjepa_2_1_vitg_1B/train/m09c_surgery_3stage_DI_diheavy_encoder/m09c_train_loss.png + .pdf
  Saved: outputs/sanity/vjepa_2_1_vitg_1B/train/m09c_surgery_3stage_DI_diheavy_encoder/m09c_loss_decomposition.png + .pdf
  [best] Promoted student_best.pt (future_l1=0.6196 at step 4, stage stage3_interaction) → student_encoder.pt
  [SANITY] skip encoder-diverged assert (1-step warmup → lr=0 expected)
Exported motion_aux head: outputs/sanity/vjepa_2_1_vitg_1B/train/m09c_surgery_3stage_DI_diheavy_encoder/motion_aux_head.pt
Exported predictor-bearing best ckpt: outputs/sanity/vjepa_2_1_vitg_1B/train/m09c_surgery_3stage_DI_diheavy_encoder/m09c_ckpt_best.pt
  [anchor-cleanup] removed m09c_ckpt_stage3.pt (3.8 G)
  [anchor-cleanup] m09c_surgery_3stage_DI_diheavy_encoder: freed 3.8 G of resume anchors (kept student_encoder.pt + *ckpt_best*)

============================================================
[probe] Trajectory across 4 stages:
  top1: [0.2, 0.2, 0.2, 0.2]
  Δtop1 (BWT-proxy): +0.0000
  ✓  monotonic improvement across stages
============================================================
  Saved: outputs/sanity/vjepa_2_1_vitg_1B/train/m09c_surgery_3stage_DI_diheavy_encoder/m09c_probe_trajectory_trio.png + .pdf
  Saved: outputs/sanity/vjepa_2_1_vitg_1B/train/m09c_surgery_3stage_DI_diheavy_encoder/m09c_val_loss_jepa.png + .pdf
  Saved: outputs/sanity/vjepa_2_1_vitg_1B/train/m09c_surgery_3stage_DI_diheavy_encoder/m09c_train_loss.png + .pdf

SURGERY COMPLETE: 4 steps across 4 stages
  Exported: outputs/sanity/vjepa_2_1_vitg_1B/train/m09c_surgery_3stage_DI_diheavy_encoder/student_encoder.pt
