[live-debug] installed — pid=155606. Force a stack dump anytime via:
[live-debug]   kill -USR1 155606   # signal-safe native dump
[live-debug]   kill -USR2 155606   # Python dump with banner
  [train-frame-cache] ON → data/eval_10k_local/m12_frame_cache (min_free=200G) — deterministic decode memoized; shared across epochs/stages/arms/evals
  [recipe-v3 receipts] saliency_weighting=False · spd.enabled=False · raw_pretrain_pct=1.0 · factor_streaming.enabled=True
GPU: NVIDIA RTX PRO 6000 Blackwell Workstation Edition
CUDA version: 13.0
  [probe_labels] cached: /workspace/factorjepa/outputs/sanity/probe_action/action_labels.json
  [probe_labels] cached: /workspace/factorjepa/outputs/sanity/probe_taxonomy/taxonomy_labels.json
  [cache-policy=2/recompute] WIPING output_dir (m09f_lpft_encoder): outputs/sanity/vjepa_2_1_vitg_1B/train/m09f_lpft_encoder (0 file(s))
  [cache-policy=2/recompute] output_dir (m09f_lpft_encoder) recreated empty: outputs/sanity/vjepa_2_1_vitg_1B/train/m09f_lpft_encoder
/workspace/factorjepa/venv_walkindia/lib/python3.12/site-packages/timm/models/layers/__init__.py:49: FutureWarning: Importing from timm.models.layers is deprecated, please import via timm.layers
  warnings.warn(f"Importing from {__name__} is deprecated, please import via timm.layers", FutureWarning)
  [iter15] Local init from: /workspace/factorjepa/outputs/sanity/vjepa_2_1_vitg_1B/train/m09a_pretrain_encoder/m09a_ckpt_best.pt
  [iter14] Loading init from prior-run ckpt: /workspace/factorjepa/outputs/sanity/vjepa_2_1_vitg_1B/train/m09a_pretrain_encoder/m09a_ckpt_best.pt
  [iter14] Schema: student (492 keys) + predictor (300 keys)
Student loaded: 1,012,185,216 params (492/492 keys = 100%)
Teacher created (deepcopy of student) — mode=EMA (legacy; τ=0.99925, hierarchical output enabled)
Predictor loaded from checkpoint (300/300 keys = 100%)
Predictor: 55,397,632 params
  Gradient checkpointing enabled on 40 blocks (~2-4× activation memory reduction, ~25% throughput cost)
  [motion_aux] enabled: 11 classes, 23-D vec, 97 clips with targets, 369,954 head params, weight_motion=0.1, weight_ce=1.0, weight_mse=1.0
[POC] Loaded subset: 100 clip keys from train_pool.json
  train/val split: 93 train / 20 val (--subset pool ∩ factor_manifest (leakage-safe, test excluded upstream))
  Factor index: 0 clips (D_L=0, D_A=0, D_I=0)
  build_streaming_indices: 9297 clips ready (9297 mp4, 9297 masks, 10 TARs scanned)
  [LP-FT Stage 0 ENABLED] prepended head-only warmup stage: 10% of total_steps, mixture={'L': 0.5, 'A': 0.5, 'I': 0.0}, encoder FROZEN (predictor + motion_aux head trainable only)
[loss] Pure JEPA L1 (α=1, β=γ=0) — default scaffold path, no multi-task active
  [pre-flight] mode_mixture vs manifest availability OK: {'D_L': 9238, 'D_A': 7702, 'D_I': 6860}

============================================================
SURGERY TRAINING — 2 stages on 93 factor clips
Model: vit_giant_xformers_2_1 (40 blocks, 1408-dim)
Epochs: 1 | Steps: 2 | BS: 32
Dense loss: predict_all=True | Deep supervision: 4 levels
============================================================
AdaptiveBatchSizer (surgery, grad-accum): start=30, max=32 (= effective BS), target VRAM=85%

============================================================
[probe] N=20 held-out val clips, cadence=saves_per_epoch, saves_per_epoch=2 (probe_every=1 steps, ~2 total probes), val_loss=True
============================================================
  [probe] frame-cache ON → data/eval_10k_local/m12_frame_cache (shared across arms + evals)
  Parallel TAR reader: 8 threads, 10 TARs, queue=256
  [tar reader] subset-00005.tar: emitted=0, dropped=0 (missing_part=0, empty_mp4=0), filtered=1000 (subset=1000, resume=0)
  [tar reader] subset-00002.tar: emitted=0, dropped=0 (missing_part=0, empty_mp4=0), filtered=1000 (subset=1000, resume=0)
  [tar reader] subset-00009.tar: emitted=0, dropped=0 (missing_part=0, empty_mp4=0), filtered=297 (subset=297, resume=0)
  [tar reader] subset-00006.tar: emitted=0, dropped=0 (missing_part=0, empty_mp4=0), filtered=1000 (subset=1000, resume=0)
  [tar reader] subset-00000.tar: emitted=20, dropped=0 (missing_part=0, empty_mp4=0), filtered=980 (subset=980, resume=0)
  [tar reader] subset-00004.tar: emitted=0, dropped=0 (missing_part=0, empty_mp4=0), filtered=1000 (subset=1000, resume=0)
  [tar reader] subset-00001.tar: emitted=0, dropped=0 (missing_part=0, empty_mp4=0), filtered=1000 (subset=1000, resume=0)
  [tar reader] subset-00003.tar: emitted=0, dropped=0 (missing_part=0, empty_mp4=0), filtered=1000 (subset=1000, resume=0)
  [tar reader] subset-00007.tar: emitted=0, dropped=0 (missing_part=0, empty_mp4=0), filtered=1000 (subset=1000, resume=0)
  [tar reader] subset-00008.tar: emitted=0, dropped=0 (missing_part=0, empty_mp4=0), filtered=1000 (subset=1000, resume=0)
  [probe] decoding 20 clips with 8 CPU workers (was serial → ~8x speedup expected)
probe_decode:   0%|          | 0/20 [00:00<?, ?clip/s]probe_decode:   5%|▌         | 1/20 [00:22<07:12, 22.74s/clip]probe_decode:  25%|██▌       | 5/20 [00:22<01:08,  4.57s/clip, recent=0.0s/clip ETA0.0h]probe_decode: 100%|██████████| 20/20 [00:23<00:00,  1.15s/clip, recent=0.0s/clip ETA0.0h]
  [probe] decoded 20 clips (0 skipped — no tag match)
  WARNING: probe has only 20 clips — bootstrap CI will be wide (N<100)

============================================================
STAGE 1/2: stage0_head_only
  Layers 0-0 trainable | 1 steps | warmup 1
  Mixture: {'L': 0.5, 'A': 0.5, 'I': 0.0}
============================================================
  Trainable prefix: 0/40 blocks (236,544/1,012,185,216 = 0.0%)
  Optimizer: AdamW (fp32, vanilla — SPD off) — 468 param groups
  StreamingFactorDataset: REQUESTED={'L': 0.5, 'A': 0.5} → ACTUAL={D_L=50%, D_A=50%} (indexed=93 clips)
surgery:stage0_head_only:   0%|          | 0/1 [00:00<?, ?step/s]  StreamingFactorDataset: raw-replay ENABLED (worker 0/1) raw_pct=100% · raw_clips_local=93
/usr/lib/python3.12/contextlib.py:105: FutureWarning: `torch.backends.cuda.sdp_kernel()` is deprecated. In the future, this context manager will be removed. Please see `torch.nn.attention.sdpa_kernel()` for the new context manager, with updated signature.
  self.gen = func(*args, **kwds)
  AdaptiveBatch: VRAM 20% < 65% → sub-batch 30 → 31
surgery:stage0_head_only: 100%|██████████| 1/1 [00:43<00:00, 43.15s/step]surgery:stage0_head_only: 100%|██████████| 1/1 [00:43<00:00, 43.15s/step]
  Stage stage0_head_only complete: 1 steps, loss=0.4536
  [probe-trio] encoding 20 clips...
  [probe-trio] step=1 top1=0.2000  motion_cos=-0.1911  future_l1=0.6246  causal_l1=0.6368  maskratio=0.0591  (N=20)
  [probe] step=1 stage=stage0_head_only N=20 top-1=0.2000 motion_cos=-0.1911 future_l1=0.6246 val_jepa=0.4307
/workspace/factorjepa/src/utils/plots.py:840: UserWarning: Attempting to set identical low and high xlims makes transformation singular; automatically expanding.
  im = ax_h.imshow(np.log10(drift_safe.T), aspect="auto", origin="lower",
  Saved: outputs/sanity/vjepa_2_1_vitg_1B/train/m09f_lpft_encoder/m09c_block_drift.png + .pdf
Exported student encoder: outputs/sanity/vjepa_2_1_vitg_1B/train/m09f_lpft_encoder/student_best.pt
  [best] new best future_l1=0.6246 (step 1) → saved student_best.pt
/workspace/factorjepa/src/utils/plots.py:1047: UserWarning: This figure includes Axes that are not compatible with tight_layout, so results might be incorrect.
  fig.tight_layout(rect=[0, 0.02, 1, 0.97])
  Saved: outputs/sanity/vjepa_2_1_vitg_1B/train/m09f_lpft_encoder/m09c_probe_trajectory_trio.png + .pdf
  Saved: outputs/sanity/vjepa_2_1_vitg_1B/train/m09f_lpft_encoder/m09c_val_loss_jepa.png + .pdf
  Saved: outputs/sanity/vjepa_2_1_vitg_1B/train/m09f_lpft_encoder/m09c_train_loss.png + .pdf
  SKIP plot_combined_losses: only 1 train rows in outputs/sanity/vjepa_2_1_vitg_1B/train/m09f_lpft_encoder/loss_log.jsonl

============================================================
STAGE 2/2: lpft_full
  Layers 0-40 trainable | 2 steps | warmup 0
  Mixture: {'L': 1.0, 'A': 0.0, 'I': 0.0}
============================================================
  Inter-stage cleanup: 10.1 GB used / 102.0 GB total after releasing Stage 1 state
  Trainable prefix: 40/40 blocks (1,010,018,304/1,012,185,216 = 99.8%)
  Optimizer: AdamW (fp32, vanilla — SPD off) — 788 param groups
  StreamingFactorDataset: REQUESTED={'L': 1.0} → ACTUAL={D_L=100%} (indexed=93 clips)
surgery:lpft_full:   0%|          | 0/2 [00:00<?, ?step/s]  StreamingFactorDataset: raw-replay ENABLED (worker 0/1) raw_pct=100% · raw_clips_local=93
  AdaptiveBatch: VRAM 24% < 65% → sub-batch 31 → 32
surgery:lpft_full:  50%|█████     | 1/2 [01:39<01:39, 99.98s/step]  [probe-trio] encoding 20 clips...
  [probe-trio] step=2 top1=0.2000  motion_cos=-0.1903  future_l1=0.6213  causal_l1=0.6363  maskratio=0.0583  (N=20)
  [probe] step=2 stage=lpft_full N=20 top-1=0.2000 motion_cos=-0.1903 future_l1=0.6213 val_jepa=0.4270
  Saved: outputs/sanity/vjepa_2_1_vitg_1B/train/m09f_lpft_encoder/m09c_block_drift.png + .pdf
Exported student encoder: outputs/sanity/vjepa_2_1_vitg_1B/train/m09f_lpft_encoder/student_best.pt
  [best] new best future_l1=0.6213 (step 2) → saved student_best.pt
  Saved: outputs/sanity/vjepa_2_1_vitg_1B/train/m09f_lpft_encoder/m09c_probe_trajectory_trio.png + .pdf
  Saved: outputs/sanity/vjepa_2_1_vitg_1B/train/m09f_lpft_encoder/m09c_val_loss_jepa.png + .pdf
  Saved: outputs/sanity/vjepa_2_1_vitg_1B/train/m09f_lpft_encoder/m09c_train_loss.png + .pdf
  Saved: outputs/sanity/vjepa_2_1_vitg_1B/train/m09f_lpft_encoder/m09c_loss_decomposition.png + .pdf
surgery:lpft_full:  50%|█████     | 1/2 [02:28<02:28, 148.32s/step, S2 loss=0.4505 lr=1.00e-05 grad=1.23 0.03 step/s]surgery:lpft_full: 100%|██████████| 2/2 [02:28<00:00, 74.16s/step, S2 loss=0.4505 lr=1.00e-05 grad=1.23 0.03 step/s] surgery:lpft_full: 100%|██████████| 2/2 [02:28<00:00, 74.16s/step, recent=48.3s/step ETA0.0h]                       
  [cache-policy=2/recompute] deleted m09c stage checkpoint: outputs/sanity/vjepa_2_1_vitg_1B/train/m09f_lpft_encoder/m09c_ckpt_stage0.pt
  Stage lpft_full complete: 2 steps, loss=0.4504
  [probe-trio] encoding 20 clips...
  [probe-trio] step=3 top1=0.2000  motion_cos=-0.1900  future_l1=0.6222  causal_l1=0.6364  maskratio=0.0582  (N=20)
  [probe] step=3 stage=lpft_full N=20 top-1=0.2000 motion_cos=-0.1900 future_l1=0.6222 val_jepa=0.4292
  Saved: outputs/sanity/vjepa_2_1_vitg_1B/train/m09f_lpft_encoder/m09c_block_drift.png + .pdf
  Saved: outputs/sanity/vjepa_2_1_vitg_1B/train/m09f_lpft_encoder/m09c_probe_trajectory_trio.png + .pdf
  Saved: outputs/sanity/vjepa_2_1_vitg_1B/train/m09f_lpft_encoder/m09c_val_loss_jepa.png + .pdf
  Saved: outputs/sanity/vjepa_2_1_vitg_1B/train/m09f_lpft_encoder/m09c_train_loss.png + .pdf
  Saved: outputs/sanity/vjepa_2_1_vitg_1B/train/m09f_lpft_encoder/m09c_loss_decomposition.png + .pdf
  [best] Promoted student_best.pt (future_l1=0.6213 at step 2, stage lpft_full) → student_encoder.pt
  [SANITY] skip encoder-diverged assert (1-step warmup → lr=0 expected)
Exported motion_aux head: outputs/sanity/vjepa_2_1_vitg_1B/train/m09f_lpft_encoder/motion_aux_head.pt
Exported predictor-bearing best ckpt: outputs/sanity/vjepa_2_1_vitg_1B/train/m09f_lpft_encoder/m09c_ckpt_best.pt
  [anchor-cleanup] removed m09c_ckpt_latest.pt (3.8 G)
  [anchor-cleanup] removed m09c_ckpt_stage1.pt (3.8 G)
  [anchor-cleanup] m09f_lpft_encoder: freed 7.5 G of resume anchors (kept student_encoder.pt + *ckpt_best*)

============================================================
[probe] Trajectory across 3 stages:
  top1: [0.2, 0.2, 0.2]
  Δtop1 (BWT-proxy): +0.0000
  ✓  monotonic improvement across stages
============================================================
  Saved: outputs/sanity/vjepa_2_1_vitg_1B/train/m09f_lpft_encoder/m09c_probe_trajectory_trio.png + .pdf
  Saved: outputs/sanity/vjepa_2_1_vitg_1B/train/m09f_lpft_encoder/m09c_val_loss_jepa.png + .pdf
  Saved: outputs/sanity/vjepa_2_1_vitg_1B/train/m09f_lpft_encoder/m09c_train_loss.png + .pdf

SURGERY COMPLETE: 3 steps across 2 stages
  Exported: outputs/sanity/vjepa_2_1_vitg_1B/train/m09f_lpft_encoder/student_encoder.pt
