  [encoders] source = --encoders CLI flag
  ✓ eval frame cache:     data/eval_10k_local/m12_frame_cache (min free 80 GB)

═══ 22:48:19 · PRE-FLIGHT ═══
-rw-rw-r-- 1 root root 29G Jun 23 10:34 checkpoints/vjepa2_1_vitG_384.pt
✓ ckpt present
  ✓ mode:                 POC
  ✓ eval_subset:          data/eval_10k_local/eval_10k.json
  ✓ local_data:           data/eval_10k_local
  ✓ encoder_ckpt:         checkpoints/vjepa2_1_vitG_384.pt  (29G)
  ✓ motion_features:      data/eval_10k_local/m04d_motion_features/motion_features.npy  (836K)
  ✓ min_clips_per_class:  100
  ✓ min_per_split:        5
  ✓ encoders:             vjepa_2_1_vitg_frozen vjepa_2_1_vitg_pretrain_encoder vjepa_2_1_vitg_surgical_3stage_DI_encoder vjepa_2_1_vitg_surgical_noDI_encoder vjepa_2_1_vitg_surgical_3stage_DI_head vjepa_2_1_vitg_surgical_noDI_head vjepa_2_1_vitg_surgical_autorgn_encoder vjepa_2_1_vitg_surgery_raw_encoder vjepa_2_1_vitg_full_ft_encoder vjepa_2_1_vitg_lpft_encoder vjepa_2_1_vitg_peft_lora_encoder vjepa_2_1_vitg_peft_dora_encoder vjepa_2_1_vitg_cassle_encoder vjepa_2_1_vitg_ewc_encoder vjepa_2_1_vitg_surgical_3stage_DI_replay25_encoder vjepa_2_1_vitg_surgical_3stage_DI_diheavy_encoder vjepa_2_1_vitg_surgical_3stage_DI_tccaux_encoder vjepa_2_1_vitg_surgical_3stage_DI_intervene_encoder vjepa_2_1_vitg_surgical_3stage_DI_wiseft_encoder vjepa_2_1_vitg_surgical_intervene_wiseft_f30_encoder vjepa_2_1_vitg_surgical_intervene_wiseft_f50_encoder vjepa_2_1_vitg_surgical_intervene_wiseft_f70_encoder
  ✓ skip_stages:          2,3,11,5,6,8,8b,8c
  ✓ cache_policy:         1
  ✓ eval_prefix:          outputs/poc/vjepa_2_1_vitg_1B/eval/eval_10k  (corpus=eval_10k · backbone=vjepa_2_1_vitg)
  ✓ train_root:           outputs/poc/vjepa_2_1_vitg_1B/train

──────────────────────────────────────────────
run_probe cache-policy gather (UPFRONT — one prompt per module)
──────────────────────────────────────────────
  probe_action: cache at outputs/poc/vjepa_2_1_vitg_1B/eval/eval_10k/probe_action/action_labels.json → policy=1 (CACHE_POLICY_ALL)
  probe_cos: cache at outputs/poc/vjepa_2_1_vitg_1B/eval/eval_10k/probe_motion_cos/probe_motion_cos_paired.json → policy=1 (CACHE_POLICY_ALL)
  probe_mse: cache at outputs/poc/vjepa_2_1_vitg_1B/eval/eval_10k/probe_future_mse/probe_future_mse_per_variant.json → policy=1 (CACHE_POLICY_ALL)
  → ACTION=1  COS=1  MSE=1

──────────────────────────────────────────────
P2/P3 trainer-output pre-flight
──────────────────────────────────────────────
  ✓ vjepa_2_1_vitg_frozen: external/HF frozen (no trainer needed)
  ✓ vjepa_2_1_vitg_pretrain_encoder: outputs/poc/vjepa_2_1_vitg_1B/train/m09a_pretrain_encoder/student_encoder.pt
  ✓ vjepa_2_1_vitg_surgical_3stage_DI_encoder: outputs/poc/vjepa_2_1_vitg_1B/train/m09c_surgery_3stage_DI_encoder/student_encoder.pt
  ⚠️  vjepa_2_1_vitg_surgical_noDI_encoder: outputs/poc/vjepa_2_1_vitg_1B/train/m09c_surgery_noDI_encoder/student_encoder.pt not found — train via:
       BACKBONE=vjepa_2_1_vitg ./scripts/run_train.sh surgery_noDI_encoder --POC
  → dropping vjepa_2_1_vitg_surgical_noDI_encoder from this run; pipeline continues with remaining encoders
  ⚠️  vjepa_2_1_vitg_surgical_3stage_DI_head: outputs/poc/vjepa_2_1_vitg_1B/train/m09c_surgery_3stage_DI_head/student_encoder.pt not found — train via:
       BACKBONE=vjepa_2_1_vitg ./scripts/run_train.sh surgery_3stage_DI_head --POC
  → dropping vjepa_2_1_vitg_surgical_3stage_DI_head from this run; pipeline continues with remaining encoders
  ⚠️  vjepa_2_1_vitg_surgical_noDI_head: outputs/poc/vjepa_2_1_vitg_1B/train/m09c_surgery_noDI_head/student_encoder.pt not found — train via:
       BACKBONE=vjepa_2_1_vitg ./scripts/run_train.sh surgery_noDI_head --POC
  → dropping vjepa_2_1_vitg_surgical_noDI_head from this run; pipeline continues with remaining encoders
  ✓ vjepa_2_1_vitg_surgical_autorgn_encoder: outputs/poc/vjepa_2_1_vitg_1B/train/m09e_autorgn_encoder/student_encoder.pt
  ✓ vjepa_2_1_vitg_surgery_raw_encoder: outputs/poc/vjepa_2_1_vitg_1B/train/m09c_surgery_raw_encoder/student_encoder.pt
  ✓ vjepa_2_1_vitg_full_ft_encoder: outputs/poc/vjepa_2_1_vitg_1B/train/m09f_full_ft_encoder/student_encoder.pt
  ✓ vjepa_2_1_vitg_lpft_encoder: outputs/poc/vjepa_2_1_vitg_1B/train/m09f_lpft_encoder/student_encoder.pt
  ✓ vjepa_2_1_vitg_peft_lora_encoder: outputs/poc/vjepa_2_1_vitg_1B/train/m09b_peft_lora_encoder/student_encoder.pt
  ✓ vjepa_2_1_vitg_peft_dora_encoder: outputs/poc/vjepa_2_1_vitg_1B/train/m09b_peft_dora_encoder/student_encoder.pt
  ⚠️  vjepa_2_1_vitg_cassle_encoder: outputs/poc/vjepa_2_1_vitg_1B/train/m09d_cassle_encoder/student_encoder.pt not found — train via:
       BACKBONE=vjepa_2_1_vitg ./scripts/run_train.sh cassle_encoder --POC
  → dropping vjepa_2_1_vitg_cassle_encoder from this run; pipeline continues with remaining encoders
  ⚠️  vjepa_2_1_vitg_ewc_encoder: outputs/poc/vjepa_2_1_vitg_1B/train/m09d_ewc_encoder/student_encoder.pt not found — train via:
       BACKBONE=vjepa_2_1_vitg ./scripts/run_train.sh ewc_encoder --POC
  → dropping vjepa_2_1_vitg_ewc_encoder from this run; pipeline continues with remaining encoders
  ⚠️  vjepa_2_1_vitg_surgical_3stage_DI_replay25_encoder: outputs/poc/vjepa_2_1_vitg_1B/train/m09c_surgery_3stage_DI_replay25_encoder/student_encoder.pt not found — train via:
       BACKBONE=vjepa_2_1_vitg ./scripts/run_train.sh surgery_3stage_DI_replay25_encoder --POC
  → dropping vjepa_2_1_vitg_surgical_3stage_DI_replay25_encoder from this run; pipeline continues with remaining encoders
  ✓ vjepa_2_1_vitg_surgical_3stage_DI_diheavy_encoder: outputs/poc/vjepa_2_1_vitg_1B/train/m09c_surgery_3stage_DI_diheavy_encoder/student_encoder.pt
  ⚠️  vjepa_2_1_vitg_surgical_3stage_DI_tccaux_encoder: outputs/poc/vjepa_2_1_vitg_1B/train/m09c_surgery_3stage_DI_tccaux_encoder/student_encoder.pt not found — train via:
       BACKBONE=vjepa_2_1_vitg ./scripts/run_train.sh surgery_3stage_DI_tccaux_encoder --POC
  → dropping vjepa_2_1_vitg_surgical_3stage_DI_tccaux_encoder from this run; pipeline continues with remaining encoders
  ✓ vjepa_2_1_vitg_surgical_3stage_DI_intervene_encoder: outputs/poc/vjepa_2_1_vitg_1B/train/m09c_surgery_3stage_DI_intervene_encoder/student_encoder.pt
  ⚠️  vjepa_2_1_vitg_surgical_3stage_DI_wiseft_encoder: outputs/poc/vjepa_2_1_vitg_1B/train/m09c_surgical_3stage_DI_wiseft_encoder/student_encoder.pt not found — train via:
       BACKBONE=vjepa_2_1_vitg ./scripts/run_train.sh surgical_3stage_DI_wiseft_encoder --POC
  → dropping vjepa_2_1_vitg_surgical_3stage_DI_wiseft_encoder from this run; pipeline continues with remaining encoders
  ✓ vjepa_2_1_vitg_surgical_intervene_wiseft_f30_encoder: outputs/poc/vjepa_2_1_vitg_1B/train/m09c_surgical_intervene_wiseft_f30_encoder/student_encoder.pt
  ✓ vjepa_2_1_vitg_surgical_intervene_wiseft_f50_encoder: outputs/poc/vjepa_2_1_vitg_1B/train/m09c_surgical_intervene_wiseft_f50_encoder/student_encoder.pt
  ✓ vjepa_2_1_vitg_surgical_intervene_wiseft_f70_encoder: outputs/poc/vjepa_2_1_vitg_1B/train/m09c_surgical_intervene_wiseft_f70_encoder/student_encoder.pt
  → final ENCODERS: vjepa_2_1_vitg_frozen vjepa_2_1_vitg_pretrain_encoder vjepa_2_1_vitg_surgical_3stage_DI_encoder vjepa_2_1_vitg_surgical_autorgn_encoder vjepa_2_1_vitg_surgery_raw_encoder vjepa_2_1_vitg_full_ft_encoder vjepa_2_1_vitg_lpft_encoder vjepa_2_1_vitg_peft_lora_encoder vjepa_2_1_vitg_peft_dora_encoder vjepa_2_1_vitg_surgical_3stage_DI_diheavy_encoder vjepa_2_1_vitg_surgical_3stage_DI_intervene_encoder vjepa_2_1_vitg_surgical_intervene_wiseft_f30_encoder vjepa_2_1_vitg_surgical_intervene_wiseft_f50_encoder vjepa_2_1_vitg_surgical_intervene_wiseft_f70_encoder

──────────────────────────────────────────────
Stage 8 predictor-ckpt pre-flight
──────────────────────────────────────────────
  ✓ vjepa_2_1_vitg_frozen: checkpoints/vjepa2_1_vitg_384.pt
  ✓ vjepa_2_1_vitg_pretrain_encoder: outputs/poc/vjepa_2_1_vitg_1B/train/m09a_pretrain_encoder/m09a_ckpt_best.pt
  ✓ vjepa_2_1_vitg_surgical_3stage_DI_encoder: outputs/poc/vjepa_2_1_vitg_1B/train/m09c_surgery_3stage_DI_encoder/m09c_ckpt_best.pt
  ✓ vjepa_2_1_vitg_surgical_autorgn_encoder: outputs/poc/vjepa_2_1_vitg_1B/train/m09e_autorgn_encoder/m09c_ckpt_best.pt
  ✓ vjepa_2_1_vitg_surgery_raw_encoder: outputs/poc/vjepa_2_1_vitg_1B/train/m09c_surgery_raw_encoder/m09c_ckpt_best.pt
  ✓ vjepa_2_1_vitg_full_ft_encoder: outputs/poc/vjepa_2_1_vitg_1B/train/m09f_full_ft_encoder/m09c_ckpt_best.pt
  ✓ vjepa_2_1_vitg_lpft_encoder: outputs/poc/vjepa_2_1_vitg_1B/train/m09f_lpft_encoder/m09c_ckpt_best.pt
  ✓ vjepa_2_1_vitg_peft_lora_encoder: outputs/poc/vjepa_2_1_vitg_1B/train/m09b_peft_lora_encoder/m09c_ckpt_best.pt
  ✓ vjepa_2_1_vitg_peft_dora_encoder: outputs/poc/vjepa_2_1_vitg_1B/train/m09b_peft_dora_encoder/m09c_ckpt_best.pt
  ✓ vjepa_2_1_vitg_surgical_3stage_DI_diheavy_encoder: outputs/poc/vjepa_2_1_vitg_1B/train/m09c_surgery_3stage_DI_diheavy_encoder/m09c_ckpt_best.pt
  ✓ vjepa_2_1_vitg_surgical_3stage_DI_intervene_encoder: outputs/poc/vjepa_2_1_vitg_1B/train/m09c_surgery_3stage_DI_intervene_encoder/m09c_ckpt_best.pt
  ✓ vjepa_2_1_vitg_surgical_intervene_wiseft_f30_encoder: outputs/poc/vjepa_2_1_vitg_1B/train/m09c_surgical_intervene_wiseft_f30_encoder/m09c_ckpt_best.pt
  ✓ vjepa_2_1_vitg_surgical_intervene_wiseft_f50_encoder: outputs/poc/vjepa_2_1_vitg_1B/train/m09c_surgical_intervene_wiseft_f50_encoder/m09c_ckpt_best.pt
  ✓ vjepa_2_1_vitg_surgical_intervene_wiseft_f70_encoder: outputs/poc/vjepa_2_1_vitg_1B/train/m09c_surgical_intervene_wiseft_f70_encoder/m09c_ckpt_best.pt
  → Stage 8 ENCODERS: vjepa_2_1_vitg_frozen vjepa_2_1_vitg_pretrain_encoder vjepa_2_1_vitg_surgical_3stage_DI_encoder vjepa_2_1_vitg_surgical_autorgn_encoder vjepa_2_1_vitg_surgery_raw_encoder vjepa_2_1_vitg_full_ft_encoder vjepa_2_1_vitg_lpft_encoder vjepa_2_1_vitg_peft_lora_encoder vjepa_2_1_vitg_peft_dora_encoder vjepa_2_1_vitg_surgical_3stage_DI_diheavy_encoder vjepa_2_1_vitg_surgical_3stage_DI_intervene_encoder vjepa_2_1_vitg_surgical_intervene_wiseft_f30_encoder vjepa_2_1_vitg_surgical_intervene_wiseft_f50_encoder vjepa_2_1_vitg_surgical_intervene_wiseft_f70_encoder

──────────────────────────────────────────────
motion_aux_head pre-flight (head-vs-encoder paired-Δ readiness)
──────────────────────────────────────────────
  ✓ vjepa_2_1_vitg_frozen: external frozen (no head — encoder-only path)
  ✓ vjepa_2_1_vitg_pretrain_encoder: outputs/poc/vjepa_2_1_vitg_1B/train/m09a_pretrain_encoder/motion_aux_head.pt
  ✓ vjepa_2_1_vitg_surgical_3stage_DI_encoder: outputs/poc/vjepa_2_1_vitg_1B/train/m09c_surgery_3stage_DI_encoder/motion_aux_head.pt
  ✓ vjepa_2_1_vitg_surgical_autorgn_encoder: outputs/poc/vjepa_2_1_vitg_1B/train/m09e_autorgn_encoder/motion_aux_head.pt
  ✓ vjepa_2_1_vitg_surgery_raw_encoder: outputs/poc/vjepa_2_1_vitg_1B/train/m09c_surgery_raw_encoder/motion_aux_head.pt
  ✓ vjepa_2_1_vitg_full_ft_encoder: outputs/poc/vjepa_2_1_vitg_1B/train/m09f_full_ft_encoder/motion_aux_head.pt
  ✓ vjepa_2_1_vitg_lpft_encoder: outputs/poc/vjepa_2_1_vitg_1B/train/m09f_lpft_encoder/motion_aux_head.pt
  ✓ vjepa_2_1_vitg_peft_lora_encoder: outputs/poc/vjepa_2_1_vitg_1B/train/m09b_peft_lora_encoder/motion_aux_head.pt
  ✓ vjepa_2_1_vitg_peft_dora_encoder: outputs/poc/vjepa_2_1_vitg_1B/train/m09b_peft_dora_encoder/motion_aux_head.pt
  ✓ vjepa_2_1_vitg_surgical_3stage_DI_diheavy_encoder: outputs/poc/vjepa_2_1_vitg_1B/train/m09c_surgery_3stage_DI_diheavy_encoder/motion_aux_head.pt
  ✓ vjepa_2_1_vitg_surgical_3stage_DI_intervene_encoder: outputs/poc/vjepa_2_1_vitg_1B/train/m09c_surgery_3stage_DI_intervene_encoder/motion_aux_head.pt
  ✓ vjepa_2_1_vitg_surgical_intervene_wiseft_f30_encoder: outputs/poc/vjepa_2_1_vitg_1B/train/m09c_surgical_intervene_wiseft_f30_encoder/motion_aux_head.pt
  ✓ vjepa_2_1_vitg_surgical_intervene_wiseft_f50_encoder: outputs/poc/vjepa_2_1_vitg_1B/train/m09c_surgical_intervene_wiseft_f50_encoder/motion_aux_head.pt
  ✓ vjepa_2_1_vitg_surgical_intervene_wiseft_f70_encoder: outputs/poc/vjepa_2_1_vitg_1B/train/m09c_surgical_intervene_wiseft_f70_encoder/motion_aux_head.pt
  → head-augmented eval ENCODERS: vjepa_2_1_vitg_pretrain_encoder vjepa_2_1_vitg_surgical_3stage_DI_encoder vjepa_2_1_vitg_surgical_autorgn_encoder vjepa_2_1_vitg_surgery_raw_encoder vjepa_2_1_vitg_full_ft_encoder vjepa_2_1_vitg_lpft_encoder vjepa_2_1_vitg_peft_lora_encoder vjepa_2_1_vitg_peft_dora_encoder vjepa_2_1_vitg_surgical_3stage_DI_diheavy_encoder vjepa_2_1_vitg_surgical_3stage_DI_intervene_encoder vjepa_2_1_vitg_surgical_intervene_wiseft_f30_encoder vjepa_2_1_vitg_surgical_intervene_wiseft_f50_encoder vjepa_2_1_vitg_surgical_intervene_wiseft_f70_encoder
  → final ENCODERS after head preflight: vjepa_2_1_vitg_frozen vjepa_2_1_vitg_pretrain_encoder vjepa_2_1_vitg_surgical_3stage_DI_encoder vjepa_2_1_vitg_surgical_autorgn_encoder vjepa_2_1_vitg_surgery_raw_encoder vjepa_2_1_vitg_full_ft_encoder vjepa_2_1_vitg_lpft_encoder vjepa_2_1_vitg_peft_lora_encoder vjepa_2_1_vitg_peft_dora_encoder vjepa_2_1_vitg_surgical_3stage_DI_diheavy_encoder vjepa_2_1_vitg_surgical_3stage_DI_intervene_encoder vjepa_2_1_vitg_surgical_intervene_wiseft_f30_encoder vjepa_2_1_vitg_surgical_intervene_wiseft_f50_encoder vjepa_2_1_vitg_surgical_intervene_wiseft_f70_encoder

──────────────────────────────────────────────
Pre-eval pretrain_encoder-cleanup (drop _latest.pt resume anchors)
──────────────────────────────────────────────

═══ 22:48:26 · STAGE 1 · action_probe + taxonomy labels (CPU, ~1-2 min) ═══
  [keep] outputs/poc/vjepa_2_1_vitg_1B/eval/eval_10k/probe_action/action_labels.json present — skipping (--cache-policy 2 to redo)
  [keep] outputs/poc/vjepa_2_1_vitg_1B/eval/eval_10k/probe_taxonomy/taxonomy_labels.json present — skipping (--cache-policy 2 to redo)

═══ 22:48:27 · STAGE 4 · action_probe paired_delta (🔥 P1 GATE — CPU, ~5 min, BCa 10K) ═══
Encoders found: ['vjepa_2_1_vitg_frozen', 'vjepa_2_1_vitg_pretrain_encoder', 'vjepa_2_1_vitg_surgical_3stage_DI_encoder']
{
  "metric": "top1_accuracy",
  "by_encoder": {
    "vjepa_2_1_vitg_frozen": {
      "acc_pct": 42.4658,
      "n": 1825,
      "top1_ci": {
        "mean": 0.424658,
        "ci_lo": 0.402192,
        "ci_hi": 0.447671,
        "ci_half": 0.02274
      }
    },
    "vjepa_2_1_vitg_pretrain_encoder": {
      "acc_pct": 49.3151,
      "n": 1825,
      "top1_ci": {
        "mean": 0.493151,
        "ci_lo": 0.470685,
        "ci_hi": 0.516712,
        "ci_half": 0.023014
      }
    },
    "vjepa_2_1_vitg_surgical_3stage_DI_encoder": {
      "acc_pct": 47.6712,
      "n": 1825,
      "top1_ci": {
        "mean": 0.476712,
        "ci_lo": 0.453699,
        "ci_hi": 0.499178,
        "ci_half": 0.02274
      }
    }
  },
  "pairwise_deltas": {
    "vjepa_2_1_vitg_frozen_minus_vjepa_2_1_vitg_pretrain_encoder": {
      "n_shared": 1825,
      "delta_pp": -6.8493,
      "ci_lo_pp": -9.0959,
      "ci_hi_pp": -4.6027,
      "ci_half_pp": 2.2466,
      "p_value": 0.0,
      "gate_pass": false,
      "interpretation": "vjepa_2_1_vitg_frozen - vjepa_2_1_vitg_pretrain_encoder > 0 means vjepa_2_1_vitg_frozen more accurate than vjepa_2_1_vitg_pretrain_encoder"
    },
    "vjepa_2_1_vitg_frozen_minus_vjepa_2_1_vitg_surgical_3stage_DI_encoder": {
      "n_shared": 1825,
      "delta_pp": -5.2055,
      "ci_lo_pp": -7.4521,
      "ci_hi_pp": -3.0324,
      "ci_half_pp": 2.2098,
      "p_value": 0.0,
      "gate_pass": false,
      "interpretation": "vjepa_2_1_vitg_frozen - vjepa_2_1_vitg_surgical_3stage_DI_encoder > 0 means vjepa_2_1_vitg_frozen more accurate than vjepa_2_1_vitg_surgical_3stage_DI_encoder"
    },
    "vjepa_2_1_vitg_pretrain_encoder_minus_vjepa_2_1_vitg_surgical_3stage_DI_encoder": {
      "n_shared": 1825,
      "delta_pp": 1.6438,
      "ci_lo_pp": -0.274,
      "ci_hi_pp": 3.6164,
      "ci_half_pp": 1.9452,
      "p_value": 0.1038,
      "gate_pass": false,
      "interpretation": "vjepa_2_1_vitg_pretrain_encoder - vjepa_2_1_vitg_surgical_3stage_DI_encoder > 0 means vjepa_2_1_vitg_pretrain_encoder more accurate than vjepa_2_1_vitg_surgical_3stage_DI_encoder"
    }
  },
  "iter14_paper_deltas": {
    "delta_1_pretrain_vs_frozen": {
      "skipped": true,
      "reason": "missing encoder(s): a=vjepa_2_1_pretrain_encoder (present=False), b=vjepa_2_1_frozen (present=False)",
      "interpretation": "\u03941: pretrain > frozen (continual SSL beats frozen baseline)"
    },
    "delta_2_surgical_vs_pretrain": {
      "skipped": true,
      "reason": "missing encoder(s): a=vjepa_2_1_surgical_3stage_DI_encoder (present=False), b=vjepa_2_1_pretrain_encoder (present=False)",
      "interpretation": "\u03942: surgery > pretrain (factor patching adds value)"
    },
    "delta_3_surgical_vs_pretrain_2X": {
      "skipped": true,
      "reason": "missing encoder(s): a=vjepa_2_1_surgical_3stage_DI_encoder (present=False), b=vjepa_2_1_pretrain_2X_encoder (present=False)",
      "interpretation": "\u03943: surgery > pretrain_2X (CAUSAL \u2014 gain is factor patching, not extra steps)"
    },
    "delta_4_pretrain_vs_pretrain_head": {
      "skipped": true,
      "reason": "missing encoder(s): a=vjepa_2_1_pretrain_encoder (present=False), b=vjepa_2_1_pretrain_head (present=False)",
      "interpretation": "\u03944: pretrain > pretrain_head (does encoder-update add value beyond a trained head?)"
    },
    "delta_5_surgical_vs_surgical_head": {
      "skipped": true,
      "reason": "missing encoder(s): a=vjepa_2_1_surgical_3stage_DI_encoder (present=False), b=vjepa_2_1_surgical_3stage_DI_head (present=False)",
      "interpretation": "\u03945: surgery > surgery_head (KEY iter15 paper claim \u2014 if |\u03945|<0.01, head-only WINS)"
    },
    "delta_6_surgical_head_vs_pretrain_head": {
      "skipped": true,
      "reason": "missing encoder(s): a=vjepa_2_1_surgical_3stage_DI_head (present=False), b=vjepa_2_1_pretrain_head (present=False)",
      "interpretation": "\u03946: surgery_head > pretrain_head (factor data helps even when encoder is frozen)"
    },
    "delta_7_DI_head_vs_noDI_head": {
      "skipped": true,
      "reason": "missing encoder(s): a=vjepa_2_1_surgical_3stage_DI_head (present=False), b=vjepa_2_1_surgical_noDI_head (present=False)",
      "interpretation": "\u03947: 3stage_DI_head > noDI_head (D_I tubes carry signal beyond D_L+D_A)"
    }
  }
}

═══ 22:48:34 · STAGE 12 · probe_taxonomy paired_delta (CPU, 16 dims × encoders, BCa 10K each) ═══
Encoders found: ['vjepa_2_1_vitg_frozen', 'vjepa_2_1_vitg_pretrain_encoder', 'vjepa_2_1_vitg_surgical_3stage_DI_encoder']
Wrote: outputs/poc/vjepa_2_1_vitg_1B/eval/eval_10k/probe_taxonomy/per_dim_acc.json  (15 dims compared)

═══ 22:48:46 · STAGE 13 · probe_taxonomy plot (CPU, ~5s) ═══
  Saved: outputs/poc/vjepa_2_1_vitg_1B/eval/eval_10k/probe_taxonomy/probe_taxonomy_per_dim.png + .pdf

═══ 22:48:51 · STAGE 7 · motion_cos paired_delta (CPU) ═══
Encoders found: ['vjepa_2_1_vitg_frozen', 'vjepa_2_1_vitg_pretrain_encoder', 'vjepa_2_1_vitg_surgical_3stage_DI_encoder']
{
  "metric": "intra_minus_inter_cosine",
  "by_encoder": {
    "vjepa_2_1_vitg_frozen": {
      "score_mean": 0.007001,
      "n": 1825,
      "score_ci": {
        "mean": 0.007001,
        "ci_lo": 0.006288,
        "ci_hi": 0.007665,
        "ci_half": 0.000688
      }
    },
    "vjepa_2_1_vitg_pretrain_encoder": {
      "score_mean": 0.054412,
      "n": 1825,
      "score_ci": {
        "mean": 0.054412,
        "ci_lo": 0.05261,
        "ci_hi": 0.056303,
        "ci_half": 0.001846
      }
    },
    "vjepa_2_1_vitg_surgical_3stage_DI_encoder": {
      "score_mean": 0.047308,
      "n": 1825,
      "score_ci": {
        "mean": 0.047308,
        "ci_lo": 0.04563,
        "ci_hi": 0.04906,
        "ci_half": 0.001715
      }
    }
  },
  "pairwise_deltas": {
    "vjepa_2_1_vitg_frozen_minus_vjepa_2_1_vitg_pretrain_encoder": {
      "n_shared": 1825,
      "delta_mean": -0.047411,
      "delta_ci_lo": -0.049036,
      "delta_ci_hi": -0.045815,
      "delta_ci_half": 0.00161,
      "p_value": 0.0,
      "gate_pass": false,
      "interpretation": "vjepa_2_1_vitg_frozen - vjepa_2_1_vitg_pretrain_encoder > 0 means vjepa_2_1_vitg_frozen has stronger intra-class motion clustering than vjepa_2_1_vitg_pretrain_encoder"
    },
    "vjepa_2_1_vitg_frozen_minus_vjepa_2_1_vitg_surgical_3stage_DI_encoder": {
      "n_shared": 1825,
      "delta_mean": -0.040307,
      "delta_ci_lo": -0.041805,
      "delta_ci_hi": -0.038855,
      "delta_ci_half": 0.001475,
      "p_value": 0.0,
      "gate_pass": false,
      "interpretation": "vjepa_2_1_vitg_frozen - vjepa_2_1_vitg_surgical_3stage_DI_encoder > 0 means vjepa_2_1_vitg_frozen has stronger intra-class motion clustering than vjepa_2_1_vitg_surgical_3stage_DI_encoder"
    },
    "vjepa_2_1_vitg_pretrain_encoder_minus_vjepa_2_1_vitg_surgical_3stage_DI_encoder": {
      "n_shared": 1825,
      "delta_mean": 0.007104,
      "delta_ci_lo": 0.006497,
      "delta_ci_hi": 0.007675,
      "delta_ci_half": 0.000589,
      "p_value": 0.0,
      "gate_pass": true,
      "interpretation": "vjepa_2_1_vitg_pretrain_encoder - vjepa_2_1_vitg_surgical_3stage_DI_encoder > 0 means vjepa_2_1_vitg_pretrain_encoder has stronger intra-class motion clustering than vjepa_2_1_vitg_surgical_3stage_DI_encoder"
    }
  }
}

═══ 22:48:54 · STAGE 9 · future_mse paired_per_variant (CPU) ═══
Variants found: ['vjepa_2_1_vitg_frozen', 'vjepa_2_1_vitg_pretrain_encoder', 'vjepa_2_1_vitg_surgical_3stage_DI_encoder']
  [m12d_future_mse] vjepa_2_1_vitg_frozen vs vjepa_2_1_vitg_pretrain_encoder keys disagree by 0.0% — re-aligned to 1825 shared clips (under 5% threshold)
  [m12d_future_mse] vjepa_2_1_vitg_frozen vs vjepa_2_1_vitg_surgical_3stage_DI_encoder keys disagree by 0.0% — re-aligned to 1825 shared clips (under 5% threshold)
  [m12d_future_mse] vjepa_2_1_vitg_pretrain_encoder vs vjepa_2_1_vitg_surgical_3stage_DI_encoder keys disagree by 0.0% — re-aligned to 1825 shared clips (under 5% threshold)
{
  "metric": "future_frame_l1_loss",
  "by_variant": {
    "vjepa_2_1_frozen": null,
    "vjepa_2_1_pretrain_encoder": null,
    "vjepa_2_1_pretrain_2X_encoder": null,
    "vjepa_2_1_surgical_3stage_DI_encoder": null,
    "vjepa_2_1_surgical_3stage_DI_replay25_encoder": null,
    "vjepa_2_1_surgical_3stage_DI_diheavy_encoder": null,
    "vjepa_2_1_surgical_3stage_DI_tccaux_encoder": null,
    "vjepa_2_1_surgical_3stage_DI_intervene_encoder": null,
    "vjepa_2_1_surgical_3stage_DI_wiseft_encoder": null,
    "vjepa_2_1_surgical_intervene_wiseft_f30_encoder": null,
    "vjepa_2_1_surgical_intervene_wiseft_f50_encoder": null,
    "vjepa_2_1_surgical_intervene_wiseft_f70_encoder": null,
    "vjepa_2_1_surgical_noDI_encoder": null,
    "vjepa_2_1_surgical_autorgn_encoder": null,
    "vjepa_2_1_surgery_raw_encoder": null,
    "vjepa_2_1_full_ft_encoder": null,
    "vjepa_2_1_lpft_encoder": null,
    "vjepa_2_1_peft_lora_encoder": null,
    "vjepa_2_1_peft_dora_encoder": null,
    "vjepa_2_1_cassle_encoder": null,
    "vjepa_2_1_ewc_encoder": null,
    "vjepa_2_1_pretrain_head": null,
    "vjepa_2_1_surgical_3stage_DI_head": null,
    "vjepa_2_1_surgical_noDI_head": null,
    "vjepa_2_0_vitg_frozen": null,
    "vjepa_1_vitL_frozen": null,
    "vjepa_1_vitH_frozen": null,
    "vjepa_2_1_vitg_frozen": {
      "mse_mean": 0.636863,
      "mse_std": 0.027133,
      "mse_ci": {
        "mean": 0.636863,
        "ci_lo": 0.635591,
        "ci_hi": 0.638082,
        "ci_half": 0.001246
      },
      "n": 1825
    },
    "vjepa_2_1_vitL_frozen": null,
    "vjepa_2_vitL_256_frozen": null,
    "vjepa_2_1_vitg_pretrain_encoder": {
      "mse_mean": 0.607266,
      "mse_std": 0.025955,
      "mse_ci": {
        "mean": 0.607266,
        "ci_lo": 0.606055,
        "ci_hi": 0.608424,
        "ci_half": 0.001185
      },
      "n": 1825
    },
    "vjepa_2_1_vitg_pretrain_2X_encoder": null,
    "vjepa_2_1_vitg_pretrain_head": null,
    "vjepa_2_1_vitg_surgical_3stage_DI_encoder": {
      "mse_mean": 0.59138,
      "mse_std": 0.028096,
      "mse_ci": {
        "mean": 0.59138,
        "ci_lo": 0.59009,
        "ci_hi": 0.592656,
        "ci_half": 0.001283
      },
      "n": 1825
    },
    "vjepa_2_1_vitg_surgical_noDI_encoder": null,
    "vjepa_2_1_vitg_surgical_3stage_DI_head": null,
    "vjepa_2_1_vitg_surgical_noDI_head": null,
    "vjepa_2_1_vitg_surgical_autorgn_encoder": null,
    "vjepa_2_1_vitg_surgery_raw_encoder": null,
    "vjepa_2_1_vitg_full_ft_encoder": null,
    "vjepa_2_1_vitg_lpft_encoder": null,
    "vjepa_2_1_vitg_peft_lora_encoder": null,
    "vjepa_2_1_vitg_peft_dora_encoder": null,
    "vjepa_2_1_vitg_surgical_3stage_DI_diheavy_encoder": null,
    "vjepa_2_1_vitg_surgical_3stage_DI_intervene_encoder": null,
    "vjepa_2_1_vitg_surgical_intervene_wiseft_f30_encoder": null,
    "vjepa_2_1_vitg_surgical_intervene_wiseft_f50_encoder": null,
    "vjepa_2_1_vitg_surgical_intervene_wiseft_f70_encoder": null,
    "vjepa_2_0_vitg_pretrain_encoder": null,
    "vjepa_2_0_vitg_pretrain_2X_encoder": null,
    "vjepa_2_0_vitg_pretrain_head": null,
    "vjepa_2_0_vitg_surgical_3stage_DI_encoder": null,
    "vjepa_2_0_vitg_surgical_noDI_encoder": null,
    "vjepa_2_0_vitg_surgical_3stage_DI_head": null,
    "vjepa_2_0_vitg_surgical_noDI_head": null,
    "dinov2": "n/a \u2014 no future-frame predictor"
  },
  "pairwise_deltas": {
    "vjepa_2_1_vitg_frozen_minus_vjepa_2_1_vitg_pretrain_encoder": {
      "n": 1825,
      "delta_mean": 0.029597,
      "delta_ci_lo": 0.028753,
      "delta_ci_hi": 0.030393,
      "delta_ci_half": 0.00082,
      "p_value": 0.0,
      "interpretation": "vjepa_2_1_vitg_frozen - vjepa_2_1_vitg_pretrain_encoder > 0 means vjepa_2_1_vitg_frozen has HIGHER MSE (worse future-frame prediction) than vjepa_2_1_vitg_pretrain_encoder; lower MSE = better."
    },
    "vjepa_2_1_vitg_frozen_minus_vjepa_2_1_vitg_surgical_3stage_DI_encoder": {
      "n": 1825,
      "delta_mean": 0.045482,
      "delta_ci_lo": 0.044664,
      "delta_ci_hi": 0.046257,
      "delta_ci_half": 0.000797,
      "p_value": 0.0,
      "interpretation": "vjepa_2_1_vitg_frozen - vjepa_2_1_vitg_surgical_3stage_DI_encoder > 0 means vjepa_2_1_vitg_frozen has HIGHER MSE (worse future-frame prediction) than vjepa_2_1_vitg_surgical_3stage_DI_encoder; lower MSE = better."
    },
    "vjepa_2_1_vitg_pretrain_encoder_minus_vjepa_2_1_vitg_surgical_3stage_DI_encoder": {
      "n": 1825,
      "delta_mean": 0.015885,
      "delta_ci_lo": 0.015118,
      "delta_ci_hi": 0.016652,
      "delta_ci_half": 0.000767,
      "p_value": 0.0,
      "interpretation": "vjepa_2_1_vitg_pretrain_encoder - vjepa_2_1_vitg_surgical_3stage_DI_encoder > 0 means vjepa_2_1_vitg_pretrain_encoder has HIGHER MSE (worse future-frame prediction) than vjepa_2_1_vitg_surgical_3stage_DI_encoder; lower MSE = better."
    }
  }
}

═══ 22:49:10 · STAGE 9b · predictor_temporal paired_per_variant (CPU) ═══
{
  "metrics": {
    "rollout": {
      "by_variant": {
        "vjepa_2_1_vitg_frozen": {
          "variant": "vjepa_2_1_vitg_frozen",
          "metric": "rollout",
          "n_test": 1825,
          "mean": 0.007262,
          "std": 0.00511,
          "ci": {
            "mean": 0.007262,
            "ci_lo": 0.007027,
            "ci_hi": 0.007502,
            "ci_half": 0.000237
          },
          "lower_is_better": true,
          "interpretation": "free-run drift slope; lower = stabler dynamics",
          "num_frames": 16,
          "encoder_ckpt": "checkpoints/vjepa2_1_vitg_384.pt"
        },
        "vjepa_2_1_vitg_pretrain_encoder": {
          "variant": "vjepa_2_1_vitg_pretrain_encoder",
          "metric": "rollout",
          "n_test": 1825,
          "mean": 0.005962,
          "std": 0.005282,
          "ci": {
            "mean": 0.005962,
            "ci_lo": 0.005729,
            "ci_hi": 0.006214,
            "ci_half": 0.000243
          },
          "lower_is_better": true,
          "interpretation": "free-run drift slope; lower = stabler dynamics",
          "num_frames": 16,
          "encoder_ckpt": "outputs/poc/vjepa_2_1_vitg_1B/train/m09a_pretrain_encoder/m09a_ckpt_best.pt"
        },
        "vjepa_2_1_vitg_surgical_3stage_DI_encoder": {
          "variant": "vjepa_2_1_vitg_surgical_3stage_DI_encoder",
          "metric": "rollout",
          "n_test": 1825,
          "mean": 0.006428,
          "std": 0.005828,
          "ci": {
            "mean": 0.006428,
            "ci_lo": 0.00616,
            "ci_hi": 0.006705,
            "ci_half": 0.000272
          },
          "lower_is_better": true,
          "interpretation": "free-run drift slope; lower = stabler dynamics",
          "num_frames": 16,
          "encoder_ckpt": "outputs/poc/vjepa_2_1_vitg_1B/train/m09c_surgery_3stage_DI_encoder/m09c_ckpt_best.pt"
        }
      },
      "pairwise_deltas": {
        "vjepa_2_1_vitg_frozen_minus_vjepa_2_1_vitg_pretrain_encoder": {
          "n": 1825,
          "delta_mean": 0.0013,
          "delta_ci_lo": 0.001192,
          "delta_ci_hi": 0.001411,
          "p_value": 0.0
        },
        "vjepa_2_1_vitg_frozen_minus_vjepa_2_1_vitg_surgical_3stage_DI_encoder": {
          "n": 1825,
          "delta_mean": 0.000834,
          "delta_ci_lo": 0.000734,
          "delta_ci_hi": 0.000937,
          "p_value": 0.0
        },
        "vjepa_2_1_vitg_pretrain_encoder_minus_vjepa_2_1_vitg_surgical_3stage_DI_encoder": {
          "n": 1825,
          "delta_mean": -0.000465,
          "delta_ci_lo": -0.000556,
          "delta_ci_hi": -0.000376,
          "p_value": 0.0
        }
      },
      "lower_is_better": true
    },
    "causal": {
      "by_variant": {
        "vjepa_2_1_vitg_frozen": {
          "variant": "vjepa_2_1_vitg_frozen",
          "metric": "causal",
          "n_test": 1825,
          "mean": 0.655149,
          "std": 0.034144,
          "ci": {
            "mean": 0.655148,
            "ci_lo": 0.653607,
            "ci_hi": 0.656744,
            "ci_half": 0.001569
          },
          "lower_is_better": true,
          "interpretation": "causal future-block L1; lower = better",
          "num_frames": 16,
          "encoder_ckpt": "checkpoints/vjepa2_1_vitg_384.pt"
        },
        "vjepa_2_1_vitg_pretrain_encoder": {
          "variant": "vjepa_2_1_vitg_pretrain_encoder",
          "metric": "causal",
          "n_test": 1825,
          "mean": 0.628011,
          "std": 0.03381,
          "ci": {
            "mean": 0.628011,
            "ci_lo": 0.626471,
            "ci_hi": 0.629533,
            "ci_half": 0.001531
          },
          "lower_is_better": true,
          "interpretation": "causal future-block L1; lower = better",
          "num_frames": 16,
          "encoder_ckpt": "outputs/poc/vjepa_2_1_vitg_1B/train/m09a_pretrain_encoder/m09a_ckpt_best.pt"
        },
        "vjepa_2_1_vitg_surgical_3stage_DI_encoder": {
          "variant": "vjepa_2_1_vitg_surgical_3stage_DI_encoder",
          "metric": "causal",
          "n_test": 1825,
          "mean": 0.615382,
          "std": 0.037381,
          "ci": {
            "mean": 0.615382,
            "ci_lo": 0.613685,
            "ci_hi": 0.617059,
            "ci_half": 0.001687
          },
          "lower_is_better": true,
          "interpretation": "causal future-block L1; lower = better",
          "num_frames": 16,
          "encoder_ckpt": "outputs/poc/vjepa_2_1_vitg_1B/train/m09c_surgery_3stage_DI_encoder/m09c_ckpt_best.pt"
        }
      },
      "pairwise_deltas": {
        "vjepa_2_1_vitg_frozen_minus_vjepa_2_1_vitg_pretrain_encoder": {
          "n": 1825,
          "delta_mean": 0.027137,
          "delta_ci_lo": 0.026661,
          "delta_ci_hi": 0.027586,
          "p_value": 0.0
        },
        "vjepa_2_1_vitg_frozen_minus_vjepa_2_1_vitg_surgical_3stage_DI_encoder": {
          "n": 1825,
          "delta_mean": 0.039766,
          "delta_ci_lo": 0.03936,
          "delta_ci_hi": 0.040166,
          "p_value": 0.0
        },
        "vjepa_2_1_vitg_pretrain_encoder_minus_vjepa_2_1_vitg_surgical_3stage_DI_encoder": {
          "n": 1825,
          "delta_mean": 0.012629,
          "delta_ci_lo": 0.012208,
          "delta_ci_hi": 0.013068,
          "p_value": 0.0
        }
      },
      "lower_is_better": true
    },
    "tdist": {
      "by_variant": {
        "vjepa_2_1_vitg_frozen": {
          "variant": "vjepa_2_1_vitg_frozen",
          "metric": "tdist",
          "n_test": 1825,
          "mean": 0.007439,
          "std": 0.00817,
          "ci": {
            "mean": 0.007439,
            "ci_lo": 0.00708,
            "ci_hi": 0.007823,
            "ci_half": 0.000372
          },
          "lower_is_better": true,
          "interpretation": "L1-vs-\u0394t slope; lower = slower decay w/ distance",
          "num_frames": 16,
          "encoder_ckpt": "checkpoints/vjepa2_1_vitg_384.pt"
        },
        "vjepa_2_1_vitg_pretrain_encoder": {
          "variant": "vjepa_2_1_vitg_pretrain_encoder",
          "metric": "tdist",
          "n_test": 1825,
          "mean": 0.008349,
          "std": 0.007732,
          "ci": {
            "mean": 0.008349,
            "ci_lo": 0.008009,
            "ci_hi": 0.008717,
            "ci_half": 0.000354
          },
          "lower_is_better": true,
          "interpretation": "L1-vs-\u0394t slope; lower = slower decay w/ distance",
          "num_frames": 16,
          "encoder_ckpt": "outputs/poc/vjepa_2_1_vitg_1B/train/m09a_pretrain_encoder/m09a_ckpt_best.pt"
        },
        "vjepa_2_1_vitg_surgical_3stage_DI_encoder": {
          "variant": "vjepa_2_1_vitg_surgical_3stage_DI_encoder",
          "metric": "tdist",
          "n_test": 1825,
          "mean": 0.009138,
          "std": 0.008565,
          "ci": {
            "mean": 0.009138,
            "ci_lo": 0.008743,
            "ci_hi": 0.009535,
            "ci_half": 0.000396
          },
          "lower_is_better": true,
          "interpretation": "L1-vs-\u0394t slope; lower = slower decay w/ distance",
          "num_frames": 16,
          "encoder_ckpt": "outputs/poc/vjepa_2_1_vitg_1B/train/m09c_surgery_3stage_DI_encoder/m09c_ckpt_best.pt"
        }
      },
      "pairwise_deltas": {
        "vjepa_2_1_vitg_frozen_minus_vjepa_2_1_vitg_pretrain_encoder": {
          "n": 1825,
          "delta_mean": -0.000909,
          "delta_ci_lo": -0.00103,
          "delta_ci_hi": -0.00079,
          "p_value": 0.0
        },
        "vjepa_2_1_vitg_frozen_minus_vjepa_2_1_vitg_surgical_3stage_DI_encoder": {
          "n": 1825,
          "delta_mean": -0.001698,
          "delta_ci_lo": -0.00182,
          "delta_ci_hi": -0.001582,
          "p_value": 0.0
        },
        "vjepa_2_1_vitg_pretrain_encoder_minus_vjepa_2_1_vitg_surgical_3stage_DI_encoder": {
          "n": 1825,
          "delta_mean": -0.000789,
          "delta_ci_lo": -0.000867,
          "delta_ci_hi": -0.000716,
          "p_value": 0.0
        }
      },
      "lower_is_better": true
    },
    "teacher_free": {
      "by_variant": {
        "vjepa_2_1_vitg_frozen": {
          "variant": "vjepa_2_1_vitg_frozen",
          "metric": "teacher_free",
          "n_test": 1825,
          "mean": 0.043995,
          "std": 0.011122,
          "ci": {
            "mean": 0.043995,
            "ci_lo": 0.043485,
            "ci_hi": 0.044511,
            "ci_half": 0.000513
          },
          "lower_is_better": true,
          "interpretation": "free\u2212teacher gap; lower = less exposure bias",
          "num_frames": 16,
          "encoder_ckpt": "checkpoints/vjepa2_1_vitg_384.pt"
        },
        "vjepa_2_1_vitg_pretrain_encoder": {
          "variant": "vjepa_2_1_vitg_pretrain_encoder",
          "metric": "teacher_free",
          "n_test": 1825,
          "mean": 0.037375,
          "std": 0.012105,
          "ci": {
            "mean": 0.037375,
            "ci_lo": 0.036824,
            "ci_hi": 0.037942,
            "ci_half": 0.000559
          },
          "lower_is_better": true,
          "interpretation": "free\u2212teacher gap; lower = less exposure bias",
          "num_frames": 16,
          "encoder_ckpt": "outputs/poc/vjepa_2_1_vitg_1B/train/m09a_pretrain_encoder/m09a_ckpt_best.pt"
        },
        "vjepa_2_1_vitg_surgical_3stage_DI_encoder": {
          "variant": "vjepa_2_1_vitg_surgical_3stage_DI_encoder",
          "metric": "teacher_free",
          "n_test": 1825,
          "mean": 0.038154,
          "std": 0.013944,
          "ci": {
            "mean": 0.038154,
            "ci_lo": 0.037542,
            "ci_hi": 0.038825,
            "ci_half": 0.000642
          },
          "lower_is_better": true,
          "interpretation": "free\u2212teacher gap; lower = less exposure bias",
          "num_frames": 16,
          "encoder_ckpt": "outputs/poc/vjepa_2_1_vitg_1B/train/m09c_surgery_3stage_DI_encoder/m09c_ckpt_best.pt"
        }
      },
      "pairwise_deltas": {
        "vjepa_2_1_vitg_frozen_minus_vjepa_2_1_vitg_pretrain_encoder": {
          "n": 1825,
          "delta_mean": 0.00662,
          "delta_ci_lo": 0.006296,
          "delta_ci_hi": 0.006961,
          "p_value": 0.0
        },
        "vjepa_2_1_vitg_frozen_minus_vjepa_2_1_vitg_surgical_3stage_DI_encoder": {
          "n": 1825,
          "delta_mean": 0.005842,
          "delta_ci_lo": 0.005528,
          "delta_ci_hi": 0.006166,
          "p_value": 0.0
        },
        "vjepa_2_1_vitg_pretrain_encoder_minus_vjepa_2_1_vitg_surgical_3stage_DI_encoder": {
          "n": 1825,
          "delta_mean": -0.000778,
          "delta_ci_lo": -0.001136,
          "delta_ci_hi": -0.000447,
          "p_value": 0.0
        }
      },
      "lower_is_better": true
    },
    "maskratio": {
      "by_variant": {
        "vjepa_2_1_vitg_frozen": {
          "variant": "vjepa_2_1_vitg_frozen",
          "metric": "maskratio",
          "n_test": 1825,
          "mean": 0.06511,
          "std": 0.014649,
          "ci": {
            "mean": 0.06511,
            "ci_lo": 0.064457,
            "ci_hi": 0.065764,
            "ci_half": 0.000654
          },
          "lower_is_better": true,
          "interpretation": "L1-vs-maskratio slope; lower = graceful degrade",
          "num_frames": 16,
          "encoder_ckpt": "checkpoints/vjepa2_1_vitg_384.pt"
        },
        "vjepa_2_1_vitg_pretrain_encoder": {
          "variant": "vjepa_2_1_vitg_pretrain_encoder",
          "metric": "maskratio",
          "n_test": 1825,
          "mean": 0.0586,
          "std": 0.013443,
          "ci": {
            "mean": 0.0586,
            "ci_lo": 0.057976,
            "ci_hi": 0.059217,
            "ci_half": 0.000621
          },
          "lower_is_better": true,
          "interpretation": "L1-vs-maskratio slope; lower = graceful degrade",
          "num_frames": 16,
          "encoder_ckpt": "outputs/poc/vjepa_2_1_vitg_1B/train/m09a_pretrain_encoder/m09a_ckpt_best.pt"
        },
        "vjepa_2_1_vitg_surgical_3stage_DI_encoder": {
          "variant": "vjepa_2_1_vitg_surgical_3stage_DI_encoder",
          "metric": "maskratio",
          "n_test": 1825,
          "mean": 0.054027,
          "std": 0.013155,
          "ci": {
            "mean": 0.054027,
            "ci_lo": 0.05344,
            "ci_hi": 0.054634,
            "ci_half": 0.000597
          },
          "lower_is_better": true,
          "interpretation": "L1-vs-maskratio slope; lower = graceful degrade",
          "num_frames": 16,
          "encoder_ckpt": "outputs/poc/vjepa_2_1_vitg_1B/train/m09c_surgery_3stage_DI_encoder/m09c_ckpt_best.pt"
        }
      },
      "pairwise_deltas": {
        "vjepa_2_1_vitg_frozen_minus_vjepa_2_1_vitg_pretrain_encoder": {
          "n": 1825,
          "delta_mean": 0.00651,
          "delta_ci_lo": 0.006269,
          "delta_ci_hi": 0.006765,
          "p_value": 0.0
        },
        "vjepa_2_1_vitg_frozen_minus_vjepa_2_1_vitg_surgical_3stage_DI_encoder": {
          "n": 1825,
          "delta_mean": 0.011083,
          "delta_ci_lo": 0.010844,
          "delta_ci_hi": 0.011349,
          "p_value": 0.0
        },
        "vjepa_2_1_vitg_pretrain_encoder_minus_vjepa_2_1_vitg_surgical_3stage_DI_encoder": {
          "n": 1825,
          "delta_mean": 0.004573,
          "delta_ci_lo": 0.004479,
          "delta_ci_hi": 0.00467,
          "p_value": 0.0
        }
      },
      "lower_is_better": true
    },
    "order": {
      "by_variant": {
        "vjepa_2_1_vitg_frozen": {
          "variant": "vjepa_2_1_vitg_frozen",
          "metric": "order",
          "n_test": 1825,
          "mean": 0.022689,
          "std": 0.032714,
          "ci": {
            "mean": 0.022689,
            "ci_lo": 0.021195,
            "ci_hi": 0.024144,
            "ci_half": 0.001474
          },
          "lower_is_better": null,
          "interpretation": "shuffled\u2212ordered \u0394L1; sign = order reliance",
          "num_frames": 16,
          "encoder_ckpt": "checkpoints/vjepa2_1_vitg_384.pt"
        },
        "vjepa_2_1_vitg_pretrain_encoder": {
          "variant": "vjepa_2_1_vitg_pretrain_encoder",
          "metric": "order",
          "n_test": 1825,
          "mean": 0.024419,
          "std": 0.031206,
          "ci": {
            "mean": 0.024419,
            "ci_lo": 0.022988,
            "ci_hi": 0.025855,
            "ci_half": 0.001434
          },
          "lower_is_better": null,
          "interpretation": "shuffled\u2212ordered \u0394L1; sign = order reliance",
          "num_frames": 16,
          "encoder_ckpt": "outputs/poc/vjepa_2_1_vitg_1B/train/m09a_pretrain_encoder/m09a_ckpt_best.pt"
        },
        "vjepa_2_1_vitg_surgical_3stage_DI_encoder": {
          "variant": "vjepa_2_1_vitg_surgical_3stage_DI_encoder",
          "metric": "order",
          "n_test": 1825,
          "mean": 0.025683,
          "std": 0.033435,
          "ci": {
            "mean": 0.025683,
            "ci_lo": 0.024141,
            "ci_hi": 0.027215,
            "ci_half": 0.001537
          },
          "lower_is_better": null,
          "interpretation": "shuffled\u2212ordered \u0394L1; sign = order reliance",
          "num_frames": 16,
          "encoder_ckpt": "outputs/poc/vjepa_2_1_vitg_1B/train/m09c_surgery_3stage_DI_encoder/m09c_ckpt_best.pt"
        }
      },
      "pairwise_deltas": {
        "vjepa_2_1_vitg_frozen_minus_vjepa_2_1_vitg_pretrain_encoder": {
          "n": 1825,
          "delta_mean": -0.001729,
          "delta_ci_lo": -0.002103,
          "delta_ci_hi": -0.001338,
          "p_value": 0.0
        },
        "vjepa_2_1_vitg_frozen_minus_vjepa_2_1_vitg_surgical_3stage_DI_encoder": {
          "n": 1825,
          "delta_mean": -0.002994,
          "delta_ci_lo": -0.003336,
          "delta_ci_hi": -0.002644,
          "p_value": 0.0
        },
        "vjepa_2_1_vitg_pretrain_encoder_minus_vjepa_2_1_vitg_surgical_3stage_DI_encoder": {
          "n": 1825,
          "delta_mean": -0.001264,
          "delta_ci_lo": -0.001524,
          "delta_ci_hi": -0.001005,
          "p_value": 0.0
        }
      },
      "lower_is_better": null
    }
  }
}

═══ 22:49:24 · STAGE 9c · encoder_temporal paired_per_variant (CPU) ═══
{
  "metrics": {
    "aot": {
      "by_variant": {
        "vjepa_2_1_vitg_frozen": {
          "variant": "vjepa_2_1_vitg_frozen",
          "metric": "aot",
          "n_test": 1825,
          "k_per_clip": 2,
          "mean": 0.964931,
          "std": 0.13499,
          "ci": {
            "mean": 0.964932,
            "ci_lo": 0.958356,
            "ci_hi": 0.970685,
            "ci_half": 0.006164
          },
          "lower_is_better": false,
          "interpretation": "Arrow-of-Time binary acc; higher = encoder preserves temporal direction",
          "num_frames": 16,
          "tubelet_size": 2,
          "encoder_ckpt": "checkpoints/vjepa2_1_vitg_384.pt",
          "head_lr": 0.001,
          "head_epochs": 20,
          "head_weight_decay": 0.0001,
          "head_batch_size": 64
        },
        "vjepa_2_1_vitg_pretrain_encoder": {
          "variant": "vjepa_2_1_vitg_pretrain_encoder",
          "metric": "aot",
          "n_test": 1825,
          "k_per_clip": 2,
          "mean": 0.950137,
          "std": 0.159558,
          "ci": {
            "mean": 0.950137,
            "ci_lo": 0.942466,
            "ci_hi": 0.95726,
            "ci_half": 0.007397
          },
          "lower_is_better": false,
          "interpretation": "Arrow-of-Time binary acc; higher = encoder preserves temporal direction",
          "num_frames": 16,
          "tubelet_size": 2,
          "encoder_ckpt": "outputs/poc/vjepa_2_1_vitg_1B/train/m09a_pretrain_encoder/student_encoder.pt",
          "head_lr": 0.001,
          "head_epochs": 20,
          "head_weight_decay": 0.0001,
          "head_batch_size": 64
        }
      },
      "pairwise_deltas": {
        "vjepa_2_1_vitg_frozen_minus_vjepa_2_1_vitg_pretrain_encoder": {
          "n": 1825,
          "delta_mean": 0.014795,
          "delta_ci_lo": 0.009041,
          "delta_ci_hi": 0.020822,
          "p_value": 0.0
        }
      },
      "lower_is_better": false
    },
    "tov": {
      "by_variant": {
        "vjepa_2_1_vitg_frozen": {
          "variant": "vjepa_2_1_vitg_frozen",
          "metric": "tov",
          "n_test": 1825,
          "k_per_clip": 4,
          "mean": 0.922603,
          "std": 0.147825,
          "ci": {
            "mean": 0.922603,
            "ci_lo": 0.915616,
            "ci_hi": 0.929041,
            "ci_half": 0.006712
          },
          "lower_is_better": false,
          "interpretation": "TOV/VCOP top-1 over n_permutations; higher = encoder retains frame order",
          "num_frames": 16,
          "tubelet_size": 2,
          "encoder_ckpt": "checkpoints/vjepa2_1_vitg_384.pt",
          "head_lr": 0.001,
          "head_epochs": 20,
          "head_weight_decay": 0.0001,
          "head_batch_size": 64,
          "n_permutations": 4
        },
        "vjepa_2_1_vitg_pretrain_encoder": {
          "variant": "vjepa_2_1_vitg_pretrain_encoder",
          "metric": "tov",
          "n_test": 1825,
          "k_per_clip": 4,
          "mean": 0.926575,
          "std": 0.140032,
          "ci": {
            "mean": 0.926575,
            "ci_lo": 0.919863,
            "ci_hi": 0.932877,
            "ci_half": 0.006507
          },
          "lower_is_better": false,
          "interpretation": "TOV/VCOP top-1 over n_permutations; higher = encoder retains frame order",
          "num_frames": 16,
          "tubelet_size": 2,
          "encoder_ckpt": "outputs/poc/vjepa_2_1_vitg_1B/train/m09a_pretrain_encoder/student_encoder.pt",
          "head_lr": 0.001,
          "head_epochs": 20,
          "head_weight_decay": 0.0001,
          "head_batch_size": 64,
          "n_permutations": 4
        }
      },
      "pairwise_deltas": {
        "vjepa_2_1_vitg_frozen_minus_vjepa_2_1_vitg_pretrain_encoder": {
          "n": 1825,
          "delta_mean": -0.003973,
          "delta_ci_lo": -0.009863,
          "delta_ci_hi": 0.002055,
          "p_value": 0.1994
        }
      },
      "lower_is_better": false
    },
    "pace": {
      "by_variant": {
        "vjepa_2_1_vitg_frozen": {
          "variant": "vjepa_2_1_vitg_frozen",
          "metric": "pace",
          "n_test": 1825,
          "k_per_clip": 3,
          "mean": 0.728584,
          "std": 0.271422,
          "ci": {
            "mean": 0.728584,
            "ci_lo": 0.715982,
            "ci_hi": 0.741005,
            "ci_half": 0.012511
          },
          "lower_is_better": false,
          "interpretation": "Pace top-1 over playback rates; higher = encoder is rate-sensitive",
          "num_frames": 16,
          "tubelet_size": 2,
          "encoder_ckpt": "checkpoints/vjepa2_1_vitg_384.pt",
          "head_lr": 0.001,
          "head_epochs": 20,
          "head_weight_decay": 0.0001,
          "head_batch_size": 64,
          "strides": "1,2,4",
          "source_frames": 64
        }
      },
      "pairwise_deltas": {},
      "lower_is_better": false
    },
    "tcc": {
      "by_variant": {
        "vjepa_2_1_vitg_frozen": {
          "variant": "vjepa_2_1_vitg_frozen",
          "metric": "tcc",
          "n_test": 1825,
          "n_pairs": 226571,
          "cycle_back": {
            "mean": 2.195203,
            "std": 0.177425,
            "ci": {
              "mean": 2.195203,
              "ci_lo": 2.187209,
              "ci_hi": 2.20362,
              "ci_half": 0.008206
            },
            "lower_is_better": true
          },
          "kendalls_tau": {
            "mean": 0.33376,
            "std": 0.12401,
            "ci": {
              "mean": 0.33376,
              "ci_lo": 0.32808,
              "ci_hi": 0.339533,
              "ci_half": 0.005727
            },
            "lower_is_better": false
          },
          "temperature": 0.1,
          "num_frames": 16,
          "tubelet_size": 2,
          "encoder_ckpt": "checkpoints/vjepa2_1_vitg_384.pt"
        },
        "vjepa_2_1_vitg_pretrain_encoder": {
          "variant": "vjepa_2_1_vitg_pretrain_encoder",
          "metric": "tcc",
          "n_test": 1825,
          "n_pairs": 226571,
          "cycle_back": {
            "mean": 2.464678,
            "std": 0.218236,
            "ci": {
              "mean": 2.464678,
              "ci_lo": 2.454471,
              "ci_hi": 2.474577,
              "ci_half": 0.010053
            },
            "lower_is_better": true
          },
          "kendalls_tau": {
            "mean": 0.296002,
            "std": 0.116351,
            "ci": {
              "mean": 0.296002,
              "ci_lo": 0.290574,
              "ci_hi": 0.30138,
              "ci_half": 0.005403
            },
            "lower_is_better": false
          },
          "temperature": 0.1,
          "num_frames": 16,
          "tubelet_size": 2,
          "encoder_ckpt": "outputs/poc/vjepa_2_1_vitg_1B/train/m09a_pretrain_encoder/student_encoder.pt"
        }
      },
      "pairwise_deltas": {
        "cycle_back": {
          "vjepa_2_1_vitg_frozen_minus_vjepa_2_1_vitg_pretrain_encoder": {
            "n": 1825,
            "delta_mean": -0.269475,
            "delta_ci_lo": -0.278903,
            "delta_ci_hi": -0.260343,
            "p_value": 0.0
          }
        },
        "kendalls_tau": {
          "vjepa_2_1_vitg_frozen_minus_vjepa_2_1_vitg_pretrain_encoder": {
            "n": 1825,
            "delta_mean": 0.037758,
            "delta_ci_lo": 0.034761,
            "delta_ci_hi": 0.040736,
            "p_value": 0.0
          }
        }
      }
    }
  }
}

═══ 22:49:38 · STAGE 10 · m13 eval plot — 14 bars + HERO (CPU, ~5s) ═══
  [m13_eval_plot] wiping eval/ — 35 stale file(s)
m13_eval_plot:   0%|          | 0/15 [00:00<?, ?panel/s]  Saved: outputs/poc/vjepa_2_1_vitg_1B/eval/eval_10k/probe_plot/eval/head/probe_action_acc_compare.png + .pdf
  Saved: outputs/poc/vjepa_2_1_vitg_1B/eval/eval_10k/probe_plot/eval/head/probe_motion_cos_compare.png + .pdf
  Saved: outputs/poc/vjepa_2_1_vitg_1B/eval/eval_10k/probe_plot/eval/head/m13_taxonomy_f1_compare.png + .pdf
  Saved: outputs/poc/vjepa_2_1_vitg_1B/eval/eval_10k/probe_plot/eval/head/probe_future_mse_compare.png + .pdf
  Saved: outputs/poc/vjepa_2_1_vitg_1B/eval/eval_10k/probe_plot/eval/predictor/m13_rollout_compare.png + .pdf
  Saved: outputs/poc/vjepa_2_1_vitg_1B/eval/eval_10k/probe_plot/eval/predictor/m13_causal_compare.png + .pdf
  Saved: outputs/poc/vjepa_2_1_vitg_1B/eval/eval_10k/probe_plot/eval/predictor/m13_tdist_compare.png + .pdf
  Saved: outputs/poc/vjepa_2_1_vitg_1B/eval/eval_10k/probe_plot/eval/predictor/m13_teacher_free_compare.png + .pdf
  Saved: outputs/poc/vjepa_2_1_vitg_1B/eval/eval_10k/probe_plot/eval/predictor/m13_maskratio_compare.png + .pdf
  [skip] order: signed (no better/worse direction) — diagnostic only, kept in CSV not plotted
  Saved: outputs/poc/vjepa_2_1_vitg_1B/eval/eval_10k/probe_plot/eval/encoder/m13_aot_compare.png + .pdf
  Saved: outputs/poc/vjepa_2_1_vitg_1B/eval/eval_10k/probe_plot/eval/encoder/m13_tov_compare.png + .pdf
  Saved: outputs/poc/vjepa_2_1_vitg_1B/eval/eval_10k/probe_plot/eval/encoder/m13_pace_compare.png + .pdf
  Saved: outputs/poc/vjepa_2_1_vitg_1B/eval/eval_10k/probe_plot/eval/encoder/m13_tcc_tau_compare.png + .pdf
  Saved: outputs/poc/vjepa_2_1_vitg_1B/eval/eval_10k/probe_plot/eval/encoder/m13_tcc_cycle_compare.png + .pdf
m13_eval_plot: 100%|██████████| 15/15 [00:05<00:00,  2.70panel/s]m13_eval_plot: 100%|██████████| 15/15 [00:05<00:00,  2.70panel/s]
  14/15 bar panels written (14 plotted): ['action_top1', 'aot', 'causal', 'future_mse', 'maskratio', 'motion_cos', 'pace', 'rollout', 'taxonomy_f1', 'tcc_cycle', 'tcc_tau', 'tdist', 'teacher_free', 'tov']  ·  signed (CSV-only, not plotted): ['order']
  [per-backbone] vjepa_2_1_vitg → eval/vjepa_2_1_vitg/  (3 arms vs g-frozen)
  Saved: outputs/poc/vjepa_2_1_vitg_1B/eval/eval_10k/probe_plot/eval/vjepa_2_1_vitg/m13_hero_table.png + .pdf
  [hero-table] m13_hero_table.{png,pdf,csv} — 13 metric rows drawn (+signed 'order' in CSV only) × 4 cols (transposed) · WINNER col = champion duel (ties shown)
  Saved: outputs/poc/vjepa_2_1_vitg_1B/eval/eval_10k/probe_plot/eval/vjepa_2_1_vitg/m13_hero_raw_values.png + .pdf
  [hero-heatmap] m13_hero_raw_values.{png,pdf} — 3 rows (frozen + 2 arms) × 13 (raw value CI)
  Saved: outputs/poc/vjepa_2_1_vitg_1B/eval/eval_10k/probe_plot/eval/vjepa_2_1_vitg/m13_scoreboard_surgery_vs_pretrain.png + .pdf
  [scoreboard] m13_scoreboard_surgery_vs_pretrain — surgery 3 pretrain 4 tie 2
/workspace/factorjepa/src/m13_eval_plot.py:1487: RuntimeWarning: All-NaN slice encountered
  col = M[:, j]; lo, hi = np.nanmin(col), np.nanmax(col)

❌ FATAL: m13_eval_plot.py crashed — see traceback below
Traceback (most recent call last):
  File "/workspace/factorjepa/src/m13_eval_plot.py", line 2724, in <module>
    main()
  File "/workspace/factorjepa/src/m13_eval_plot.py", line 2679, in main
    _emit_hero_suite(metrics, bb_core, bb_frozen, args.output_dir / bb, boot_str)
  File "/workspace/factorjepa/src/m13_eval_plot.py", line 1754, in _emit_hero_suite
    plot_grouped_winner(metrics, core, frozen, out_dir)
  File "/workspace/factorjepa/src/m13_eval_plot.py", line 1494, in plot_grouped_winner
    winner = [{"surgery": "S", "pretrain": "V", "tie": "="}[per[k]] for k in keys]
                                                            ~~~^^^
KeyError: 'aot'

❌ FATAL: run_eval.sh aborted at line 1271 (exit=1) — sequential dependency failed; downstream stages skipped
