  [encoders] source = --encoders CLI flag
  ✓ eval frame cache:     data/eval_10k_local/m12_frame_cache (min free 80 GB)

═══ 06:35:26 · PRE-FLIGHT ═══
-rw-rw-r-- 1 root root 29G Jun 21 06:13 checkpoints/vjepa2_1_vitG_384.pt
✓ ckpt present
  ✓ mode:                 SANITY
  ✓ eval_subset:          data/eval_10k_local/eval_10k.json
  ✓ local_data:           data/eval_10k_local
  ✓ encoder_ckpt:         checkpoints/vjepa2_1_vitG_384.pt  (29G)
  ✓ motion_features:      data/eval_10k_local/m04d_motion_features/motion_features.npy  (836K)
  ✓ min_clips_per_class:  3
  ✓ min_per_split:        1
  ✓ encoders:             vjepa_2_1_frozen
  ✓ skip_stages:          2,3,4,5,6,7,8,8b,9,9b,9c,10,11,12,13
  ✓ cache_policy:         1
  ✓ eval_prefix:          outputs/sanity/vjepa_2_1_vitG_2B/eval/eval_10k  (corpus=eval_10k · backbone=vjepa_2_1_vitG)
  ✓ train_root:           outputs/sanity/vjepa_2_1_vitG_2B/train

──────────────────────────────────────────────
run_probe cache-policy gather (UPFRONT — one prompt per module)
──────────────────────────────────────────────
  → ACTION=1  COS=1  MSE=1

──────────────────────────────────────────────
P2/P3 trainer-output pre-flight
──────────────────────────────────────────────
  ✓ vjepa_2_1_frozen: external/HF frozen (no trainer needed)
  → final ENCODERS: vjepa_2_1_frozen

──────────────────────────────────────────────
Stage 8 predictor-ckpt pre-flight
──────────────────────────────────────────────
  ✓ vjepa_2_1_frozen: checkpoints/vjepa2_1_vitG_384.pt
  → Stage 8 ENCODERS: vjepa_2_1_frozen

──────────────────────────────────────────────
motion_aux_head pre-flight (head-vs-encoder paired-Δ readiness)
──────────────────────────────────────────────
  ✓ vjepa_2_1_frozen: external frozen (no head — encoder-only path)
  → head-augmented eval ENCODERS: <none>
  → final ENCODERS after head preflight: vjepa_2_1_frozen

──────────────────────────────────────────────
Pre-eval pretrain_encoder-cleanup (drop _latest.pt resume anchors)
──────────────────────────────────────────────

═══ 06:35:26 · STAGE 1 · action_probe + taxonomy labels (CPU, ~1-2 min) ═══
[M1 Opt X] mode=sanity: subsampled 100/10,000 clips (1.00%)
  [motion-flow] magnitude quartiles: Q1=112.219  Q2=169.959  Q3=256.442
  [motion-flow] 11 classes: ['fast__downward', 'fast__upward', 'medium__upward', 'slow__downward', 'slow__leftward', 'slow__rightward', 'slow__upward', 'still__downward', 'still__leftward', 'still__rightward', 'still__upward']
  [motion-flow] kept 97 clips, dropped 3 (dropped counts: {'medium__downward': 2, 'medium__leftward': 1})
Loaded 97 labeled clips from data/eval_10k_local/eval_10k.json (11 motion-flow classes)
[stratified_split] SANITY clip-level (NOT video-disjoint): N_clips=97, N_videos=7, N_classes=11; train/val/test = 57/20/20
  [class-edges] wrote outputs/sanity/vjepa_2_1_vitG_2B/eval/eval_10k/probe_action/class_edges.json (quartiles + 11 class_names) — reuse via --class-edges for cross-set eval
  WARN: class 'slow__upward' train=5 (recommended >=30)
  WARN: class 'still__upward' train=6 (recommended >=30)
  WARN: class 'still__rightward' train=7 (recommended >=30)
  WARN: class 'slow__downward' train=3 (recommended >=30)
  WARN: class 'medium__upward' train=6 (recommended >=30)
  WARN: class 'slow__rightward' train=3 (recommended >=30)
  WARN: class 'fast__upward' train=16 (recommended >=30)
  WARN [SANITY]: class 'still__downward' val=0/test=1 (need >= 1 each for POC/FULL; SANITY only validates code paths)
  WARN: class 'still__downward' train=2 (recommended >=30)
  WARN [SANITY]: class 'fast__downward' val=1/test=0 (need >= 1 each for POC/FULL; SANITY only validates code paths)
  WARN: class 'fast__downward' train=2 (recommended >=30)
  WARN: class 'slow__leftward' train=2 (recommended >=30)
  WARN: class 'still__leftward' train=5 (recommended >=30)
Wrote: outputs/sanity/vjepa_2_1_vitG_2B/eval/eval_10k/probe_action/action_labels.json  +  class_counts.json
  derived labels for 10000/10000 clips (0 skipped — no tag record)
Wrote: outputs/sanity/vjepa_2_1_vitG_2B/eval/eval_10k/probe_taxonomy/taxonomy_labels.json  (15 dims, 10000 labeled clips)

═══ 06:35:28 · PER-ENCODER pipeline (Stages 2/3/3.5/5/6/8/8b/8c) — xxxxxxxxxxxxxxxx encoders sequentially ═══

════════════════════════════════════════════════════════════════
ENCODER: vjepa_2_1_frozen  (Stages 2/3/5/6/8)
════════════════════════════════════════════════════════════════
  [cleanup_lazy] dir not found, nothing to clean: outputs/sanity/vjepa_2_1_vitG_2B/eval/eval_10k/probe_action/vjepa_2_1_frozen

═══ 06:35:31 ·   STAGE 8c · encoder_temporal (metric=all) for vjepa_2_1_frozen ═══
GPU: NVIDIA RTX PRO 6000 Blackwell Workstation Edition
CUDA version: 13.0
[m12f_encoder_temporal] cgroup envelope:
[m12f_encoder_temporal]   memory: 245.9 GB / 512.7 GB (48%)
[m12f_encoder_temporal]   pids:   1204 / 29440 (4%)
[m12f_encoder_temporal]-oom-watchdog started (warn=80%, crit=90%, imminent=97%, interval=10s)
  splits: train=57  test=20  metrics=['aot', 'tov', 'pace', 'tcc']
/workspace/factorjepa/venv_walkindia/lib/python3.12/site-packages/timm/models/layers/__init__.py:49: FutureWarning: Importing from timm.models.layers is deprecated, please import via timm.layers
  warnings.warn(f"Importing from {__name__} is deprecated, please import via timm.layers", FutureWarning)
  encoder loaded (concat dim=6656; encoder-only — no predictor build)
  [share-features] test: off — probe_action cache missing at outputs/sanity/vjepa_2_1_vitG_2B/eval/eval_10k/probe_action/vjepa_2_1_frozen
  Parallel TAR reader: 8 threads, 10 TARs, queue=256
m12f[aot-tov-tcc/test]:   0%|          | 0/20 [00:00<?, ?clip/s]  [tar reader] subset-00007.tar: emitted=0, dropped=0 (missing_part=0, empty_mp4=0), filtered=1000 (subset=1000, resume=0)
  [tar reader] subset-00006.tar: emitted=0, dropped=0 (missing_part=0, empty_mp4=0), filtered=1000 (subset=1000, resume=0)
  [tar reader] subset-00001.tar: emitted=0, dropped=0 (missing_part=0, empty_mp4=0), filtered=1000 (subset=1000, resume=0)
  [tar reader] subset-00005.tar: emitted=0, dropped=0 (missing_part=0, empty_mp4=0), filtered=1000 (subset=1000, resume=0)
  [tar reader] subset-00003.tar: emitted=0, dropped=0 (missing_part=0, empty_mp4=0), filtered=1000 (subset=1000, resume=0)
  [tar reader] subset-00002.tar: emitted=0, dropped=0 (missing_part=0, empty_mp4=0), filtered=1000 (subset=1000, resume=0)
  [tar reader] subset-00000.tar: emitted=20, dropped=0 (missing_part=0, empty_mp4=0), filtered=980 (subset=980, resume=0)
  [tar reader] subset-00004.tar: emitted=0, dropped=0 (missing_part=0, empty_mp4=0), filtered=1000 (subset=1000, resume=0)
  [tar reader] subset-00009.tar: emitted=0, dropped=0 (missing_part=0, empty_mp4=0), filtered=297 (subset=297, resume=0)
  [tar reader] subset-00008.tar: emitted=0, dropped=0 (missing_part=0, empty_mp4=0), filtered=1000 (subset=1000, resume=0)
m12f[aot-tov-tcc/test]: 100%|██████████| 20/20 [00:58<00:00,  2.92s/clip]m12f[aot-tov-tcc/test]: 100%|██████████| 20/20 [00:58<00:00,  2.92s/clip, recent=1.7s/clip ETA0.0h]
  [share-features] train: off — probe_action cache missing at outputs/sanity/vjepa_2_1_vitG_2B/eval/eval_10k/probe_action/vjepa_2_1_frozen
  Parallel TAR reader: 8 threads, 10 TARs, queue=256
m12f[aot-tov/train]:   0%|          | 0/57 [00:00<?, ?clip/s]  [tar reader] subset-00007.tar: emitted=0, dropped=0 (missing_part=0, empty_mp4=0), filtered=1000 (subset=1000, resume=0)
  [tar reader] subset-00001.tar: emitted=0, dropped=0 (missing_part=0, empty_mp4=0), filtered=1000 (subset=1000, resume=0)  [tar reader] subset-00006.tar: emitted=0, dropped=0 (missing_part=0, empty_mp4=0), filtered=1000 (subset=1000, resume=0)

  [tar reader] subset-00003.tar: emitted=0, dropped=0 (missing_part=0, empty_mp4=0), filtered=1000 (subset=1000, resume=0)
  [tar reader] subset-00002.tar: emitted=0, dropped=0 (missing_part=0, empty_mp4=0), filtered=1000 (subset=1000, resume=0)
  [tar reader] subset-00005.tar: emitted=0, dropped=0 (missing_part=0, empty_mp4=0), filtered=1000 (subset=1000, resume=0)
  [tar reader] subset-00004.tar: emitted=0, dropped=0 (missing_part=0, empty_mp4=0), filtered=1000 (subset=1000, resume=0)
  [tar reader] subset-00000.tar: emitted=57, dropped=0 (missing_part=0, empty_mp4=0), filtered=943 (subset=943, resume=0)
  [tar reader] subset-00009.tar: emitted=0, dropped=0 (missing_part=0, empty_mp4=0), filtered=297 (subset=297, resume=0)
  [tar reader] subset-00008.tar: emitted=0, dropped=0 (missing_part=0, empty_mp4=0), filtered=1000 (subset=1000, resume=0)
m12f[aot-tov/train]:  56%|█████▌    | 32/57 [01:46<01:22,  3.31s/clip]m12f[aot-tov/train]: 100%|██████████| 57/57 [02:23<00:00,  2.51s/clip, recent=1.5s/clip ETA0.0h]m12f[aot-tov/train]: 100%|██████████| 57/57 [02:23<00:00,  2.51s/clip, recent=1.5s/clip ETA0.0h]
  [share-features] test: off — n/a (no aot/tov in group)
  Parallel TAR reader: 8 threads, 10 TARs, queue=256
m12f[pace/test]:   0%|          | 0/20 [00:00<?, ?clip/s]  [tar reader] subset-00006.tar: emitted=0, dropped=0 (missing_part=0, empty_mp4=0), filtered=1000 (subset=1000, resume=0)
  [tar reader] subset-00007.tar: emitted=0, dropped=0 (missing_part=0, empty_mp4=0), filtered=1000 (subset=1000, resume=0)
  [tar reader] subset-00005.tar: emitted=0, dropped=0 (missing_part=0, empty_mp4=0), filtered=1000 (subset=1000, resume=0)
  [tar reader] subset-00002.tar: emitted=0, dropped=0 (missing_part=0, empty_mp4=0), filtered=1000 (subset=1000, resume=0)
  [tar reader] subset-00003.tar: emitted=0, dropped=0 (missing_part=0, empty_mp4=0), filtered=1000 (subset=1000, resume=0)
  [tar reader] subset-00000.tar: emitted=20, dropped=0 (missing_part=0, empty_mp4=0), filtered=980 (subset=980, resume=0)  [tar reader] subset-00004.tar: emitted=0, dropped=0 (missing_part=0, empty_mp4=0), filtered=1000 (subset=1000, resume=0)

  [tar reader] subset-00001.tar: emitted=0, dropped=0 (missing_part=0, empty_mp4=0), filtered=1000 (subset=1000, resume=0)
  [tar reader] subset-00009.tar: emitted=0, dropped=0 (missing_part=0, empty_mp4=0), filtered=297 (subset=297, resume=0)
  [tar reader] subset-00008.tar: emitted=0, dropped=0 (missing_part=0, empty_mp4=0), filtered=1000 (subset=1000, resume=0)
m12f[pace/test]: 100%|██████████| 20/20 [02:57<00:00,  8.89s/clip]m12f[pace/test]: 100%|██████████| 20/20 [02:57<00:00,  8.89s/clip, recent=1.7s/clip ETA0.0h]
  [share-features] train: off — n/a (no aot/tov in group)
  Parallel TAR reader: 8 threads, 10 TARs, queue=256
m12f[pace/train]:   0%|          | 0/57 [00:00<?, ?clip/s]  [tar reader] subset-00005.tar: emitted=0, dropped=0 (missing_part=0, empty_mp4=0), filtered=1000 (subset=1000, resume=0)
  [tar reader] subset-00003.tar: emitted=0, dropped=0 (missing_part=0, empty_mp4=0), filtered=1000 (subset=1000, resume=0)
  [tar reader] subset-00001.tar: emitted=0, dropped=0 (missing_part=0, empty_mp4=0), filtered=1000 (subset=1000, resume=0)
  [tar reader] subset-00002.tar: emitted=0, dropped=0 (missing_part=0, empty_mp4=0), filtered=1000 (subset=1000, resume=0)
  [tar reader] subset-00006.tar: emitted=0, dropped=0 (missing_part=0, empty_mp4=0), filtered=1000 (subset=1000, resume=0)
  [tar reader] subset-00004.tar: emitted=0, dropped=0 (missing_part=0, empty_mp4=0), filtered=1000 (subset=1000, resume=0)
  [tar reader] subset-00007.tar: emitted=0, dropped=0 (missing_part=0, empty_mp4=0), filtered=1000 (subset=1000, resume=0)
  [tar reader] subset-00009.tar: emitted=0, dropped=0 (missing_part=0, empty_mp4=0), filtered=297 (subset=297, resume=0)
  [tar reader] subset-00000.tar: emitted=57, dropped=0 (missing_part=0, empty_mp4=0), filtered=943 (subset=943, resume=0)
  [tar reader] subset-00008.tar: emitted=0, dropped=0 (missing_part=0, empty_mp4=0), filtered=1000 (subset=1000, resume=0)
m12f[pace/train]:  56%|█████▌    | 32/57 [03:43<02:54,  6.99s/clip]m12f[pace/train]: 100%|██████████| 57/57 [04:13<00:00,  4.45s/clip, recent=1.4s/clip ETA0.0h]m12f[pace/train]: 100%|██████████| 57/57 [04:13<00:00,  4.45s/clip, recent=1.2s/clip ETA0.0h]
[keep-heads] aot: saved head → outputs/sanity/vjepa_2_1_vitG_2B/eval/eval_10k/encoder_temporal/vjepa_2_1_frozen/head_aot.pt
  aot: mean=0.9500 std=0.1500 N=20 (0s)
[keep-heads] tov: saved head → outputs/sanity/vjepa_2_1_vitG_2B/eval/eval_10k/encoder_temporal/vjepa_2_1_frozen/head_tov.pt
  tov: mean=0.8000 std=0.1696 N=20 (0s)
[keep-heads] pace: saved head → outputs/sanity/vjepa_2_1_vitG_2B/eval/eval_10k/encoder_temporal/vjepa_2_1_frozen/head_pace.pt
  pace: mean=0.7667 std=0.2380 N=20 (0s)
  [tcc] pair-chunk auto → 21  (free=54.5G × target=0.85 ÷ 1.28MB/pair, n_pairs=21)
  tcc: cycle=1.5783±0.2893  τ=0.4065±0.2873 N=15 pairs=21 (0s)
forward stage: 254s
  [post-stage8-cleanup] SKIPPED for vjepa_2_1_frozen (mode=SANITY, P_ACTION=1) — features_test.npy preserved for cache_policy=1 reruns

═══ 06:39:47 · DONE · total wall = 4 min ═══
Artifacts:
  🔥 P1 GATE     outputs/sanity/vjepa_2_1_vitG_2B/eval/eval_10k/probe_action/probe_paired_delta.json
  motion_cos     outputs/sanity/vjepa_2_1_vitG_2B/eval/eval_10k/probe_motion_cos/probe_motion_cos_paired.json
  future_mse     outputs/sanity/vjepa_2_1_vitG_2B/eval/eval_10k/probe_future_mse/probe_future_mse_per_variant.json
  enc_temporal   outputs/sanity/vjepa_2_1_vitG_2B/eval/eval_10k/encoder_temporal/encoder_temporal_per_variant.json (aot/tov/pace/tcc)
  taxonomy lbls  outputs/sanity/vjepa_2_1_vitG_2B/eval/eval_10k/probe_taxonomy/taxonomy_labels.json (consumed by run_train.sh multi-task path)
  plots          outputs/sanity/vjepa_2_1_vitG_2B/eval/eval_10k/probe_plot/eval/{probe_action_loss,probe_action_acc,probe_action_acc_compare,probe_motion_cos_compare,probe_future_mse_compare}.{png,pdf}
Per-encoder probe ckpts:
  outputs/sanity/vjepa_2_1_vitG_2B/eval/eval_10k/probe_action/vjepa_2_1_frozen/probe.pt
