This is pdfTeX, Version 3.141592653-2.6-1.40.25 (TeX Live 2023/Debian) (preloaded format=pdflatex 2026.7.22)  22 JUL 2026 11:25
entering extended mode
 restricted \write18 enabled.
 file:line:error style messages enabled.
 %&-line parsing enabled.
**0_main_AAAI.tex
(./0_main_AAAI.tex
LaTeX2e <2023-11-01> patch level 1
L3 programming layer <2024-01-22>
(/usr/share/texlive/texmf-dist/tex/latex/base/article.cls
Document Class: article 2023/05/17 v1.4n Standard LaTeX document class
(/usr/share/texlive/texmf-dist/tex/latex/base/size10.clo
File: size10.clo 2023/05/17 v1.4n Standard LaTeX file (size option)
)
\c@part=\count187
\c@section=\count188
\c@subsection=\count189
\c@subsubsection=\count190
\c@paragraph=\count191
\c@subparagraph=\count192
\c@figure=\count193
\c@table=\count194
\abovecaptionskip=\skip48
\belowcaptionskip=\skip49
\bibindent=\dimen140
) (./aaai2027.sty
Package: aaai2027 2027/05/04 AAAI 2027 Submission format

Conference Style for AAAI for LaTeX 2e
(/usr/share/texlive/texmf-dist/tex/generic/iftex/iftex.sty
Package: iftex 2022/02/03 v1.0f TeX engine tests
)
(/usr/share/texlive/texmf-dist/tex/latex/base/fontenc.sty
Package: fontenc 2021/04/29 v2.0v Standard LaTeX package
)
(/usr/share/texlive/texmf-dist/tex/latex/newtx/newtxtext.sty
Package: newtxtext 2024/01/11 v1.737(Michael Sharpe) latex and unicode latex su
pport for TeXGyreTermesX

`newtxtext' v1.737, 2024/01/11 Text macros taking advantage of TeXGyre Termes a
nd its extensions (msharpe)
(/usr/share/texlive/texmf-dist/tex/latex/xpatch/xpatch.sty
(/usr/share/texlive/texmf-dist/tex/latex/l3kernel/expl3.sty
Package: expl3 2024-01-22 L3 programming layer (loader) 

(/usr/share/texlive/texmf-dist/tex/latex/l3backend/l3backend-pdftex.def
File: l3backend-pdftex.def 2024-01-04 L3 backend support: PDF output (pdfTeX)
\l__color_backend_stack_int=\count195
\l__pdf_internal_box=\box51
))
Package: xpatch 2020/03/25 v0.3a Extending etoolbox patching commands

(/usr/share/texlive/texmf-dist/tex/latex/l3packages/xparse/xparse.sty
Package: xparse 2023-10-10 L3 Experimental document command parser
)
(/usr/share/texlive/texmf-dist/tex/latex/etoolbox/etoolbox.sty
Package: etoolbox 2020/10/05 v2.5k e-TeX tools for LaTeX (JAW)
\etb@tempcnta=\count196
))
(/usr/share/texlive/texmf-dist/tex/latex/xcolor/xcolor.sty
Package: xcolor 2023/11/15 v3.01 LaTeX color extensions (UK)

(/usr/share/texlive/texmf-dist/tex/latex/graphics-cfg/color.cfg
File: color.cfg 2016/01/02 v1.6 sample color configuration
)
Package xcolor Info: Driver file: pdftex.def on input line 274.

(/usr/share/texlive/texmf-dist/tex/latex/graphics-def/pdftex.def
File: pdftex.def 2022/09/22 v1.2b Graphics/color driver for pdftex
)
(/usr/share/texlive/texmf-dist/tex/latex/graphics/mathcolor.ltx)
Package xcolor Info: Model `cmy' substituted by `cmy0' on input line 1350.
Package xcolor Info: Model `hsb' substituted by `rgb' on input line 1354.
Package xcolor Info: Model `RGB' extended on input line 1366.
Package xcolor Info: Model `HTML' substituted by `rgb' on input line 1368.
Package xcolor Info: Model `Hsb' substituted by `hsb' on input line 1369.
Package xcolor Info: Model `tHsb' substituted by `hsb' on input line 1370.
Package xcolor Info: Model `HSB' substituted by `hsb' on input line 1371.
Package xcolor Info: Model `Gray' substituted by `gray' on input line 1372.
Package xcolor Info: Model `wave' substituted by `hsb' on input line 1373.
)
(/usr/share/texlive/texmf-dist/tex/latex/xkeyval/xkeyval.sty
Package: xkeyval 2022/06/16 v2.9 package option processing (HA)

(/usr/share/texlive/texmf-dist/tex/generic/xkeyval/xkeyval.tex
(/usr/share/texlive/texmf-dist/tex/generic/xkeyval/xkvutils.tex
\XKV@toks=\toks17
\XKV@tempa@toks=\toks18

(/usr/share/texlive/texmf-dist/tex/generic/xkeyval/keyval.tex))
\XKV@depth=\count197
File: xkeyval.tex 2014/12/03 v2.7a key=value parser (HA)
))
(/usr/share/texlive/texmf-dist/tex/latex/base/textcomp.sty
Package: textcomp 2020/02/02 v2.0n Standard LaTeX package
)
(/usr/share/texlive/texmf-dist/tex/generic/xstring/xstring.sty
(/usr/share/texlive/texmf-dist/tex/generic/xstring/xstring.tex
\xs_counta=\count198
\xs_countb=\count199
)
Package: xstring 2023/08/22 v1.86 String manipulations (CT)
)
(/usr/share/texlive/texmf-dist/tex/latex/base/ifthen.sty
Package: ifthen 2022/04/13 v1.1d Standard LaTeX ifthen package (DPC)
)
(/usr/share/texlive/texmf-dist/tex/latex/carlisle/scalefnt.sty)
LaTeX Font Info:    Setting ntxLF sub-encoding to TS1/0 on input line 24.
LaTeX Font Info:    Setting ntxTLF sub-encoding to TS1/0 on input line 24.
LaTeX Font Info:    Setting ntxOsF sub-encoding to TS1/0 on input line 24.
LaTeX Font Info:    Setting ntxTOsF sub-encoding to TS1/0 on input line 24.

(/usr/share/texlive/texmf-dist/tex/generic/kastrup/binhex.tex)
\ntx@tmpcnta=\count266
\ntx@cnt=\count267

(/usr/share/texlive/texmf-dist/tex/latex/fontaxes/fontaxes.sty
Package: fontaxes 2020/07/21 v1.0e Font selection axes
LaTeX Info: Redefining \upshape on input line 29.
LaTeX Info: Redefining \itshape on input line 31.
LaTeX Info: Redefining \slshape on input line 33.
LaTeX Info: Redefining \swshape on input line 35.
LaTeX Info: Redefining \scshape on input line 37.
LaTeX Info: Redefining \sscshape on input line 39.
LaTeX Info: Redefining \ulcshape on input line 41.
LaTeX Info: Redefining \textsw on input line 47.
LaTeX Info: Redefining \textssc on input line 48.
LaTeX Info: Redefining \textulc on input line 49.
)
\tx@sixem=\dimen141
\tx@y=\dimen142
\tx@x=\dimen143
\tx@tmpdima=\dimen144
\tx@tmpdimb=\dimen145
\tx@tmpdimc=\dimen146
\tx@tmpdimd=\dimen147
\tx@tmpdime=\dimen148
\tx@tmpdimf=\dimen149
\tx@dimA=\dimen150
\tx@dimAA=\dimen151
\tx@dimB=\dimen152
\tx@dimBB=\dimen153
\tx@dimC=\dimen154
LaTeX Info: Redefining \oldstylenums on input line 893.
)
(/usr/share/texlive/texmf-dist/tex/latex/psnfss/helvet.sty
Package: helvet 2020/03/25 PSNFSS-v9.3 (WaS) 
)
(/usr/share/texlive/texmf-dist/tex/latex/psnfss/courier.sty
Package: courier 2020/03/25 PSNFSS-v9.3 (WaS) 
)
(/usr/share/texlive/texmf-dist/tex/latex/placeins/placeins.sty
Package: placeins 2005/04/18  v 2.2
)
\titlebox=\skip50
\aaai@thanksins=\insert252
\aaai@copyrightins=\insert251
)
(/usr/share/texlive/texmf-dist/tex/latex/url/url.sty
\Urlmuskip=\muskip16
Package: url 2013/09/16  ver 3.4  Verb mode for urls, etc.
)
(/usr/share/texlive/texmf-dist/tex/latex/graphics/graphicx.sty
Package: graphicx 2021/09/16 v1.2d Enhanced LaTeX Graphics (DPC,SPQR)

(/usr/share/texlive/texmf-dist/tex/latex/graphics/graphics.sty
Package: graphics 2022/03/10 v1.4e Standard LaTeX Graphics (DPC,SPQR)

(/usr/share/texlive/texmf-dist/tex/latex/graphics/trig.sty
Package: trig 2021/08/11 v1.11 sin cos tan (DPC)
)
(/usr/share/texlive/texmf-dist/tex/latex/graphics-cfg/graphics.cfg
File: graphics.cfg 2016/06/04 v1.11 sample graphics configuration
)
Package graphics Info: Driver file: pdftex.def on input line 107.
)
\Gin@req@height=\dimen155
\Gin@req@width=\dimen156
)
(./natbib.sty
Package: natbib 2009/07/16 8.31 (PWD, AO)
\bibhang=\skip51
\bibsep=\skip52
LaTeX Info: Redefining \cite on input line 694.
\c@NAT@ctr=\count268
) (/usr/share/texlive/texmf-dist/tex/latex/caption/caption.sty
Package: caption 2023/08/05 v3.6o Customizing captions (AR)

(/usr/share/texlive/texmf-dist/tex/latex/caption/caption3.sty
Package: caption3 2023/07/31 v2.4d caption3 kernel (AR)
\caption@tempdima=\dimen157
\captionmargin=\dimen158
\caption@leftmargin=\dimen159
\caption@rightmargin=\dimen160
\caption@width=\dimen161
\caption@indent=\dimen162
\caption@parindent=\dimen163
\caption@hangindent=\dimen164
Package caption Info: Standard document class detected.
)
\c@caption@flags=\count269
\c@continuedfloat=\count270
)
(/usr/share/texlive/texmf-dist/tex/latex/algorithms/algorithm.sty
Package: algorithm 2009/08/24 v0.1 Document Style `algorithm' - floating enviro
nment

(/usr/share/texlive/texmf-dist/tex/latex/float/float.sty
Package: float 2001/11/08 v1.3d Float enhancements (AL)
\c@float@type=\count271
\float@exts=\toks19
\float@box=\box52
\@float@everytoks=\toks20
\@floatcapt=\box53
)
\@float@every@algorithm=\toks21
\c@algorithm=\count272
)
(/usr/share/texlive/texmf-dist/tex/latex/algorithms/algorithmic.sty
Package: algorithmic 2009/08/24 v0.1 Document Style `algorithmic'
\c@ALC@unique=\count273
\c@ALC@line=\count274
\c@ALC@rem=\count275
\c@ALC@depth=\count276
\ALC@tlm=\skip53
\algorithmicindent=\skip54
)
(/usr/share/texlive/texmf-dist/tex/latex/newfloat/newfloat.sty
Package: newfloat 2023/10/01 v1.2 Defining new floating environments (AR)
)
(/usr/share/texlive/texmf-dist/tex/latex/listings/listings.sty
\lst@mode=\count277
\lst@gtempboxa=\box54
\lst@token=\toks22
\lst@length=\count278
\lst@currlwidth=\dimen165
\lst@column=\count279
\lst@pos=\count280
\lst@lostspace=\dimen166
\lst@width=\dimen167
\lst@newlines=\count281
\lst@lineno=\count282
\lst@maxwidth=\dimen168

(/usr/share/texlive/texmf-dist/tex/latex/listings/lstmisc.sty
File: lstmisc.sty 2023/02/27 1.9 (Carsten Heinz)
\c@lstnumber=\count283
\lst@skipnumbers=\count284
\lst@framebox=\box55
)
(/usr/share/texlive/texmf-dist/tex/latex/listings/listings.cfg
File: listings.cfg 2023/02/27 1.9 listings configuration
))
Package: listings 2023/02/27 1.9 (Carsten Heinz)
\@float@every@listing=\toks23
\c@listing=\count285

(/usr/share/texlive/texmf-dist/tex/latex/booktabs/booktabs.sty
Package: booktabs 2020/01/12 v1.61803398 Publication quality tables
\heavyrulewidth=\dimen169
\lightrulewidth=\dimen170
\cmidrulewidth=\dimen171
\belowrulesep=\dimen172
\belowbottomsep=\dimen173
\aboverulesep=\dimen174
\abovetopsep=\dimen175
\cmidrulesep=\dimen176
\cmidrulekern=\dimen177
\defaultaddspace=\dimen178
\@cmidla=\count286
\@cmidlb=\count287
\@aboverulesep=\dimen179
\@belowrulesep=\dimen180
\@thisruleclass=\count288
\@lastruleclass=\count289
\@thisrulewidth=\dimen181
)
(/usr/share/texlive/texmf-dist/tex/latex/amsmath/amsmath.sty
Package: amsmath 2023/05/13 v2.17o AMS math features
\@mathmargin=\skip55

For additional information on amsmath, use the `?' option.
(/usr/share/texlive/texmf-dist/tex/latex/amsmath/amstext.sty
Package: amstext 2021/08/26 v2.01 AMS text

(/usr/share/texlive/texmf-dist/tex/latex/amsmath/amsgen.sty
File: amsgen.sty 1999/11/30 v2.0 generic functions
\@emptytoks=\toks24
\ex@=\dimen182
))
(/usr/share/texlive/texmf-dist/tex/latex/amsmath/amsbsy.sty
Package: amsbsy 1999/11/29 v1.2d Bold Symbols
\pmbraise@=\dimen183
)
(/usr/share/texlive/texmf-dist/tex/latex/amsmath/amsopn.sty
Package: amsopn 2022/04/08 v2.04 operator names
)
\inf@bad=\count290
LaTeX Info: Redefining \frac on input line 234.
\uproot@=\count291
\leftroot@=\count292
LaTeX Info: Redefining \overline on input line 399.
LaTeX Info: Redefining \colon on input line 410.
\classnum@=\count293
\DOTSCASE@=\count294
LaTeX Info: Redefining \ldots on input line 496.
LaTeX Info: Redefining \dots on input line 499.
LaTeX Info: Redefining \cdots on input line 620.
\Mathstrutbox@=\box56
\strutbox@=\box57
LaTeX Info: Redefining \big on input line 722.
LaTeX Info: Redefining \Big on input line 723.
LaTeX Info: Redefining \bigg on input line 724.
LaTeX Info: Redefining \Bigg on input line 725.
\big@size=\dimen184
LaTeX Font Info:    Redeclaring font encoding OML on input line 743.
LaTeX Font Info:    Redeclaring font encoding OMS on input line 744.
\macc@depth=\count295
LaTeX Info: Redefining \bmod on input line 905.
LaTeX Info: Redefining \pmod on input line 910.
LaTeX Info: Redefining \smash on input line 940.
LaTeX Info: Redefining \relbar on input line 970.
LaTeX Info: Redefining \Relbar on input line 971.
\c@MaxMatrixCols=\count296
\dotsspace@=\muskip17
\c@parentequation=\count297
\dspbrk@lvl=\count298
\tag@help=\toks25
\row@=\count299
\column@=\count300
\maxfields@=\count301
\andhelp@=\toks26
\eqnshift@=\dimen185
\alignsep@=\dimen186
\tagshift@=\dimen187
\tagwidth@=\dimen188
\totwidth@=\dimen189
\lineht@=\dimen190
\@envbody=\toks27
\multlinegap=\skip56
\multlinetaggap=\skip57
\mathdisplay@stack=\toks28
LaTeX Info: Redefining \[ on input line 2953.
LaTeX Info: Redefining \] on input line 2954.
)
(/usr/share/texlive/texmf-dist/tex/latex/amsfonts/amssymb.sty
Package: amssymb 2013/01/14 v3.01 AMS font symbols

(/usr/share/texlive/texmf-dist/tex/latex/amsfonts/amsfonts.sty
Package: amsfonts 2013/01/14 v3.01 Basic AMSFonts support
\symAMSa=\mathgroup4
\symAMSb=\mathgroup5
LaTeX Font Info:    Redeclaring math symbol \hbar on input line 98.
LaTeX Font Info:    Overwriting math alphabet `\mathfrak' in version `bold'
(Font)                  U/euf/m/n --> U/euf/b/n on input line 106.
))
(/usr/share/texlive/texmf-dist/tex/latex/colortbl/colortbl.sty
Package: colortbl 2022/06/20 v1.0f Color table columns (DPC)

(/usr/share/texlive/texmf-dist/tex/latex/tools/array.sty
Package: array 2023/10/16 v2.5g Tabular extension package (FMi)
\col@sep=\dimen191
\ar@mcellbox=\box58
\extrarowheight=\dimen192
\NC@list=\toks29
\extratabsurround=\skip58
\backup@length=\skip59
\ar@cellbox=\box59
)
\everycr=\toks30
\minrowclearance=\skip60
\rownum=\count302
)
(/usr/share/texlive/texmf-dist/tex/latex/enumitem/enumitem.sty
Package: enumitem 2019/06/20 v3.9 Customized lists
\enitkv@toks@=\toks31
\labelindent=\skip61
\enit@outerparindent=\dimen193
\enit@toks=\toks32
\enit@inbox=\box60
\enit@count@id=\count303
\enitdp@description=\count304
)
(/usr/share/texlive/texmf-dist/tex/latex/tcolorbox/tcolorbox.sty
Package: tcolorbox 2024/01/10 version 6.2.0 text color boxes

(/usr/share/texlive/texmf-dist/tex/latex/pgf/basiclayer/pgf.sty
(/usr/share/texlive/texmf-dist/tex/latex/pgf/utilities/pgfrcs.sty
(/usr/share/texlive/texmf-dist/tex/generic/pgf/utilities/pgfutil-common.tex
\pgfutil@everybye=\toks33
\pgfutil@tempdima=\dimen194
\pgfutil@tempdimb=\dimen195
)
(/usr/share/texlive/texmf-dist/tex/generic/pgf/utilities/pgfutil-latex.def
\pgfutil@abb=\box61
)
(/usr/share/texlive/texmf-dist/tex/generic/pgf/utilities/pgfrcs.code.tex
(/usr/share/texlive/texmf-dist/tex/generic/pgf/pgf.revision.tex)
Package: pgfrcs 2023-01-15 v3.1.10 (3.1.10)
))
Package: pgf 2023-01-15 v3.1.10 (3.1.10)

(/usr/share/texlive/texmf-dist/tex/latex/pgf/basiclayer/pgfcore.sty
(/usr/share/texlive/texmf-dist/tex/latex/pgf/systemlayer/pgfsys.sty
(/usr/share/texlive/texmf-dist/tex/generic/pgf/systemlayer/pgfsys.code.tex
Package: pgfsys 2023-01-15 v3.1.10 (3.1.10)

(/usr/share/texlive/texmf-dist/tex/generic/pgf/utilities/pgfkeys.code.tex
\pgfkeys@pathtoks=\toks34
\pgfkeys@temptoks=\toks35

(/usr/share/texlive/texmf-dist/tex/generic/pgf/utilities/pgfkeyslibraryfiltered
.code.tex
\pgfkeys@tmptoks=\toks36
))
\pgf@x=\dimen196
\pgf@y=\dimen197
\pgf@xa=\dimen198
\pgf@ya=\dimen199
\pgf@xb=\dimen256
\pgf@yb=\dimen257
\pgf@xc=\dimen258
\pgf@yc=\dimen259
\pgf@xd=\dimen260
\pgf@yd=\dimen261
\w@pgf@writea=\write3
\r@pgf@reada=\read2
\c@pgf@counta=\count305
\c@pgf@countb=\count306
\c@pgf@countc=\count307
\c@pgf@countd=\count308
\t@pgf@toka=\toks37
\t@pgf@tokb=\toks38
\t@pgf@tokc=\toks39
\pgf@sys@id@count=\count309
 (/usr/share/texlive/texmf-dist/tex/generic/pgf/systemlayer/pgf.cfg
File: pgf.cfg 2023-01-15 v3.1.10 (3.1.10)
)
Driver file for pgf: pgfsys-pdftex.def
(/usr/share/texlive/texmf-dist/tex/generic/pgf/systemlayer/pgfsys-pdftex.def
File: pgfsys-pdftex.def 2023-01-15 v3.1.10 (3.1.10)

(/usr/share/texlive/texmf-dist/tex/generic/pgf/systemlayer/pgfsys-common-pdf.de
f
File: pgfsys-common-pdf.def 2023-01-15 v3.1.10 (3.1.10)
)))
(/usr/share/texlive/texmf-dist/tex/generic/pgf/systemlayer/pgfsyssoftpath.code.
tex
File: pgfsyssoftpath.code.tex 2023-01-15 v3.1.10 (3.1.10)
\pgfsyssoftpath@smallbuffer@items=\count310
\pgfsyssoftpath@bigbuffer@items=\count311
)
(/usr/share/texlive/texmf-dist/tex/generic/pgf/systemlayer/pgfsysprotocol.code.
tex
File: pgfsysprotocol.code.tex 2023-01-15 v3.1.10 (3.1.10)
))
(/usr/share/texlive/texmf-dist/tex/generic/pgf/basiclayer/pgfcore.code.tex
Package: pgfcore 2023-01-15 v3.1.10 (3.1.10)

(/usr/share/texlive/texmf-dist/tex/generic/pgf/math/pgfmath.code.tex
(/usr/share/texlive/texmf-dist/tex/generic/pgf/math/pgfmathutil.code.tex)
(/usr/share/texlive/texmf-dist/tex/generic/pgf/math/pgfmathparser.code.tex
\pgfmath@dimen=\dimen262
\pgfmath@count=\count312
\pgfmath@box=\box62
\pgfmath@toks=\toks40
\pgfmath@stack@operand=\toks41
\pgfmath@stack@operation=\toks42
)
(/usr/share/texlive/texmf-dist/tex/generic/pgf/math/pgfmathfunctions.code.tex)
(/usr/share/texlive/texmf-dist/tex/generic/pgf/math/pgfmathfunctions.basic.code
.tex)
(/usr/share/texlive/texmf-dist/tex/generic/pgf/math/pgfmathfunctions.trigonomet
ric.code.tex)
(/usr/share/texlive/texmf-dist/tex/generic/pgf/math/pgfmathfunctions.random.cod
e.tex)
(/usr/share/texlive/texmf-dist/tex/generic/pgf/math/pgfmathfunctions.comparison
.code.tex)
(/usr/share/texlive/texmf-dist/tex/generic/pgf/math/pgfmathfunctions.base.code.
tex)
(/usr/share/texlive/texmf-dist/tex/generic/pgf/math/pgfmathfunctions.round.code
.tex)
(/usr/share/texlive/texmf-dist/tex/generic/pgf/math/pgfmathfunctions.misc.code.
tex)
(/usr/share/texlive/texmf-dist/tex/generic/pgf/math/pgfmathfunctions.integerari
thmetics.code.tex)
(/usr/share/texlive/texmf-dist/tex/generic/pgf/math/pgfmathcalc.code.tex)
(/usr/share/texlive/texmf-dist/tex/generic/pgf/math/pgfmathfloat.code.tex
\c@pgfmathroundto@lastzeros=\count313
))
(/usr/share/texlive/texmf-dist/tex/generic/pgf/math/pgfint.code.tex)
(/usr/share/texlive/texmf-dist/tex/generic/pgf/basiclayer/pgfcorepoints.code.te
x
File: pgfcorepoints.code.tex 2023-01-15 v3.1.10 (3.1.10)
\pgf@picminx=\dimen263
\pgf@picmaxx=\dimen264
\pgf@picminy=\dimen265
\pgf@picmaxy=\dimen266
\pgf@pathminx=\dimen267
\pgf@pathmaxx=\dimen268
\pgf@pathminy=\dimen269
\pgf@pathmaxy=\dimen270
\pgf@xx=\dimen271
\pgf@xy=\dimen272
\pgf@yx=\dimen273
\pgf@yy=\dimen274
\pgf@zx=\dimen275
\pgf@zy=\dimen276
)
(/usr/share/texlive/texmf-dist/tex/generic/pgf/basiclayer/pgfcorepathconstruct.
code.tex
File: pgfcorepathconstruct.code.tex 2023-01-15 v3.1.10 (3.1.10)
\pgf@path@lastx=\dimen277
\pgf@path@lasty=\dimen278
)
(/usr/share/texlive/texmf-dist/tex/generic/pgf/basiclayer/pgfcorepathusage.code
.tex
File: pgfcorepathusage.code.tex 2023-01-15 v3.1.10 (3.1.10)
\pgf@shorten@end@additional=\dimen279
\pgf@shorten@start@additional=\dimen280
)
(/usr/share/texlive/texmf-dist/tex/generic/pgf/basiclayer/pgfcorescopes.code.te
x
File: pgfcorescopes.code.tex 2023-01-15 v3.1.10 (3.1.10)
\pgfpic=\box63
\pgf@hbox=\box64
\pgf@layerbox@main=\box65
\pgf@picture@serial@count=\count314
)
(/usr/share/texlive/texmf-dist/tex/generic/pgf/basiclayer/pgfcoregraphicstate.c
ode.tex
File: pgfcoregraphicstate.code.tex 2023-01-15 v3.1.10 (3.1.10)
\pgflinewidth=\dimen281
)
(/usr/share/texlive/texmf-dist/tex/generic/pgf/basiclayer/pgfcoretransformation
s.code.tex
File: pgfcoretransformations.code.tex 2023-01-15 v3.1.10 (3.1.10)
\pgf@pt@x=\dimen282
\pgf@pt@y=\dimen283
\pgf@pt@temp=\dimen284
)
(/usr/share/texlive/texmf-dist/tex/generic/pgf/basiclayer/pgfcorequick.code.tex
File: pgfcorequick.code.tex 2023-01-15 v3.1.10 (3.1.10)
)
(/usr/share/texlive/texmf-dist/tex/generic/pgf/basiclayer/pgfcoreobjects.code.t
ex
File: pgfcoreobjects.code.tex 2023-01-15 v3.1.10 (3.1.10)
)
(/usr/share/texlive/texmf-dist/tex/generic/pgf/basiclayer/pgfcorepathprocessing
.code.tex
File: pgfcorepathprocessing.code.tex 2023-01-15 v3.1.10 (3.1.10)
)
(/usr/share/texlive/texmf-dist/tex/generic/pgf/basiclayer/pgfcorearrows.code.te
x
File: pgfcorearrows.code.tex 2023-01-15 v3.1.10 (3.1.10)
\pgfarrowsep=\dimen285
)
(/usr/share/texlive/texmf-dist/tex/generic/pgf/basiclayer/pgfcoreshade.code.tex
File: pgfcoreshade.code.tex 2023-01-15 v3.1.10 (3.1.10)
\pgf@max=\dimen286
\pgf@sys@shading@range@num=\count315
\pgf@shadingcount=\count316
)
(/usr/share/texlive/texmf-dist/tex/generic/pgf/basiclayer/pgfcoreimage.code.tex
File: pgfcoreimage.code.tex 2023-01-15 v3.1.10 (3.1.10)
)
(/usr/share/texlive/texmf-dist/tex/generic/pgf/basiclayer/pgfcoreexternal.code.
tex
File: pgfcoreexternal.code.tex 2023-01-15 v3.1.10 (3.1.10)
\pgfexternal@startupbox=\box66
)
(/usr/share/texlive/texmf-dist/tex/generic/pgf/basiclayer/pgfcorelayers.code.te
x
File: pgfcorelayers.code.tex 2023-01-15 v3.1.10 (3.1.10)
)
(/usr/share/texlive/texmf-dist/tex/generic/pgf/basiclayer/pgfcoretransparency.c
ode.tex
File: pgfcoretransparency.code.tex 2023-01-15 v3.1.10 (3.1.10)
)
(/usr/share/texlive/texmf-dist/tex/generic/pgf/basiclayer/pgfcorepatterns.code.
tex
File: pgfcorepatterns.code.tex 2023-01-15 v3.1.10 (3.1.10)
)
(/usr/share/texlive/texmf-dist/tex/generic/pgf/basiclayer/pgfcorerdf.code.tex
File: pgfcorerdf.code.tex 2023-01-15 v3.1.10 (3.1.10)
)))
(/usr/share/texlive/texmf-dist/tex/generic/pgf/modules/pgfmoduleshapes.code.tex
File: pgfmoduleshapes.code.tex 2023-01-15 v3.1.10 (3.1.10)
\pgfnodeparttextbox=\box67
) (/usr/share/texlive/texmf-dist/tex/generic/pgf/modules/pgfmoduleplot.code.tex
File: pgfmoduleplot.code.tex 2023-01-15 v3.1.10 (3.1.10)
)
(/usr/share/texlive/texmf-dist/tex/latex/pgf/compatibility/pgfcomp-version-0-65
.sty
Package: pgfcomp-version-0-65 2023-01-15 v3.1.10 (3.1.10)
\pgf@nodesepstart=\dimen287
\pgf@nodesepend=\dimen288
)
(/usr/share/texlive/texmf-dist/tex/latex/pgf/compatibility/pgfcomp-version-1-18
.sty
Package: pgfcomp-version-1-18 2023-01-15 v3.1.10 (3.1.10)
)) (/usr/share/texlive/texmf-dist/tex/latex/tools/verbatim.sty
Package: verbatim 2023-11-06 v1.5v LaTeX2e package for verbatim enhancements
\every@verbatim=\toks43
\verbatim@line=\toks44
\verbatim@in@stream=\read3
)
(/usr/share/texlive/texmf-dist/tex/latex/environ/environ.sty
Package: environ 2014/05/04 v0.3 A new way to define environments

(/usr/share/texlive/texmf-dist/tex/latex/trimspaces/trimspaces.sty
Package: trimspaces 2009/09/17 v1.1 Trim spaces around a token list
))
\tcb@titlebox=\box68
\tcb@upperbox=\box69
\tcb@lowerbox=\box70
\tcb@phantombox=\box71
\c@tcbbreakpart=\count317
\c@tcblayer=\count318
\c@tcolorbox@number=\count319
\l__tcobox_tmpa_box=\box72
\l__tcobox_tmpa_dim=\dimen289
\tcb@temp=\box73
\tcb@temp=\box74
\tcb@temp=\box75
\tcb@temp=\box76

(/usr/share/texlive/texmf-dist/tex/latex/tcolorbox/tcbraster.code.tex
Library (tcolorbox): 'tcbraster.code.tex' version '6.2.0'
\c@tcbrastercolumn=\count320
\c@tcbrasterrow=\count321
\c@tcbrasternum=\count322
\c@tcbraster=\count323
) (/usr/share/texlive/texmf-dist/tex/latex/tcolorbox/tcbskins.code.tex
Library (tcolorbox): 'tcbskins.code.tex' version '6.2.0'
(/usr/share/texlive/texmf-dist/tex/latex/pgf/frontendlayer/tikz.sty
(/usr/share/texlive/texmf-dist/tex/latex/pgf/utilities/pgffor.sty
(/usr/share/texlive/texmf-dist/tex/latex/pgf/utilities/pgfkeys.sty
(/usr/share/texlive/texmf-dist/tex/generic/pgf/utilities/pgfkeys.code.tex))
(/usr/share/texlive/texmf-dist/tex/latex/pgf/math/pgfmath.sty
(/usr/share/texlive/texmf-dist/tex/generic/pgf/math/pgfmath.code.tex))
(/usr/share/texlive/texmf-dist/tex/generic/pgf/utilities/pgffor.code.tex
Package: pgffor 2023-01-15 v3.1.10 (3.1.10)
\pgffor@iter=\dimen290
\pgffor@skip=\dimen291
\pgffor@stack=\toks45
\pgffor@toks=\toks46
))
(/usr/share/texlive/texmf-dist/tex/generic/pgf/frontendlayer/tikz/tikz.code.tex
Package: tikz 2023-01-15 v3.1.10 (3.1.10)

(/usr/share/texlive/texmf-dist/tex/generic/pgf/libraries/pgflibraryplothandlers
.code.tex
File: pgflibraryplothandlers.code.tex 2023-01-15 v3.1.10 (3.1.10)
\pgf@plot@mark@count=\count324
\pgfplotmarksize=\dimen292
)
\tikz@lastx=\dimen293
\tikz@lasty=\dimen294
\tikz@lastxsaved=\dimen295
\tikz@lastysaved=\dimen296
\tikz@lastmovetox=\dimen297
\tikz@lastmovetoy=\dimen298
\tikzleveldistance=\dimen299
\tikzsiblingdistance=\dimen300
\tikz@figbox=\box77
\tikz@figbox@bg=\box78
\tikz@tempbox=\box79
\tikz@tempbox@bg=\box80
\tikztreelevel=\count325
\tikznumberofchildren=\count326
\tikznumberofcurrentchild=\count327
\tikz@fig@count=\count328

(/usr/share/texlive/texmf-dist/tex/generic/pgf/modules/pgfmodulematrix.code.tex
File: pgfmodulematrix.code.tex 2023-01-15 v3.1.10 (3.1.10)
\pgfmatrixcurrentrow=\count329
\pgfmatrixcurrentcolumn=\count330
\pgf@matrix@numberofcolumns=\count331
)
\tikz@expandcount=\count332

(/usr/share/texlive/texmf-dist/tex/generic/pgf/frontendlayer/tikz/libraries/tik
zlibrarytopaths.code.tex
File: tikzlibrarytopaths.code.tex 2023-01-15 v3.1.10 (3.1.10)
)))
(/usr/share/texlive/texmf-dist/tex/latex/tikzfill/tikzfill.image.sty
Package: tikzfill.image 2023/08/08 v1.0.1 Image filling library for TikZ

(/usr/share/texlive/texmf-dist/tex/latex/tikzfill/tikzfill-common.sty
Package: tikzfill-common 2023/08/08 v1.0.1 Auxiliary code for tikzfill
)
(/usr/share/texlive/texmf-dist/tex/latex/tikzfill/tikzlibraryfill.image.code.te
x
File: tikzlibraryfill.image.code.tex 2023/08/08 v1.0.1 Image filling library
\l__tikzfill_img_box=\box81
)) (/usr/share/texlive/texmf-dist/tex/latex/tcolorbox/tcbskinsjigsaw.code.tex
Library (tcolorbox): 'tcbskinsjigsaw.code.tex' version '6.2.0'
)) (/usr/share/texlive/texmf-dist/tex/latex/tcolorbox/tcbbreakable.code.tex
Library (tcolorbox): 'tcbbreakable.code.tex' version '6.2.0'
(/usr/share/texlive/texmf-dist/tex/latex/pdfcol/pdfcol.sty
Package: pdfcol 2022-09-21 v1.7 Handle new color stacks for pdfTeX (HO)

(/usr/share/texlive/texmf-dist/tex/generic/ltxcmds/ltxcmds.sty
Package: ltxcmds 2023-12-04 v1.26 LaTeX kernel commands for general use (HO)
)
(/usr/share/texlive/texmf-dist/tex/generic/infwarerr/infwarerr.sty
Package: infwarerr 2019/12/03 v1.5 Providing info/warning/error messages (HO)
))
Package pdfcol Info: New color stack `tcb@breakable' = 1 on input line 23.
\tcb@testbox=\box82
\tcb@totalupperbox=\box83
\tcb@totallowerbox=\box84
)
(/usr/share/texlive/texmf-dist/tex/latex/tcolorbox/tcbhooks.code.tex
Library (tcolorbox): 'tcbhooks.code.tex' version '6.2.0'
) (/usr/share/texlive/texmf-dist/tex/latex/tcolorbox/tcbtheorems.code.tex
Library (tcolorbox): 'tcbtheorems.code.tex' version '6.2.0'
) (/usr/share/texlive/texmf-dist/tex/latex/tcolorbox/tcbfitting.code.tex
Library (tcolorbox): 'tcbfitting.code.tex' version '6.2.0'
\tcbfitdim=\dimen301
\tcb@lowerfitdim=\dimen302
\tcb@upperfitdim=\dimen303
\tcb@cur@hbadness=\count333
) (/usr/share/texlive/texmf-dist/tex/latex/tcolorbox/tcblistingsutf8.code.tex
Library (tcolorbox): 'tcblistingsutf8.code.tex' version '6.2.0'
(/usr/share/texlive/texmf-dist/tex/latex/tcolorbox/tcblistings.code.tex
Library (tcolorbox): 'tcblistings.code.tex' version '6.2.0'
(/usr/share/texlive/texmf-dist/tex/latex/tcolorbox/tcblistingscore.code.tex
Library (tcolorbox): 'tcblistingscore.code.tex' version '6.2.0'
(/usr/share/texlive/texmf-dist/tex/latex/tcolorbox/tcbprocessing.code.tex
Library (tcolorbox): 'tcbprocessing.code.tex' version '6.2.0'
)
\c@tcblisting=\count334
)) (/usr/share/texlive/texmf-dist/tex/latex/listingsutf8/listingsutf8.sty
Package: listingsutf8 2019-12-10 v1.5 Allow UTF-8 in listings input (HO)

(/usr/share/texlive/texmf-dist/tex/generic/pdftexcmds/pdftexcmds.sty
Package: pdftexcmds 2020-06-27 v0.33 Utility functions of pdfTeX for LuaTeX (HO
)
Package pdftexcmds Info: \pdf@primitive is available.
Package pdftexcmds Info: \pdf@ifprimitive is available.
Package pdftexcmds Info: \pdfdraftmode found.
)
(/usr/share/texlive/texmf-dist/tex/generic/stringenc/stringenc.sty
Package: stringenc 2019/11/29 v1.12 Convert strings between diff. encodings (HO
)

(/usr/share/texlive/texmf-dist/tex/generic/pdfescape/pdfescape.sty
Package: pdfescape 2019/12/09 v1.15 Implements pdfTeX's escape features (HO)
))))
(/usr/share/texlive/texmf-dist/tex/latex/tcolorbox/tcbexternal.code.tex
Library (tcolorbox): 'tcbexternal.code.tex' version '6.2.0'
) (/usr/share/texlive/texmf-dist/tex/latex/tcolorbox/tcbmagazine.code.tex
Library (tcolorbox): 'tcbmagazine.code.tex' version '6.2.0'
) (/usr/share/texlive/texmf-dist/tex/latex/tcolorbox/tcbvignette.code.tex
Library (tcolorbox): 'tcbvignette.code.tex' version '6.2.0'

(/usr/share/texlive/texmf-dist/tex/generic/pgf/frontendlayer/tikz/libraries/tik
zlibraryfadings.code.tex
File: tikzlibraryfadings.code.tex 2023-01-15 v3.1.10 (3.1.10)

(/usr/share/texlive/texmf-dist/tex/generic/pgf/libraries/pgflibraryfadings.code
.tex
File: pgflibraryfadings.code.tex 2023-01-15 v3.1.10 (3.1.10)
))) (/usr/share/texlive/texmf-dist/tex/latex/tcolorbox/tcbposter.code.tex
Library (tcolorbox): 'tcbposter.code.tex' version '6.2.0'
))
\c@factoralgorithm=\count335
\c@algstepsi=\count336
\enitdp@algsteps=\count337
 (/usr/share/texlive/texmf-dist/tex/latex/tools/tabularx.sty
Package: tabularx 2023/07/08 v2.11c `tabularx' package (DPC)
\TX@col@width=\dimen304
\TX@old@table=\dimen305
\TX@old@col=\dimen306
\TX@target=\dimen307
\TX@delta=\dimen308
\TX@cols=\count338
\TX@ftn=\toks47
)
(/usr/share/texlive/texmf-dist/tex/latex/tools/longtable.sty
Package: longtable 2023-11-01 v4.19 Multi-page Table package (DPC)
\LTleft=\skip62
\LTright=\skip63
\LTpre=\skip64
\LTpost=\skip65
\LTchunksize=\count339
\LTcapwidth=\dimen309
\LT@head=\box85
\LT@firsthead=\box86
\LT@foot=\box87
\LT@lastfoot=\box88
\LT@gbox=\box89
\LT@cols=\count340
\LT@rows=\count341
\c@LT@tables=\count342
\c@LT@chunks=\count343
\LT@p@ftn=\toks48
)
(/usr/share/texlive/texmf-dist/tex/latex/ragged2e/ragged2e.sty
Package: ragged2e 2023/06/22 v3.6 ragged2e Package
\CenteringLeftskip=\skip66
\RaggedLeftLeftskip=\skip67
\RaggedRightLeftskip=\skip68
\CenteringRightskip=\skip69
\RaggedLeftRightskip=\skip70
\RaggedRightRightskip=\skip71
\CenteringParfillskip=\skip72
\RaggedLeftParfillskip=\skip73
\RaggedRightParfillskip=\skip74
\JustifyingParfillskip=\skip75
\CenteringParindent=\skip76
\RaggedLeftParindent=\skip77
\RaggedRightParindent=\skip78
\JustifyingParindent=\skip79
)
(/usr/share/texlive/texmf-dist/tex/latex/makecell/makecell.sty
Package: makecell 2009/08/03 V0.1e Managing of Tab Column Heads and Cells
\rotheadsize=\dimen310
\c@nlinenum=\count344
\TeXr@lab=\toks49
)
LaTeX Font Info:    Trying to load font information for T1+ntxtlf on input line
 315.

(/usr/share/texlive/texmf-dist/tex/latex/newtx/t1ntxtlf.fd
File: t1ntxtlf.fd 2021/05/24 v1.1 font definition file for T1/ntx/tlf
)
LaTeX Font Info:    Font shape `T1/ntxtlf/m/n' will be
(Font)              scaled to size 10.0pt on input line 315.
 (./0_main_AAAI.aux)
\openout1 = `0_main_AAAI.aux'.

LaTeX Font Info:    Checking defaults for OML/cmm/m/it on input line 315.
LaTeX Font Info:    ... okay on input line 315.
LaTeX Font Info:    Checking defaults for OMS/cmsy/m/n on input line 315.
LaTeX Font Info:    ... okay on input line 315.
LaTeX Font Info:    Checking defaults for OT1/cmr/m/n on input line 315.
LaTeX Font Info:    ... okay on input line 315.
LaTeX Font Info:    Checking defaults for T1/cmr/m/n on input line 315.
LaTeX Font Info:    ... okay on input line 315.
LaTeX Font Info:    Checking defaults for TS1/cmr/m/n on input line 315.
LaTeX Font Info:    ... okay on input line 315.
LaTeX Font Info:    Checking defaults for OMX/cmex/m/n on input line 315.
LaTeX Font Info:    ... okay on input line 315.
LaTeX Font Info:    Checking defaults for U/cmr/m/n on input line 315.
LaTeX Font Info:    ... okay on input line 315.
(/usr/share/texlive/texmf-dist/tex/context/base/mkii/supp-pdf.mkii
[Loading MPS to PDF converter (version 2006.09.02).]
\scratchcounter=\count345
\scratchdimen=\dimen311
\scratchbox=\box90
\nofMPsegments=\count346
\nofMParguments=\count347
\everyMPshowfont=\toks50
\MPscratchCnt=\count348
\MPscratchDim=\dimen312
\MPnumerator=\count349
\makeMPintoPDFobject=\count350
\everyMPtoPDFconversion=\toks51
) (/usr/share/texlive/texmf-dist/tex/latex/epstopdf-pkg/epstopdf-base.sty
Package: epstopdf-base 2020-01-24 v2.11 Base part for package epstopdf
Package epstopdf-base Info: Redefining graphics rule for `.eps' on input line 4
85.

(/usr/share/texlive/texmf-dist/tex/latex/latexconfig/epstopdf-sys.cfg
File: epstopdf-sys.cfg 2010/07/13 v1.3 Configuration of (r)epstopdf for TeX Liv
e
))
\c@mv@tabular=\count351
\c@mv@boldtabular=\count352
Package caption Info: Begin \AtBeginDocument code.
Package caption Info: float package is loaded.
Package caption Info: listings package is loaded.
Package caption Info: longtable package is loaded.

(/usr/share/texlive/texmf-dist/tex/latex/caption/ltcaption.sty
Package: ltcaption 2021/01/08 v1.4c longtable captions (AR)
)
Package caption Info: End \AtBeginDocument code.
Package newfloat Info: `float' package detected.
\c@lstlisting=\count353

(/usr/share/texlive/texmf-dist/tex/latex/base/inputenc.sty
Package: inputenc 2021/02/14 v1.3d Input encoding file
\inpenc@prehook=\toks52
\inpenc@posthook=\toks53
)
\c@aaai@eqfn=\count354
\c@aaai@corrfn=\count355
\titlearea=\box91
LaTeX Font Info:    Font shape `T1/ntxtlf/m/n' will be
(Font)              scaled to size 14.4pt on input line 317.
LaTeX Font Info:    Font shape `T1/ntxtlf/b/n' will be
(Font)              scaled to size 14.4pt on input line 317.
LaTeX Font Info:    Font shape `T1/ntxtlf/m/n' will be
(Font)              scaled to size 12.0pt on input line 317.
LaTeX Font Info:    Font shape `T1/ntxtlf/b/n' will be
(Font)              scaled to size 12.0pt on input line 317.
\actualheight=\skip80
LaTeX Font Info:    Font shape `T1/ntxtlf/m/n' will be
(Font)              scaled to size 9.0pt on input line 317.
LaTeX Font Info:    Font shape `T1/ntxtlf/b/n' will be
(Font)              scaled to size 10.0pt on input line 319.
LaTeX Font Info:    Font shape `T1/ntxtlf/b/n' will be
(Font)              scaled to size 9.0pt on input line 323.
LaTeX Font Info:    Font shape `T1/ntxtlf/m/it' will be
(Font)              scaled to size 9.0pt on input line 323.
LaTeX Font Info:    Font shape `T1/ntxtlf/b/it' will be
(Font)              scaled to size 9.0pt on input line 325.
LaTeX Font Info:    Trying to load font information for U+msa on input line 325
.

(/usr/share/texlive/texmf-dist/tex/latex/amsfonts/umsa.fd
File: umsa.fd 2013/01/14 v3.01 AMS symbols A
)
LaTeX Font Info:    Trying to load font information for U+msb on input line 325
.

(/usr/share/texlive/texmf-dist/tex/latex/amsfonts/umsb.fd
File: umsb.fd 2013/01/14 v3.01 AMS symbols B
)
(./1_introduction.tex
<figures/denseworld_scene_types_overview.png, id=41, 933.4875pt x 273.52188pt>
File: figures/denseworld_scene_types_overview.png Graphic file (type png)
<use figures/denseworld_scene_types_overview.png>
Package pdftex.def Info: figures/denseworld_scene_types_overview.png  used on i
nput line 12.
(pdftex.def)             Requested size: 505.89pt x 148.22966pt.
) (./2_data.tex
LaTeX Font Info:    Font shape `T1/ntxtlf/m/it' will be
(Font)              scaled to size 10.0pt on input line 13.
 [1{/var/lib/texmf/fonts/map/pdftex/updmap/pdftex.map}{/usr/share/texlive/texmf
-dist/fonts/enc/dvips/newtx/ntx-ec-tlf.enc}



]
LaTeX Font Info:    Font shape `T1/ntxtlf/m/n' will be
(Font)              scaled to size 10.95pt on input line 18.
LaTeX Font Info:    Font shape `T1/ntxtlf/b/n' will be
(Font)              scaled to size 10.95pt on input line 18.
<figures/denseworld_vs_west_density.png.pdf, id=54, 647.41875pt x 608.2725pt>
File: figures/denseworld_vs_west_density.png.pdf Graphic file (type pdf)
<use figures/denseworld_vs_west_density.png.pdf>
Package pdftex.def Info: figures/denseworld_vs_west_density.png.pdf  used on in
put line 39.
(pdftex.def)             Requested size: 239.39438pt x 224.91808pt.
 [2 <./figures/denseworld_scene_types_overview.png> <./figures/denseworld_vs_we
st_density.png.pdf, page is rotated 90 degrees>]

LaTeX Warning: Reference `app:annotation_protocol' on page 3 undefined on input
 line 54.

) (./2_factor_jepa.tex
Overfull \hbox (7.54337pt too wide) detected at line 26
\OMS/cmsy/m/n/10 L[] \OT1/cmr/m/n/10 = \U/msb/m/n/10 E[] [] \OML/cmm/m/it/10 ;
 []

LaTeX Font Info:    Font shape `T1/ntxtlf/m/n' will be
(Font)              scaled to size 7.0pt on input line 36.
LaTeX Font Info:    Font shape `T1/ntxtlf/b/n' will be
(Font)              scaled to size 7.0pt on input line 45.

Underfull \hbox (badness 10000) in paragraph at lines 48--49
[]|\T1/ntxtlf/b/n/7 LoRA \T1/ntxtlf/m/n/7 (Hu
 []


Underfull \hbox (badness 10000) in paragraph at lines 57--58
[]|\T1/ntxtlf/b/n/7 DoRA \T1/ntxtlf/m/n/7 (Liu
 []


Underfull \hbox (badness 10000) in paragraph at lines 65--66
[]|\T1/ntxtlf/b/n/7 Auto-
 []


Underfull \hbox (badness 10000) in paragraph at lines 65--66
\T1/ntxtlf/b/n/7 RGN \T1/ntxtlf/m/n/7 (Lee
 []


Underfull \hbox (badness 1077) in paragraph at lines 69--71
\T1/ntxtlf/m/n/7 tion lo-cal-ize the re-quired
 []


LaTeX Warning: Reference `app:adaptation_details' on page 3 undefined on input 
line 113.

<figures/factor_visual.png, id=63, 1413.28pt x 563.10374pt>
File: figures/factor_visual.png Graphic file (type png)
<use figures/factor_visual.png>
Package pdftex.def Info: figures/factor_visual.png  used on input line 171.
(pdftex.def)             Requested size: 242.82503pt x 96.74884pt.
LaTeX Font Info:    Font shape `T1/ntxtlf/b/it' will be
(Font)              scaled to size 10.0pt on input line 179.
<figures/segmented_scene.png, id=64, 471.7625pt x 269.005pt>
File: figures/segmented_scene.png Graphic file (type png)
<use figures/segmented_scene.png>
Package pdftex.def Info: figures/segmented_scene.png  used on input line 185.
(pdftex.def)             Requested size: 206.40274pt x 117.6935pt.
LaTeX Font Info:    Font shape `T1/ntxtlf/b/it' will be
(Font)              scaled to size 12.0pt on input line 202.
LaTeX Font Info:    Font shape `T1/ntxtlf/b/it' will be
(Font)              scaled to size 10.95pt on input line 266.
[3]

LaTeX Warning: Reference `app:annotation_protocol' on page 4 undefined on input
 line 345.

<figures/factors.png, id=78, 1367.1075pt x 768.8725pt>
File: figures/factors.png Graphic file (type png)
<use figures/factors.png>
Package pdftex.def Info: figures/factors.png  used on input line 359.
(pdftex.def)             Requested size: 242.82503pt x 136.56088pt.
<figures/factor_channels_depth.png, id=79, 727.71875pt x 410.53375pt>
File: figures/factor_channels_depth.png Graphic file (type png)
<use figures/factor_channels_depth.png>
Package pdftex.def Info: figures/factor_channels_depth.png  used on input line 
373.
(pdftex.def)             Requested size: 242.82503pt x 136.98624pt.
[4 <./figures/factor_visual.png> <./figures/segmented_scene.png>]
Overfull \hbox (1.9838pt too wide) detected at line 527
\OML/cmm/m/it/10 e[] \OT1/cmr/m/n/10 = \OML/cmm/m/it/10 g[]  [] ;  [] \OT1/cmr/
m/n/10 = [] \OMS/cmsy/m/n/10 2 \U/msb/m/n/10 R[]\OML/cmm/m/it/10 ;
 []

LaTeX Font Info:    Font shape `T1/ntxtlf/m/n' will be
(Font)              scaled to size 5.0pt on input line 550.
[5 <./figures/factors.png> <./figures/factor_channels_depth.png>]
<figures/forest_plot_frozen_ci.pdf, id=89, 1149.88728pt x 483.55453pt>
File: figures/forest_plot_frozen_ci.pdf Graphic file (type pdf)
<use figures/forest_plot_frozen_ci.pdf>
Package pdftex.def Info: figures/forest_plot_frozen_ci.pdf  used on input line 
733.
(pdftex.def)             Requested size: 480.59395pt x 202.09543pt.

Overfull \hbox (9.73436pt too wide) detected at line 900
\OT1/cmr/m/n/10 (\OML/cmm/m/it/10 K[]\OT1/cmr/m/n/10 )[] = []  [] \OML/cmm/m/it
/10 ;  [] \OT1/cmr/m/n/10 = \OML/cmm/m/it/10 H[]K[]H[];
 []

<figures/eval_scorecard_combined_one_row.pdf, id=90, 1802.735pt x 386.44376pt>
File: figures/eval_scorecard_combined_one_row.pdf Graphic file (type pdf)
<use figures/eval_scorecard_combined_one_row.pdf>
Package pdftex.def Info: figures/eval_scorecard_combined_one_row.pdf  used on i
nput line 1001.
(pdftex.def)             Requested size: 505.89pt x 108.44527pt.
<figures/scale_replication.pdf, id=91, 1213.53375pt x 266.9975pt>
File: figures/scale_replication.pdf Graphic file (type pdf)
<use figures/scale_replication.pdf>
Package pdftex.def Info: figures/scale_replication.pdf  used on input line 1018
.
(pdftex.def)             Requested size: 505.89pt x 111.303pt.
[6]
Underfull \vbox (badness 10000) has occurred while \output is active []

 [7 <./figures/forest_plot_frozen_ci.pdf> <./figures/eval_scorecard_combined_on
e_row.pdf> <./figures/scale_replication.pdf>] [8]
Underfull \hbox (badness 1067) in paragraph at lines 1391--1398
\T1/ntxtlf/m/n/10 tor-JEPA im-proves \T1/ntxtlf/b/it/10 Future-frame L1 \T1/ntx
tlf/m/n/10 by 1.7%/1.4% at
 []

[9]
<figures/latent_to_rgb_pipeline.pdf, id=580, 1355.0625pt x 376.40625pt>
File: figures/latent_to_rgb_pipeline.pdf Graphic file (type pdf)
<use figures/latent_to_rgb_pipeline.pdf>
Package pdftex.def Info: figures/latent_to_rgb_pipeline.pdf  used on input line
 1548.
(pdftex.def)             Requested size: 505.89pt x 140.52594pt.


LaTeX Warning: Reference `app:latent_rgb_details' on page 10 undefined on input
 line 1617.

) (./8_conclusion.tex) [10] [11

 <./figures/latent_to_rgb_pipeline.pdf>]
(./0_main_AAAI.bbl) [12

] (./11_appendix.tex
LaTeX Font Info:    Trying to load font information for TS1+ntxtlf on input lin
e 34.

(/usr/share/texlive/texmf-dist/tex/latex/newtx/ts1ntxtlf.fd
File: ts1ntxtlf.fd 2015/01/18 v1.0 fd file for TS1/ntxtlf
)
LaTeX Font Info:    Font shape `TS1/ntxtlf/m/n' will be
(Font)              scaled to size 10.0pt on input line 34.

./11_appendix.tex:34: Font TS1/ntxtlf/m/n/10=ts1-qtmr at 10.0pt not loadable: M
etric (TFM) file not found.
<to be read again> 
                   relax 
l.34 \item \textbf
                  {Appendix A: DENSEWORLD Construction, Splits, and Responsi...
I wasn't able to read the size data for this font,
so I will ignore the font specification.
[Wizards can fix TFM files using TFtoPL/PLtoTF.]
You might try inserting a different font spec;
e.g., type `I\font<same font id>=<substitute font name>'.

Missing character: There is no ˆ in font nullfont!
Missing character: There is no ˆ in font nullfont!
Missing character: There is no ˆ in font nullfont!

Underfull \hbox (badness 10000) in paragraph at lines 136--141
[]\T1/ntxtlf/m/n/10 Full fine-tuning, LoRA, DoRA, Auto-RGN,
 []


Underfull \hbox (badness 1122) in paragraph at lines 136--141
\T1/ntxtlf/m/n/10 FactorJEPA-RAW, and Fac-tor-JEPA con-fig-u-ra-tions;
 []

[13

]
Missing character: There is no ˆ in font nullfont!
Missing character: There is no ˆ in font nullfont!

Underfull \hbox (badness 10000) in paragraph at lines 206--209
[]\T1/ntxtlf/m/n/10 Defines ac-tion, tax-on-omy, roll-out, temporal-
 []


Underfull \hbox (badness 10000) in paragraph at lines 206--209
\T1/ntxtlf/m/n/10 order, arrow-of-time, playback-pace, temporal-
 []

Missing character: There is no ˆ in font nullfont!

Underfull \hbox (badness 1622) in paragraph at lines 250--252
[]\T1/ntxtlf/m/n/10 Operational de-com-po-si-tion of re-con-struc-tion and
 []


Underfull \hbox (badness 1389) in paragraph at lines 281--283
[]\T1/ntxtlf/m/n/10 Examples across cities, scene types, view-points,
 []

[14]
LaTeX Font Info:    Font shape `T1/ntxtlf/m/n' will be
(Font)              scaled to size 6.0pt on input line 362.
LaTeX Font Info:    Trying to load font information for T1+pcr on input line 36
5.
 (/usr/share/texlive/texmf-dist/tex/latex/psnfss/t1pcr.fd
File: t1pcr.fd 2001/06/04 font definitions for T1/pcr.
)
Underfull \hbox (badness 10000) in paragraph at lines 370--377
[]\T1/ntxtlf/m/n/10 We use a fixed corpus-wide con-fig-u-ra-tion:
 []


Underfull \hbox (badness 5189) in paragraph at lines 555--557
[]|\T1/ntxtlf/m/n/7 Prespecified val-i-da-tion met-rics and
 []

<figures/tier_1.png, id=675, 768.8725pt x 238.8925pt>
File: figures/tier_1.png Graphic file (type png)
<use figures/tier_1.png>
Package pdftex.def Info: figures/tier_1.png  used on input line 624.
(pdftex.def)             Requested size: 404.71353pt x 125.7485pt.
<figures/tier_2.png, id=676, 765.86125pt x 475.7775pt>
File: figures/tier_2.png Graphic file (type png)
<use figures/tier_2.png>
Package pdftex.def Info: figures/tier_2.png  used on input line 628.
(pdftex.def)             Requested size: 404.71353pt x 251.42036pt.
<figures/agents.png, id=677, 789.95125pt x 515.9275pt>
File: figures/agents.png Graphic file (type png)
<use figures/agents.png>
Package pdftex.def Info: figures/agents.png  used on input line 651.
(pdftex.def)             Requested size: 505.89pt x 330.40503pt.

Underfull \hbox (badness 10000) in paragraph at lines 670--670
[][]$\T1/ntxtlf/m/n/9 https : / / github . com / deepinsight / insightface / tr
ee / master /
 []


Underfull \hbox (badness 10000) in paragraph at lines 676--676
[][]$\T1/ntxtlf/m/n/9 https : / / docs . opencv . org / 4 . x / d4 / d86 / grou
p _ _imgproc _ _^^\lter .
 []

[15

{/usr/share/texlive/texmf-dist/fonts/enc/dvips/base/8r.enc}]

LaTeX Warning: Text page 16 contains only floats.


Overfull \vbox (8.68573pt too high) has occurred while \output is active []



LaTeX Warning: Text page 16 contains only floats.


Overfull \vbox (8.68573pt too high) has occurred while \output is active []


[16 <./figures/tier_1.png> <./figures/tier_2.png>]
Underfull \hbox (badness 4647) in paragraph at lines 703--708
 \T1/ntxtlf/b/n/10 Re-spon-si-ble use and re-search ar-ti-facts. \T1/ntxtlf/m/n
/10 DENSE-
 []


Underfull \vbox (badness 10000) has occurred while \output is active []

 [17 <./figures/agents.png>]
Overfull \hbox (4.42001pt too wide) detected at line 916
\OML/cmm/m/it/10 N[] \OT1/cmr/m/n/10 = \OMS/cmsy/m/n/10 jA[]j\OML/cmm/m/it/10 ;
  \OMS/cmsy/m/n/10 T[] \OT1/cmr/m/n/10 = \OMS/cmsy/m/n/10 f\OML/cmm/m/it/10 t \
OT1/cmr/m/n/10 : \OML/cmm/m/it/10 N[] \OMS/cmsy/m/n/10 ^^U \OT1/cmr/m/n/10 1\OM
S/cmsy/m/n/10 g\OML/cmm/m/it/10 ;  \OMS/cmsy/m/n/10 T[] \OT1/cmr/m/n/10 = \OMS/
cmsy/m/n/10 f\OML/cmm/m/it/10 t \OT1/cmr/m/n/10 : \OML/cmm/m/it/10 N[] \OMS/cms
y/m/n/10 ^^U \OT1/cmr/m/n/10 2\OMS/cmsy/m/n/10 g\OML/cmm/m/it/10 :
 []

[18]
Overfull \hbox (8.21223pt too wide) detected at line 1016
[]
 []


Overfull \hbox (31.42061pt too wide) detected at line 1095
\OT1/cmr/m/n/10 (\OML/cmm/m/it/10 i; j\OT1/cmr/m/n/10 ) \OMS/cmsy/m/n/10 2 E[] 
 ([])  k\OT1/cmr/bx/n/10 r[]\OMS/cmsy/m/n/10 k[] ^^T \OML/cmm/m/it/10 ^^Z  \OMS
/cmsy/m/n/10 _  [] \OML/cmm/m/it/10 :
 []

LaTeX Font Info:    Font shape `T1/ntxtlf/m/it' will be
(Font)              scaled to size 7.0pt on input line 1191.

Overfull \hbox (2.1508pt too wide) in paragraph at lines 1207--1208
 []|[]| 
 []


Overfull \hbox (2.1508pt too wide) in paragraph at lines 1215--1216
 []|[]| 
 []


Underfull \hbox (badness 1194) in paragraph at lines 1383--1388
\T1/ntxtlf/m/n/10 The pri-mary anal-y-sis matches DENSE-WORLD drive-
 []


Underfull \hbox (badness 1248) in paragraph at lines 1383--1388
\T1/ntxtlf/m/n/10 through clips sep-a-rately against road-level clips from
 []


Underfull \hbox (badness 2269) in paragraph at lines 1453--1457
[]\T1/ntxtlf/m/n/10 where $\OML/cmm/m/it/10 r \OMS/cmsy/m/n/10 2 f[]\OML/cmm/m/
it/10 ; []\OMS/cmsy/m/n/10 g$ \T1/ntxtlf/m/n/10 iden-ti-fies the
 []


Underfull \hbox (badness 4543) in paragraph at lines 1453--1457
\T1/ntxtlf/m/n/10 reference-specific matched pop-u-la-tion. The DENSE-
 []

[19]

LaTeX Warning: Reference `tab:five_axis_comparison' on page 20 undefined on inp
ut line 1484.


Underfull \vbox (badness 1354) has occurred while \output is active []

 [20]
<figures/factor_target_construction_full.png, id=704, 1698.345pt x 932.48375pt>

File: figures/factor_target_construction_full.png Graphic file (type png)
<use figures/factor_target_construction_full.png>
Package pdftex.def Info: figures/factor_target_construction_full.png  used on i
nput line 1967.
(pdftex.def)             Requested size: 505.89pt x 277.75528pt.

Underfull \hbox (badness 1038) in paragraph at lines 2033--2035
 \T1/ntxtlf/b/n/10 Visibility-gated agent co-or-di-nates. \T1/ntxtlf/m/n/10 For
 object-centric
 []

[21]
Underfull \hbox (badness 1043) in paragraph at lines 2157--2162
 \T1/ntxtlf/b/n/10 Cross-factor sep-a-ra-tion. \T1/ntxtlf/m/n/10 Lin-ear leak-a
ge is pe-nal-ized
 []

[22]
Overfull \hbox (7.40233pt too wide) detected at line 2195
\OMS/cmsy/m/n/10 L \OT1/cmr/m/n/10 = \OMS/cmsy/m/n/10 L[] \OT1/cmr/m/n/10 + \OM
L/cmm/m/it/10 ^^U[]\OMS/cmsy/m/n/10 L[] \OT1/cmr/m/n/10 + \OML/cmm/m/it/10 ^^U[
]\OMS/cmsy/m/n/10 L[] \OT1/cmr/m/n/10 + \OML/cmm/m/it/10 ^^U[]\OMS/cmsy/m/n/10 
L[] \OT1/cmr/m/n/10 + \OML/cmm/m/it/10 ^^U[]\OMS/cmsy/m/n/10 L[]\OML/cmm/m/it/1
0 :
 []


Overfull \hbox (30.2904pt too wide) detected at line 2214
\OT1/cmr/m/n/10 ^^B[] = ^^B[] \OMS/cmsy/m/n/10 [ \OT1/cmr/m/n/10 ^^B[]\OML/cmm/
m/it/10 ;  \OT1/cmr/m/n/10 ^^B[] = \OMS/cmsy/m/n/10 f\OT1/cmr/m/n/10 ^^B[]\OML/
cmm/m/it/10 ; \OT1/cmr/m/n/10 ^^B[]\OML/cmm/m/it/10 ; \OT1/cmr/m/n/10 ^^B[]\OML
/cmm/m/it/10 ; \OT1/cmr/m/n/10 ^^B[]\OML/cmm/m/it/10 ; \OT1/cmr/m/n/10 ^^B[]\OM
L/cmm/m/it/10 ; A\OMS/cmsy/m/n/10 g\OML/cmm/m/it/10 :
 []


Underfull \hbox (badness 1694) in paragraph at lines 2255--2273
\T1/ntxtlf/m/n/9 coder $\OML/cmm/m/it/9 f[]$\T1/ntxtlf/m/n/9 ; mo-men-tum en-co
der $[][]$; fac-tor-ized pre-dic-tor
 []


Underfull \hbox (badness 1389) in paragraph at lines 2357--2360
[]\T1/ntxtlf/m/n/9 Here, $\OMS/cmsy/m/n/9 P[]$ \T1/ntxtlf/m/n/9 con-tains regio
n-level pseudo-annotations,
 []


Underfull \hbox (badness 3769) in paragraph at lines 2690--2693
[]\T1/ntxtlf/m/n/9 Compute the nor-mal-ized RBF-kernel de-pen-dence
 []


Overfull \hbox (25.15834pt too wide) detected at line 2721
\OMS/cmsy/m/n/9 L \OT1/cmr/m/n/9 = \OMS/cmsy/m/n/9 L[] \OT1/cmr/m/n/9 + \OML/cm
m/m/it/9 ^^U[]\OMS/cmsy/m/n/9 L[] \OT1/cmr/m/n/9 + \OML/cmm/m/it/9 ^^U[]\OMS/cm
sy/m/n/9 L[] \OT1/cmr/m/n/9 + \OML/cmm/m/it/9 ^^U[]\OMS/cmsy/m/n/9 L[] \OT1/cmr
/m/n/9 + \OML/cmm/m/it/9 ^^U[]\OMS/cmsy/m/n/9 L[]\OML/cmm/m/it/9 :
 []


Underfull \vbox (badness 10000) has occurred while \output is active []

 [23 <./figures/factor_target_construction_full.png>] [24] [25]
Overfull \hbox (505.89pt too wide) detected at line 2904
[]
 []


Overfull \hbox (9.64008pt too wide) in alignment at lines 2892--2922
[] [] [] []
 []


Overfull \hbox (9.64008pt too wide) in alignment at lines 2922--2943
[] [] [] []
 []


Overfull \hbox (9.64008pt too wide) in alignment at lines 2943--2953
[] [] [] []
 []


Overfull \hbox (9.64008pt too wide) in alignment at lines 2953--2959
[] [] [] []
 []


Underfull \hbox (badness 2809) in paragraph at lines 3052--3055
\T1/ntxtlf/m/n/7 and stan-dard de-vi-a-tion 
 []


Overfull \hbox (9.64008pt too wide) in alignment at lines 2959--3799
[] [] [] []
 []

[26


] [27] [28] [29]
Underfull \hbox (badness 10000) in paragraph at lines 4049--4049
[]|\T1/ntxtlf/m/n/7 No-adaptation
 []


Underfull \hbox (badness 10000) in paragraph at lines 4049--4049
[]|\T1/ntxtlf/m/n/7 Parameter-
 []


Underfull \hbox (badness 1275) in paragraph at lines 4049--4049
\T1/ntxtlf/m/n/7 efficient adap-ta-
 []


Underfull \hbox (badness 10000) in paragraph at lines 4049--4049
[]|\T1/ntxtlf/m/n/7 Parameter-
 []


Underfull \hbox (badness 1275) in paragraph at lines 4049--4049
\T1/ntxtlf/m/n/7 efficient adap-ta-
 []


Underfull \hbox (badness 1960) in paragraph at lines 4049--4049
[]|\T1/ntxtlf/m/n/7 Factorized pre-dic-tor and
 []


Underfull \hbox (badness 10000) in paragraph at lines 4049--4049
\T1/ntxtlf/m/n/7 tural pack-age
 []


Underfull \hbox (badness 4229) in paragraph at lines 4049--4049
\T1/ntxtlf/m/n/7 with-out teacher
 []


Underfull \hbox (badness 10000) in paragraph at lines 4049--4049
[]|$\OMS/cmsy/m/n/7 L[] \OT1/cmr/m/n/7 + \OML/cmm/m/it/7 ^^U[]\OMS/cmsy/m/n/7 L
[] \OT1/cmr/m/n/7 + \OML/cmm/m/it/7 ^^U[]\OMS/cmsy/m/n/7 L[] \OT1/cmr/m/n/7 +
 []


Underfull \hbox (badness 1960) in paragraph at lines 4049--4049
[]|\T1/ntxtlf/m/n/7 Factorized pre-dic-tor and
 []


Underfull \hbox (badness 10000) in paragraph at lines 4049--4049
[]|\T1/ntxtlf/m/n/7 Complete
 []


Underfull \hbox (badness 10000) in paragraph at lines 4049--4049
\T1/ntxtlf/m/n/7 pack-age plus
 []


LaTeX Warning: Reference `tab:executed_attribution_results' on page 30 undefine
d on input line 4135.



pdfTeX warning: pdflatex (file ./figures/eval_scorecard_combined.pdf): PDF incl
usion: found PDF version <1.7>, but at most version <1.5> allowed
<figures/eval_scorecard_combined.pdf, id=740, 1874.47531pt x 3051.44019pt>
File: figures/eval_scorecard_combined.pdf Graphic file (type pdf)
<use figures/eval_scorecard_combined.pdf>
Package pdftex.def Info: figures/eval_scorecard_combined.pdf  used on input lin
e 4145.
(pdftex.def)             Requested size: 495.77003pt x 403.52768pt.

LaTeX Warning: Reference `tab:executed_attribution_results' on page 30 undefine
d on input line 4159.


LaTeX Warning: Reference `tab:executed_attribution_results' on page 30 undefine
d on input line 4159.

Missing character: There is no ˆ in font nullfont!
Missing character: There is no ˆ in font nullfont!
Missing character: There is no ˆ in font nullfont!
[30


] [31 <./figures/eval_scorecard_combined.pdf>]

LaTeX Warning: Reference `fig:executed_attribution_forest' on page 32 undefined
 on input line 4300.

Missing character: There is no ˆ in font nullfont!
Missing character: There is no ˆ in font nullfont!
Missing character: There is no ˆ in font nullfont!
Missing character: There is no ˆ in font nullfont!
Missing character: There is no ˆ in font nullfont!
[32]
Missing character: There is no ˆ in font nullfont!

Underfull \hbox (badness 7963) in paragraph at lines 4688--4688
[]|\T1/ntxtlf/m/n/7 Motion es-ti-ma-tor and fixed-
 []


Overfull \hbox (5.92651pt too wide) in paragraph at lines 4688--4688
[]|\T1/ntxtlf/m/n/7 Secondary| 
 []


Overfull \hbox (5.92651pt too wide) in paragraph at lines 4688--4688
[]|\T1/ntxtlf/m/n/7 Secondary| 
 []


Overfull \hbox (5.92651pt too wide) in paragraph at lines 4688--4688
[]|\T1/ntxtlf/m/n/7 Secondary| 
 []


Overfull \hbox (5.92651pt too wide) in paragraph at lines 4688--4688
[]|\T1/ntxtlf/m/n/7 Secondary| 
 []


Overfull \hbox (5.92651pt too wide) in paragraph at lines 4688--4688
[]|\T1/ntxtlf/m/n/7 Secondary| 
 []


Overfull \hbox (5.92651pt too wide) in paragraph at lines 4688--4688
[]|\T1/ntxtlf/m/n/7 Secondary| 
 []


Overfull \hbox (5.92651pt too wide) in paragraph at lines 4688--4688
[]|\T1/ntxtlf/m/n/7 Secondary| 
 []


Overfull \hbox (5.92651pt too wide) in paragraph at lines 4688--4688
[]|\T1/ntxtlf/m/n/7 Secondary| 
 []


Overfull \hbox (5.92651pt too wide) in paragraph at lines 4688--4688
[]|\T1/ntxtlf/m/n/7 Secondary| 
 []


Overfull \hbox (5.92651pt too wide) in paragraph at lines 4688--4688
[]|\T1/ntxtlf/m/n/7 Secondary| 
 []


Overfull \hbox (5.92651pt too wide) in paragraph at lines 4688--4688
[]|\T1/ntxtlf/m/n/7 Secondary| 
 []


Underfull \hbox (badness 1762) in paragraph at lines 4724--4726
 \T1/ntxtlf/b/n/10 In-ter-ven-tion L1. \T1/ntxtlf/m/n/10 Let $\OMS/cmsy/m/n/10 
G[]$ \T1/ntxtlf/m/n/10 be the frozen au-to-matic
 []


Overfull \hbox (20.2328pt too wide) detected at line 4879
\OML/cmm/m/it/10 W[] \OT1/cmr/m/n/10 = [] [] [] [][] + \OML/cmm/m/it/10 ^^U[]\O
MS/cmsy/m/n/10 k\OML/cmm/m/it/10 W\OMS/cmsy/m/n/10 k[]\OML/cmm/m/it/10 :
 []

[33] [34]
Underfull \hbox (badness 1946) in paragraph at lines 4969--4975
\T1/ntxtlf/m/n/10 temporal-correspondence eval-u-a-tor iden-ti-fies a near-est
 []

[35]
Missing character: There is no ˆ in font nullfont!
Missing character: There is no ˆ in font nullfont!
Missing character: There is no ˆ in font nullfont!
Missing character: There is no ˆ in font nullfont!

LaTeX Warning: Reference `tab:executed_attribution_results' on page 36 undefine
d on input line 5198.


Underfull \hbox (badness 5970) in paragraph at lines 5271--5276
\T1/ntxtlf/m/n/10 The latent-to-RGB de-coder pro-vides a \T1/ntxtlf/b/n/10 sec-
ondary,
 []

[36]
Underfull \hbox (badness 1210) in paragraph at lines 5896--5896
[]|\T1/ntxtlf/m/n/7 Oracle pres-ence sug-gests de-coder hal-lu-ci-na-
 []

[37]
Missing character: There is no ˆ in font nullfont!
Missing character: There is no ˆ in font nullfont!
Missing character: There is no ˆ in font nullfont!
Missing character: There is no ˆ in font nullfont!
Missing character: There is no ˆ in font nullfont!
<figures/rgb_prediction_gallery_reference_style.png, id=1037, 1690.315pt x 884.
30376pt>
File: figures/rgb_prediction_gallery_reference_style.png Graphic file (type png
)
<use figures/rgb_prediction_gallery_reference_style.png>
Package pdftex.def Info: figures/rgb_prediction_gallery_reference_style.png  us
ed on input line 6009.
(pdftex.def)             Requested size: 500.83388pt x 262.01428pt.
) [38] [39] [40 <./figures/rgb_prediction_gallery_reference_style.png>]
(./0_main_AAAI.aux)
 ***********
LaTeX2e <2023-11-01> patch level 1
L3 programming layer <2020/03/25>
 ***********


LaTeX Warning: There were undefined references.

 ) 
Here is how much of TeX's memory you used:
 25835 strings out of 476106
 538618 string characters out of 5793933
 2021975 words of memory out of 5000000
 47344 multiletter control sequences out of 15000+600000
 628883 words of font info for 94 fonts, out of 8000000 for 9000
 59 hyphenation exceptions out of 8191
 95i,21n,117p,1616b,1043s stack positions out of 10000i,1000n,20000p,200000b,200000s
</usr/share/texlive/texmf-dist/fonts/type1/public/amsfonts/cm/cmbx10.pfb></us
r/share/texlive/texmf-dist/fonts/type1/public/amsfonts/cm/cmbx7.pfb></usr/share
/texlive/texmf-dist/fonts/type1/public/amsfonts/cm/cmbx9.pfb></usr/share/texliv
e/texmf-dist/fonts/type1/public/amsfonts/cm/cmex10.pfb></usr/share/texlive/texm
f-dist/fonts/type1/public/amsfonts/cmextra/cmex7.pfb></usr/share/texlive/texmf-
dist/fonts/type1/public/amsfonts/cmextra/cmex9.pfb></usr/share/texlive/texmf-di
st/fonts/type1/public/amsfonts/cm/cmmi10.pfb></usr/share/texlive/texmf-dist/fon
ts/type1/public/amsfonts/cm/cmmi5.pfb></usr/share/texlive/texmf-dist/fonts/type
1/public/amsfonts/cm/cmmi6.pfb></usr/share/texlive/texmf-dist/fonts/type1/publi
c/amsfonts/cm/cmmi7.pfb></usr/share/texlive/texmf-dist/fonts/type1/public/amsfo
nts/cm/cmmi9.pfb></usr/share/texlive/texmf-dist/fonts/type1/public/amsfonts/cme
xtra/cmmib7.pfb></usr/share/texlive/texmf-dist/fonts/type1/public/amsfonts/cm/c
mr10.pfb></usr/share/texlive/texmf-dist/fonts/type1/public/amsfonts/cm/cmr5.pfb
></usr/share/texlive/texmf-dist/fonts/type1/public/amsfonts/cm/cmr6.pfb></usr/s
hare/texlive/texmf-dist/fonts/type1/public/amsfonts/cm/cmr7.pfb></usr/share/tex
live/texmf-dist/fonts/type1/public/amsfonts/cm/cmr9.pfb></usr/share/texlive/tex
mf-dist/fonts/type1/public/amsfonts/cm/cmss10.pfb></usr/share/texlive/texmf-dis
t/fonts/type1/public/amsfonts/cm/cmss8.pfb></usr/share/texlive/texmf-dist/fonts
/type1/public/amsfonts/cm/cmsy10.pfb></usr/share/texlive/texmf-dist/fonts/type1
/public/amsfonts/cm/cmsy5.pfb></usr/share/texlive/texmf-dist/fonts/type1/public
/amsfonts/cm/cmsy6.pfb></usr/share/texlive/texmf-dist/fonts/type1/public/amsfon
ts/cm/cmsy7.pfb></usr/share/texlive/texmf-dist/fonts/type1/public/amsfonts/cm/c
msy9.pfb></usr/share/texlive/texmf-dist/fonts/type1/public/amsfonts/symbols/msb
m10.pfb></usr/share/texlive/texmf-dist/fonts/type1/public/amsfonts/symbols/msbm
7.pfb></usr/share/texlive/texmf-dist/fonts/type1/urw/courier/ucrr8a.pfb></usr/s
hare/texlive/texmf-dist/fonts/type1/public/newtx/ztmb.pfb></usr/share/texlive/t
exmf-dist/fonts/type1/public/newtx/ztmbi.pfb></usr/share/texlive/texmf-dist/fon
ts/type1/public/newtx/ztmr.pfb></usr/share/texlive/texmf-dist/fonts/type1/publi
c/newtx/ztmri.pfb>
Output written on 0_main_AAAI.pdf (40 pages, 17613493 bytes).
PDF statistics:
 1181 PDF objects out of 1200 (max. 8388607)
 397 compressed objects within 4 object streams
 0 named destinations out of 1000 (max. 500000)
 243 words of extra memory for PDF output out of 10000 (max. 10000000)

