\BOOKMARK [1][-]{section*.1}{\376\377\000M\000a\000i\000n\000-\000P\000a\000p\000e\000r\000\040\000F\000i\000g\000u\000r\000e\000s\000\040\000a\000n\000d\000\040\000T\000a\000b\000l\000e\000s\000,\000\040\000E\000n\000l\000a\000r\000g\000e\000d}{}% 1
\BOOKMARK [1][-]{section*.10}{\376\377\000L\000i\000m\000i\000t\000a\000t\000i\000o\000n\000s}{}% 2
\BOOKMARK [1][-]{section*.18}{\376\377\000D\000E\000N\000S\000E\000W\000O\000R\000L\000D\000\040\000C\000o\000n\000s\000t\000r\000u\000c\000t\000i\000o\000n\000,\000\040\000S\000p\000l\000i\000t\000s\000,\000\040\000a\000n\000d\000\040\000R\000e\000s\000p\000o\000n\000s\000i\000b\000l\000e\000\040\000U\000s\000e}{}% 3
\BOOKMARK [2][-]{section*.19}{\376\377\000A\000c\000q\000u\000i\000s\000i\000t\000i\000o\000n\000\040\000P\000r\000o\000t\000o\000c\000o\000l\000\040\000a\000n\000d\000\040\000C\000a\000p\000t\000u\000r\000e\000\040\000M\000o\000d\000e\000s}{section*.18}% 4
\BOOKMARK [2][-]{section*.20}{\376\377\000S\000o\000u\000r\000c\000e\000\040\000P\000r\000o\000c\000e\000s\000s\000i\000n\000g\000,\000\040\000C\000l\000i\000p\000\040\000C\000o\000n\000s\000t\000r\000u\000c\000t\000i\000o\000n\000,\000\040\000a\000n\000d\000\040\000P\000r\000o\000v\000e\000n\000a\000n\000c\000e}{section*.18}% 5
\BOOKMARK [2][-]{section*.21}{\376\377\000P\000a\000r\000t\000i\000t\000i\000o\000n\000i\000n\000g\000\040\000a\000n\000d\000\040\000D\000I\000N\000O\000v\0002\000\040\000T\000a\000r\000g\000e\000t\000\040\000P\000r\000o\000v\000e\000n\000a\000n\000c\000e}{section*.18}% 6
\BOOKMARK [2][-]{section*.23}{\376\377\000C\000o\000r\000p\000u\000s\000\040\000C\000o\000m\000p\000o\000s\000i\000t\000i\000o\000n\000\040\000a\000n\000d\000\040\000C\000o\000v\000e\000r\000a\000g\000e}{section*.18}% 7
\BOOKMARK [2][-]{section*.28}{\376\377\000P\000r\000i\000v\000a\000c\000y\000\040\000P\000r\000o\000c\000e\000s\000s\000i\000n\000g\000,\000\040\000R\000e\000s\000p\000o\000n\000s\000i\000b\000l\000e\000\040\000U\000s\000e\000,\000\040\000a\000n\000d\000\040\000R\000e\000s\000e\000a\000r\000c\000h\000\040\000A\000r\000t\000i\000f\000a\000c\000t\000s}{section*.18}% 8
\BOOKMARK [1][-]{section*.31}{\376\377\000F\000i\000v\000e\000-\000A\000x\000i\000s\000\040\000V\000a\000l\000i\000d\000a\000t\000i\000o\000n\000\040\000o\000f\000\040\000t\000h\000e\000\040\000D\000E\000N\000S\000E\000W\000O\000R\000L\000D\000\040\000R\000e\000g\000i\000m\000e}{}% 9
\BOOKMARK [2][-]{section*.32}{\376\377\000S\000h\000a\000r\000e\000d\000\040\000M\000e\000a\000s\000u\000r\000e\000m\000e\000n\000t\000\040\000P\000r\000o\000t\000o\000c\000o\000l\000\040\000a\000n\000d\000\040\000A\000u\000t\000o\000m\000a\000t\000e\000d\000\040\000T\000a\000x\000o\000n\000o\000m\000y}{section*.31}% 10
\BOOKMARK [2][-]{section*.33}{\376\377\000D\000e\000f\000i\000n\000i\000t\000i\000o\000n\000\040\000o\000f\000\040\000t\000h\000e\000\040\000F\000i\000v\000e\000\040\000R\000e\000g\000i\000m\000e\000\040\000A\000x\000e\000s}{section*.31}% 11
\BOOKMARK [2][-]{section*.35}{\376\377\000M\000a\000t\000c\000h\000e\000d\000\040\000C\000r\000o\000s\000s\000-\000D\000a\000t\000a\000s\000e\000t\000\040\000C\000o\000m\000p\000a\000r\000i\000s\000o\000n}{section*.31}% 12
\BOOKMARK [2][-]{section*.36}{\376\377\000C\000o\000m\000p\000a\000r\000a\000t\000i\000v\000e\000\040\000R\000e\000s\000u\000l\000t\000s\000,\000\040\000U\000n\000c\000e\000r\000t\000a\000i\000n\000t\000y\000,\000\040\000a\000n\000d\000\040\000S\000e\000n\000s\000i\000t\000i\000v\000i\000t\000y}{section*.31}% 13
\BOOKMARK [1][-]{section*.37}{\376\377\000S\000e\000g\000m\000e\000n\000t\000a\000t\000i\000o\000n\000s\000,\000\040\000a\000n\000d\000\040\000T\000r\000a\000i\000n\000i\000n\000g}{}% 14
\BOOKMARK [2][-]{section*.38}{\376\377\000F\000r\000o\000z\000e\000n\000\040\000T\000e\000a\000c\000h\000e\000r\000\040\000a\000n\000d\000\040\000F\000a\000c\000t\000o\000r\000-\000T\000a\000r\000g\000e\000t\000\040\000C\000o\000n\000s\000t\000r\000u\000c\000t\000i\000o\000n}{section*.37}% 15
\BOOKMARK [2][-]{section*.46}{\376\377\000F\000a\000c\000t\000o\000r\000J\000E\000P\000A\000\040\000A\000r\000c\000h\000i\000t\000e\000c\000t\000u\000r\000e\000\040\000a\000n\000d\000\040\000P\000r\000e\000d\000i\000c\000t\000i\000o\000n\000\040\000P\000r\000o\000t\000o\000c\000o\000l}{section*.37}% 16
\BOOKMARK [2][-]{section*.52}{\376\377\000O\000p\000t\000i\000m\000i\000z\000a\000t\000i\000o\000n\000,\000\040\000M\000o\000d\000e\000l\000\040\000S\000e\000l\000e\000c\000t\000i\000o\000n\000,\000\040\000a\000n\000d\000\040\000E\000x\000e\000c\000u\000t\000e\000d\000\040\000A\000l\000g\000o\000r\000i\000t\000h\000m}{section*.37}% 17
\BOOKMARK [2][-]{section*.53}{\376\377\000B\000a\000s\000e\000l\000i\000n\000e\000\040\000M\000a\000t\000c\000h\000i\000n\000g\000\040\000a\000n\000d\000\040\000A\000t\000t\000r\000i\000b\000u\000t\000i\000o\000n\000\040\000C\000o\000n\000t\000r\000o\000l\000s}{section*.37}% 18
\BOOKMARK [1][-]{section*.54}{\376\377\000A\000t\000t\000r\000i\000b\000u\000t\000i\000o\000n\000\040\000a\000n\000d\000\040\000E\000x\000e\000c\000u\000t\000e\000d\000\040\000C\000o\000m\000p\000o\000n\000e\000n\000t\000\040\000A\000b\000l\000a\000t\000i\000o\000n\000s}{}% 19
\BOOKMARK [2][-]{section*.55}{\376\377\000E\000x\000e\000c\000u\000t\000e\000d\000\040\000C\000o\000m\000p\000a\000r\000i\000s\000o\000n\000\040\000C\000o\000n\000t\000r\000a\000c\000t}{section*.54}% 20
\BOOKMARK [2][-]{section*.57}{\376\377\000F\000a\000c\000t\000o\000r\000i\000z\000e\000d\000\040\000S\000t\000r\000u\000c\000t\000u\000r\000a\000l\000\040\000P\000a\000c\000k\000a\000g\000e\000\040\000a\000n\000d\000\040\000S\000t\000r\000u\000c\000t\000u\000r\000e\000d\000\040\000T\000a\000r\000g\000e\000t\000s}{section*.54}% 21
\BOOKMARK [2][-]{section*.59}{\376\377\000F\000a\000c\000t\000o\000r\000-\000O\000b\000j\000e\000c\000t\000i\000v\000e\000\040\000a\000n\000d\000\040\000I\000n\000t\000e\000r\000v\000e\000n\000t\000i\000o\000n\000\040\000V\000a\000r\000i\000a\000n\000t\000s}{section*.54}% 22
\BOOKMARK [2][-]{section*.60}{\376\377\000E\000n\000c\000o\000d\000e\000r\000-\000A\000d\000a\000p\000t\000a\000t\000i\000o\000n\000\040\000a\000n\000d\000\040\000R\000e\000s\000o\000u\000r\000c\000e\000\040\000S\000e\000n\000s\000i\000t\000i\000v\000i\000t\000y}{section*.54}% 23
\BOOKMARK [2][-]{section*.61}{\376\377\000C\000o\000n\000s\000o\000l\000i\000d\000a\000t\000e\000d\000\040\000A\000t\000t\000r\000i\000b\000u\000t\000i\000o\000n}{section*.54}% 24
\BOOKMARK [1][-]{section*.62}{\376\377\000M\000e\000t\000r\000i\000c\000\040\000D\000e\000f\000i\000n\000i\000t\000i\000o\000n\000s\000,\000\040\000C\000l\000u\000s\000t\000e\000r\000e\000d\000\040\000I\000n\000f\000e\000r\000e\000n\000c\000e\000,\000\040\000a\000n\000d\000\040\000R\000o\000b\000u\000s\000t\000n\000e\000s\000s}{}% 25
\BOOKMARK [2][-]{section*.63}{\376\377\000E\000v\000a\000l\000u\000a\000t\000i\000o\000n\000\040\000C\000o\000n\000t\000r\000a\000c\000t\000\040\000a\000n\000d\000\040\000M\000e\000t\000r\000i\000c\000\040\000R\000e\000g\000i\000s\000t\000r\000y}{section*.62}% 26
\BOOKMARK [2][-]{section*.65}{\376\377\000P\000r\000i\000m\000a\000r\000y\000\040\000P\000r\000e\000d\000i\000c\000t\000i\000v\000e\000\040\000D\000i\000a\000g\000n\000o\000s\000t\000i\000c\000s}{section*.62}% 27
\BOOKMARK [2][-]{section*.70}{\376\377\000S\000e\000c\000o\000n\000d\000a\000r\000y\000\040\000S\000e\000m\000a\000n\000t\000i\000c\000\040\000a\000n\000d\000\040\000T\000e\000m\000p\000o\000r\000a\000l\000\040\000D\000i\000a\000g\000n\000o\000s\000t\000i\000c\000s}{section*.62}% 28
\BOOKMARK [2][-]{section*.75}{\376\377\000P\000a\000i\000r\000e\000d\000\040\000C\000l\000u\000s\000t\000e\000r\000e\000d\000\040\000I\000n\000f\000e\000r\000e\000n\000c\000e\000\040\000a\000n\000d\000\040\000M\000u\000l\000t\000i\000p\000l\000i\000c\000i\000t\000y}{section*.62}% 29
\BOOKMARK [2][-]{section*.81}{\376\377\000M\000e\000t\000r\000i\000c\000\040\000S\000e\000n\000s\000i\000t\000i\000v\000i\000t\000y\000\040\000a\000n\000d\000\040\000C\000o\000m\000p\000l\000e\000t\000e\000\040\000N\000u\000m\000e\000r\000i\000c\000a\000l\000\040\000R\000e\000s\000u\000l\000t\000s}{section*.62}% 30
\BOOKMARK [1][-]{section*.86}{\376\377\000L\000a\000t\000e\000n\000t\000-\000t\000o\000-\000R\000G\000B\000\040\000D\000e\000c\000o\000d\000i\000n\000g\000\040\000a\000n\000d\000\040\000Q\000u\000a\000l\000i\000t\000a\000t\000i\000v\000e\000\040\000A\000n\000a\000l\000y\000s\000i\000s}{}% 31
\BOOKMARK [2][-]{section*.87}{\376\377\000D\000e\000c\000o\000d\000e\000r\000\040\000A\000r\000c\000h\000i\000t\000e\000c\000t\000u\000r\000e\000\040\000a\000n\000d\000\040\000L\000a\000t\000e\000n\000t\000\040\000T\000r\000a\000n\000s\000p\000o\000r\000t}{section*.86}% 32
\BOOKMARK [2][-]{section*.89}{\376\377\000D\000e\000c\000o\000d\000e\000r\000\040\000T\000r\000a\000i\000n\000i\000n\000g\000\040\000a\000n\000d\000\040\000C\000o\000m\000p\000a\000r\000i\000s\000o\000n\000\040\000N\000e\000u\000t\000r\000a\000l\000i\000t\000y}{section*.86}% 33
\BOOKMARK [2][-]{section*.90}{\376\377\000O\000r\000a\000c\000l\000e\000\040\000R\000e\000c\000o\000n\000s\000t\000r\000u\000c\000t\000i\000o\000n\000\040\000a\000n\000d\000\040\000F\000o\000r\000e\000c\000a\000s\000t\000-\000G\000a\000p\000\040\000D\000e\000c\000o\000m\000p\000o\000s\000i\000t\000i\000o\000n}{section*.86}% 34
\BOOKMARK [2][-]{section*.93}{\376\377\000Q\000u\000a\000n\000t\000i\000t\000a\000t\000i\000v\000e\000\040\000D\000e\000c\000o\000d\000e\000d\000-\000O\000u\000t\000p\000u\000t\000\040\000E\000v\000a\000l\000u\000a\000t\000i\000o\000n}{section*.86}% 35
\BOOKMARK [2][-]{section*.94}{\376\377\000Q\000u\000a\000l\000i\000t\000a\000t\000i\000v\000e\000\040\000C\000o\000m\000p\000a\000r\000i\000s\000o\000n\000s\000\040\000a\000n\000d\000\040\000F\000a\000i\000l\000u\000r\000e\000\040\000A\000n\000a\000l\000y\000s\000i\000s}{section*.86}% 36
